Component: ARM Compiler 5.05 update 1 (build 106) Tool: armlink [4d0efa]

==============================================================================

Section Cross References

    main.o(.text) refers to gpio_ctl.o(.text) for LED_VFL_RED_CTL
    main.o(.text) refers to timer.o(.text) for Timer_start
    main.o(.text) refers to adc.o(.text) for Get_batt_voltage
    main.o(.text) refers to fmul.o(.text) for __aeabi_fmul
    main.o(.text) refers to ffixui.o(.text) for __aeabi_f2uiz
    main.o(.text) refers to stm32f10x_gpio.o(.text) for GPIO_ReadInputDataBit
    main.o(.text) refers to f2d.o(.text) for __aeabi_f2d
    main.o(.text) refers to cdrcmple.o(.text) for __aeabi_cdrcmple
    main.o(.text) refers to cfrcmple.o(.text) for __aeabi_cfrcmple
    main.o(.text) refers to cfcmple.o(.text) for __aeabi_cfcmple
    main.o(.text) refers to delay.o(.text) for delay_ms
    main.o(.text) refers to cdcmple.o(.text) for __aeabi_cdcmple
    main.o(.text) refers to dadd.o(.text) for __aeabi_dsub
    main.o(.text) refers to d2f.o(.text) for __aeabi_d2f
    main.o(.text) refers to dmul.o(.text) for __aeabi_dmul
    main.o(.text) refers to fadd.o(.text) for __aeabi_fadd
    main.o(.text) refers to main.o(.data) for g_r_power_flag
    main.o(.text) refers to key.o(.data) for g_r_long_Key_time
    main.o(.text) refers to myuart.o(.text) for USART3_OFF
    main.o(.text) refers to dac.o(.text) for USART4_OFF
    main.o(.text) refers to stm32f10x_dac.o(.text) for DAC_SetChannel1Data
    main.o(.text) refers to system_stm32f10x.o(.text) for SystemInit
    main.o(.text) refers to iic_bus.o(.text) for IIC_BUS_GPIO_Config
    main.o(.text) refers to key.o(.text) for KEY_EXTI_Config
    main.o(.text) refers to rtc.o(.text) for RTC_EXTI_Config
    main.o(.text) refers to opm.o(.text) for OPM_SET_FUNCTION
    main.o(.text) refers to rtc.o(.data) for TimeDisplay
    main.o(.text) refers to myuart.o(.data) for g_r_CT_command
    main.o(.text) refers to opm.o(.data) for g_r_opm_set_flag
    main.o(.text) refers to dac.o(.data) for g_r_uart4_rx_end
    myuart.o(.text) refers to misc.o(.text) for NVIC_PriorityGroupConfig
    myuart.o(.text) refers to stm32f10x_rcc.o(.text) for RCC_APB2PeriphClockCmd
    myuart.o(.text) refers to stm32f10x_gpio.o(.text) for GPIO_Init
    myuart.o(.text) refers to stm32f10x_usart.o(.text) for USART_Init
    myuart.o(.text) refers to cfcmple.o(.text) for __aeabi_cfcmple
    myuart.o(.text) refers to fmul.o(.text) for __aeabi_fmul
    myuart.o(.text) refers to f2d.o(.text) for __aeabi_f2d
    myuart.o(.text) refers to d2f.o(.text) for __aeabi_d2f
    myuart.o(.text) refers to ffixui.o(.text) for __aeabi_f2uiz
    myuart.o(.text) refers to myuart.o(.data) for uart1_rx_buff
    myuart.o(.text) refers to myuart.o(.bss) for Uart1_rxd_buff
    myuart.o(.text) refers to dac.o(.data) for g_r_uart4_rx_end
    myuart.o(.text) refers to printf3.o(i.__0printf$3) for __2printf
    myuart.o(.text) refers to gpio_ctl.o(.text) for OPM_VCC_CTL
    myuart.o(.text) refers to iic_bus.o(.text) for save_cal_constant
    myuart.o(.text) refers to delay.o(.text) for delay_ms
    myuart.o(.text) refers to ffltui.o(.text) for __aeabi_ui2f
    myuart.o(.text) refers to fdiv.o(.text) for __aeabi_fdiv
    myuart.o(.text) refers to dac.o(.bss) for UART4_COM_RX_BUFF
    myuart.o(.text) refers to opm.o(.data) for g_r_opm_set_flag
    myuart.o(.text) refers to fadd.o(.text) for __aeabi_frsub
    myuart.o(.text) refers to pow.o(i.pow) for pow
    myuart.o(.text) refers to opm.o(.text) for OPM_TEST
    myuart.o(.text) refers to opm.o(.bss) for g_r_POWER_METER_TX_BUFF
    myuart.o(.text) refers to main.o(.data) for g_r_A8_BOOT_Loading_flag
    myuart.o(.text) refers to timer.o(.text) for Timer_start
    myuart.o(.text) refers to dac.o(.text) for Laser_souce_lamda_set
    delay.o(.text) refers to misc.o(.text) for SysTick_CLKSourceConfig
    delay.o(.text) refers to delay.o(.data) for fac_us
    adc.o(.text) refers to stm32f10x_rcc.o(.text) for RCC_APB2PeriphClockCmd
    adc.o(.text) refers to stm32f10x_gpio.o(.text) for GPIO_Init
    adc.o(.text) refers to stm32f10x_dma.o(.text) for DMA_Init
    adc.o(.text) refers to stm32f10x_adc.o(.text) for ADC_DeInit
    adc.o(.text) refers to ffltui.o(.text) for __aeabi_ui2f
    adc.o(.text) refers to f2d.o(.text) for __aeabi_f2d
    adc.o(.text) refers to dmul.o(.text) for __aeabi_dmul
    adc.o(.text) refers to ddiv.o(.text) for __aeabi_ddiv
    adc.o(.text) refers to d2f.o(.text) for __aeabi_d2f
    adc.o(.text) refers to adc.o(.bss) for DMA_InitStructure
    adc.o(.text) refers to adc.o(.data) for ADCConvertedValue
    key.o(.text) refers to misc.o(.text) for NVIC_PriorityGroupConfig
    key.o(.text) refers to stm32f10x_rcc.o(.text) for RCC_APB2PeriphClockCmd
    key.o(.text) refers to stm32f10x_gpio.o(.text) for GPIO_Init
    key.o(.text) refers to stm32f10x_exti.o(.text) for EXTI_Init
    key.o(.text) refers to delay.o(.text) for delay_ms
[...]
    i.__0printf$3                            0x08008c84   Section        0  printf3.o(i.__0printf$3)
    i.__ARM_fpclassify                       0x08008ca4   Section        0  fpclassify.o(i.__ARM_fpclassify)
    i.__kernel_poly                          0x08008ccc   Section        0  poly.o(i.__kernel_poly)
    i.__mathlib_dbl_divzero                  0x08008d78   Section        0  dunder.o(i.__mathlib_dbl_divzero)
    i.__mathlib_dbl_infnan                   0x08008d88   Section        0  dunder.o(i.__mathlib_dbl_infnan)
    i.__mathlib_dbl_infnan2                  0x08008d8e   Section        0  dunder.o(i.__mathlib_dbl_infnan2)
    i.__mathlib_dbl_invalid                  0x08008d92   Section        0  dunder.o(i.__mathlib_dbl_invalid)
    i.__mathlib_dbl_overflow                 0x08008d9e   Section        0  dunder.o(i.__mathlib_dbl_overflow)
    i.__mathlib_dbl_underflow                0x08008dac   Section        0  dunder.o(i.__mathlib_dbl_underflow)
    i.__scatterload_copy                     0x08008dbc   Section       14  handlers.o(i.__scatterload_copy)
    i.__scatterload_null                     0x08008dca   Section        2  handlers.o(i.__scatterload_null)
    i.__scatterload_zeroinit                 0x08008dcc   Section       14  handlers.o(i.__scatterload_zeroinit)
    i.__set_errno                            0x08008ddc   Section        0  errno.o(i.__set_errno)
    i._printf_core                           0x08008de8   Section        0  printf3.o(i._printf_core)
    _printf_core                             0x08008de9   Thumb Code   436  printf3.o(i._printf_core)
    i.log                                    0x08008fa0   Section        0  log.o(i.log)
    i.log10                                  0x080092fc   Section        0  log10.o(i.log10)
    i.pow                                    0x080093e0   Section        0  pow.o(i.pow)
    i.sqrt                                   0x08009d98   Section        0  sqrt.o(i.sqrt)
    .constdata                               0x08009de4   Section      156  iic_bus.o(.constdata)
    .constdata                               0x08009e80   Section       48  rtc.o(.constdata)
    .constdata                               0x08009eb0   Section      136  pow.o(.constdata)
    bp                                       0x08009eb0   Data          16  pow.o(.constdata)
    dp_h                                     0x08009ec0   Data          16  pow.o(.constdata)
    dp_l                                     0x08009ed0   Data          16  pow.o(.constdata)
    L                                        0x08009ee0   Data          48  pow.o(.constdata)
    P                                        0x08009f10   Data          40  pow.o(.constdata)
    .constdata                               0x08009f38   Section       56  log.o(.constdata)
    Lg2                                      0x08009f38   Data          24  log.o(.constdata)
    Lg                                       0x08009f50   Data          32  log.o(.constdata)
    .constdata                               0x08009f70   Section        8  qnan.o(.constdata)
    .conststring                             0x08009f78   Section        8  rtc.o(.conststring)
    .data                                    0x20000000   Section      105  main.o(.data)
    .data                                    0x20000069   Section       16  myuart.o(.data)
    .data                                    0x2000007a   Section        4  delay.o(.data)
    fac_us                                   0x2000007a   Data           1  delay.o(.data)
    fac_ms                                   0x2000007c   Data           2  delay.o(.data)
    .data                                    0x2000007e   Section        2  adc.o(.data)
    .data                                    0x20000080   Section        2  key.o(.data)
    .data                                    0x20000082   Section        4  dac.o(.data)
    .data                                    0x20000086   Section       65  iic_bus.o(.data)
    .data                                    0x200000c7   Section        2  timer.o(.data)
    .data                                    0x200000cc   Section       56  rtc.o(.data)
    month_days                               0x200000d4   Data          48  rtc.o(.data)
    .data                                    0x20000104   Section      209  opm.o(.data)
    .data                                    0x200001d8   Section       20  system_stm32f10x.o(.data)
    .data                                    0x200001ec   Section       20  stm32f10x_rcc.o(.data)
    APBAHBPrescTable                         0x200001ec   Data          16  stm32f10x_rcc.o(.data)
    ADCPrescTable                            0x200001fc   Data           4  stm32f10x_rcc.o(.data)
    .data                                    0x20000200   Section        4  stdout.o(.data)
    .data                                    0x20000204   Section        4  errno.o(.data)
    _errno                                   0x20000204   Data           4  errno.o(.data)
    .bss                                     0x20000208   Section      170  myuart.o(.bss)
    .bss                                     0x200002b4   Section      124  adc.o(.bss)
    .bss                                     0x20000330   Section       40  dac.o(.bss)
    .bss                                     0x20000358   Section       10  iic_bus.o(.bss)
    .bss                                     0x20000364   Section       44  rtc.o(.bss)
    .bss                                     0x20000390   Section      752  opm.o(.bss)
    STACK                                    0x20000680   Section     1024  startup_stm32f10x_hd.o(STACK)

    Global Symbols

    Symbol Name                              Value     Ov Type        Size  Object(Section)

    BuildAttributes$$THM_ISAv4$P$D$K$B$S$PE$A:L22UL41UL21$X:L11$S22US41US21$IEEE1$IW$USESV6$~STKCKD$USESV7$~SHL$OTIME$ROPI$IEEEX$EBA8$MICROLIB$REQ8$PRES8$EABIv2 0x00000000   Number         0  anon$$obj.o ABSOLUTE
    __ARM_use_no_argv                        0x00000000   Number         0  main.o ABSOLUTE
    _printf_a                                0x00000000   Number         0  stubs.o ABSOLUTE
    _printf_c                                0x00000000   Number         0  stubs.o ABSOLUTE
    _printf_charcount                        0x00000000   Number         0  stubs.o ABSOLUTE
    _printf_d                                0x00000000   Number         0  stubs.o ABSOLUTE
    _printf_e                                0x00000000   Number         0  stubs.o ABSOLUTE
    _printf_f                                0x00000000   Number         0  stubs.o ABSOLUTE
    _printf_flags                            0x00000000   Number         0  stubs.o ABSOLUTE
    _printf_fp_dec                           0x00000000   Number         0  stubs.o ABSOLUTE
    _printf_fp_hex                           0x00000000   Number         0  stubs.o ABSOLUTE
    _printf_g                                0x00000000   Number         0  stubs.o ABSOLUTE
    _printf_i                                0x00000000   Number         0  stubs.o ABSOLUTE
    _printf_int_dec                          0x00000000   Number         0  stubs.o ABSOLUTE
    _printf_l                                0x00000000   Number         0  stubs.o ABSOLUTE
    _printf_lc                               0x00000000   Number         0  stubs.o ABSOLUTE
    _printf_ll                               0x00000000   Number         0  stubs.o ABSOLUTE
    _printf_lld                              0x00000000   Number         0  stubs.o ABSOLUTE
    _printf_lli                              0x00000000   Number         0  stubs.o ABSOLUTE
    _printf_llo                              0x00000000   Number         0  stubs.o ABSOLUTE
    _printf_llu                              0x00000000   Number         0  stubs.o ABSOLUTE
    _printf_llx                              0x00000000   Number         0  stubs.o ABSOLUTE
    _printf_longlong_dec                     0x00000000   Number         0  stubs.o ABSOLUTE
    _printf_longlong_hex                     0x00000000   Number         0  stubs.o ABSOLUTE
    _printf_longlong_oct                     0x00000000   Number         0  stubs.o ABSOLUTE
    _printf_ls                               0x00000000   Number         0  stubs.o ABSOLUTE
    _printf_mbtowc                           0x00000000   Number         0  stubs.o ABSOLUTE
    _printf_n                                0x00000000   Number         0  stubs.o ABSOLUTE
    _printf_o                                0x00000000   Number         0  stubs.o ABSOLUTE
    _printf_p                                0x00000000   Number         0  stubs.o ABSOLUTE
    _printf_percent                          0x00000000   Number         0  stubs.o ABSOLUTE
    _printf_pre_padding                      0x00000000   Number         0  stubs.o ABSOLUTE
    _printf_return_value                     0x00000000   Number         0  stubs.o ABSOLUTE
    _printf_s                                0x00000000   Number         0  stubs.o ABSOLUTE
    _printf_sizespec                         0x00000000   Number         0  stubs.o ABSOLUTE
    _printf_str                              0x00000000   Number         0  stubs.o ABSOLUTE
    _printf_truncate_signed                  0x00000000   Number         0  stubs.o ABSOLUTE
    _printf_truncate_unsigned                0x00000000   Number         0  stubs.o ABSOLUTE
    _printf_u                                0x00000000   Number         0  stubs.o ABSOLUTE
    _printf_wc                               0x00000000   Number         0  stubs.o ABSOLUTE
    _printf_wctomb                           0x00000000   Number         0  stubs.o ABSOLUTE
    _printf_widthprec                        0x00000000   Number         0  stubs.o ABSOLUTE
    _printf_x                                0x00000000   Number         0  stubs.o ABSOLUTE
    __cpp_initialize__aeabi_                  - Undefined Weak Reference
    __cxa_finalize                            - Undefined Weak Reference
    _clock_init                               - Undefined Weak Reference
    _microlib_exit                            - Undefined Weak Reference
    __Vectors_Size                           0x00000130   Number         0  startup_stm32f10x_hd.o ABSOLUTE
    __Vectors                                0x08000000   Data           4  startup_stm32f10x_hd.o(RESET)
    __Vectors_End                            0x08000130   Data           0  startup_stm32f10x_hd.o(RESET)
    __main                                   0x08000131   Thumb Code     0  entry.o(.ARM.Collect$$$$00000000)
    _main_stk                                0x08000131   Thumb Code     0  entry2.o(.ARM.Collect$$$$00000001)
    _main_scatterload                        0x08000135   Thumb Code     0  entry5.o(.ARM.Collect$$$$00000004)
    __main_after_scatterload                 0x08000139   Thumb Code     0  entry5.o(.ARM.Collect$$$$00000004)
    _main_clock                              0x08000139   Thumb Code     0  entry7b.o(.ARM.Collect$$$$00000008)
    _main_cpp_init                           0x08000139   Thumb Code     0  entry8b.o(.ARM.Collect$$$$0000000A)
    _main_init                               0x08000139   Thumb Code     0  entry9a.o(.ARM.Collect$$$$0000000B)
    __rt_final_cpp                           0x08000141   Thumb Code     0  entry10a.o(.ARM.Collect$$$$0000000D)
    __rt_final_exit                          0x08000141   Thumb Code     0  entry11a.o(.ARM.Collect$$$$0000000F)
    DD_delay_ms                              0x08000145   Thumb Code    12  main.o(.text)
    VFL_KEY_FUNNCTION                        0x08000151   Thumb Code   142  main.o(.text)
    Second_function                          0x080001df   Thumb Code  1052  main.o(.text)
    POWER_OFF_CTL_FUNCTION                   0x080005fb   Thumb Code    74  main.o(.text)
    POWER_ON_CTL_FUNCTION                    0x08000645   Thumb Code    76  main.o(.text)
    main                                     0x08000691   Thumb Code  1092  main.o(.text)
    LD_FUNCTION                              0x08000ad5   Thumb Code    92  main.o(.text)
    URAT1_NVIC_Configuration                 0x08000b71   Thumb Code    38  myuart.o(.text)
    USART1_Config                            0x08000b97   Thumb Code   138  myuart.o(.text)
    fputc                                    0x08000c21   Thumb Code    46  myuart.o(.text)
    fgetc                                    0x08000c4f   Thumb Code    26  myuart.o(.text)
    UARTx_Send_Str                           0x08000c69   Thumb Code    58  myuart.o(.text)
    UARTx_Send_Float_5Char                   0x08000ca3   Thumb Code   264  myuart.o(.text)
    UARTx_Send_Int_4Char                     0x08000dab   Thumb Code   172  myuart.o(.text)
    UARTx_Send_Data                          0x08000e57   Thumb Code    64  myuart.o(.text)
    USART1_IRQHandler                        0x08000e97   Thumb Code   338  myuart.o(.text)
    CT_ACK_OK                                0x08000fe9   Thumb Code    10  myuart.o(.text)
    CT_ACK_ERRO                              0x08000ff3   Thumb Code    10  myuart.o(.text)
    CT_ACK_OK_COM3                           0x08000ffd   Thumb Code   158  myuart.o(.text)
    CT_ACK_ERRO_COM3                         0x0800109b   Thumb Code   202  myuart.o(.text)
    COM1_FUNCTION                            0x08001165   Thumb Code  1336  myuart.o(.text)
    USART2_Config                            0x0800169d   Thumb Code   128  myuart.o(.text)
    URAT2_NVIC_Configuration                 0x0800171d   Thumb Code    42  myuart.o(.text)
    USART2_IRQHandler                        0x08001747   Thumb Code    38  myuart.o(.text)
    USART3_OFF                               0x0800176d   Thumb Code    60  myuart.o(.text)
    URAT3_NVIC_Configuration                 0x080017a9   Thumb Code    42  myuart.o(.text)
    USART3_Config                            0x080017d3   Thumb Code   144  myuart.o(.text)
    USART3_IRQHandler                        0x08001863   Thumb Code   212  myuart.o(.text)
    ACK_COMMAND                              0x08001937   Thumb Code   192  myuart.o(.text)
    SEND_Opction                             0x080019f7   Thumb Code   148  myuart.o(.text)
    OPCTION_VCC_SW_SET                       0x08001a8b   Thumb Code    38  myuart.o(.text)
    COM3_RXD_FUNCTION                        0x08001ab1   Thumb Code  3230  myuart.o(.text)
    Burst_information                        0x0800274f   Thumb Code   422  myuart.o(.text)
    UART3_TXD_BUFF                           0x080028f5   Thumb Code    86  myuart.o(.text)
    UART3_TXD_Burst_information              0x0800294b   Thumb Code    86  myuart.o(.text)
    delay_init                               0x080029e9   Thumb Code    52  delay.o(.text)
    delay_ms                                 0x08002a1d   Thumb Code    56  delay.o(.text)
    delay_us                                 0x08002a55   Thumb Code    56  delay.o(.text)
    delay_NS_T                               0x08002a8d   Thumb Code    22  delay.o(.text)
    ADC_GPIO_Config                          0x08002aad   Thumb Code    72  adc.o(.text)
    ADC_Init_DMA                             0x08002af5   Thumb Code   240  adc.o(.text)
    ADC_Test_Init                            0x08002be5   Thumb Code    28  adc.o(.text)
    Voltage_ADC_OPM                          0x08002c01   Thumb Code    24  adc.o(.text)
    Filter                                   0x08002c19   Thumb Code   204  adc.o(.text)
    Get_opm_voltage                          0x08002ce5   Thumb Code   102  adc.o(.text)
    Get_opm_adc_value                        0x08002d4b   Thumb Code    44  adc.o(.text)
    Get_batt_voltage                         0x08002d77   Thumb Code   112  adc.o(.text)
    Get_dc_in_voltage                        0x08002de7   Thumb Code   114  adc.o(.text)
    KEY_NVIC_Configuration                   0x08002e89   Thumb Code    70  key.o(.text)
    KEY_EXTI_Config                          0x08002ecf   Thumb Code   108  key.o(.text)
    EXTI0_IRQHandler                         0x08002f3b   Thumb Code    24  key.o(.text)
    EXTI1_IRQHandler                         0x08002f53   Thumb Code    24  key.o(.text)
    KEY_FUNCTION                             0x08002f6b   Thumb Code   172  key.o(.text)
    USART4_OFF                               0x08003035   Thumb Code    60  dac.o(.text)
    URAT4_NVIC_Configuration                 0x08003071   Thumb Code    42  dac.o(.text)
    USART4_Config                            0x0800309b   Thumb Code   144  dac.o(.text)
    UART4_IRQHandler                         0x0800312b   Thumb Code   118  dac.o(.text)
    REND_erro                                0x080031a1   Thumb Code   138  dac.o(.text)
    REND_OK                                  0x0800322b   Thumb Code    94  dac.o(.text)
    SEND_HW_TO_A8                            0x08003289   Thumb Code   176  dac.o(.text)
    SEND_SN_TO_A8                            0x08003339   Thumb Code   176  dac.o(.text)
    SEND_TEM_TO_A8                           0x080033e9   Thumb Code   214  dac.o(.text)
    SEND_VBR                                 0x080034bf   Thumb Code   210  dac.o(.text)
    COM4_RXD_FUNCTION                        0x08003591   Thumb Code  1460  dac.o(.text)
    Dac1_Init                                0x08003b45   Thumb Code    90  dac.o(.text)
    Dac1_Set_Vol                             0x08003b9f   Thumb Code    80  dac.o(.text)
    Dac2_Init                                0x08003bef   Thumb Code   100  dac.o(.text)
    Dac2_Set_Vol                             0x08003c53   Thumb Code    14  dac.o(.text)
    Apd_voltage_set                          0x08003c61   Thumb Code   216  dac.o(.text)
    Laser_souce_IO_Init                      0x08003d39   Thumb Code   112  dac.o(.text)
    Laser_souce_lamda_set                    0x08003da9   Thumb Code   124  dac.o(.text)
    Laser_souce_Set                          0x08003e25   Thumb Code    94  dac.o(.text)
    IIC_BUS_GPIO_Config                      0x08003e8d   Thumb Code    38  iic_bus.o(.text)
    IIC_SDA_Config                           0x08003eb3   Thumb Code    80  iic_bus.o(.text)
    IIC_START                                0x08003f03   Thumb Code    54  iic_bus.o(.text)
    IIC_STOP                                 0x08003f39   Thumb Code    46  iic_bus.o(.text)
    IIC_ACK                                  0x08003f67   Thumb Code    96  iic_bus.o(.text)
    IIC_TX_DATA                              0x08003fc7   Thumb Code    86  iic_bus.o(.text)
    IIC_RX_DATA                              0x0800401d   Thumb Code    96  iic_bus.o(.text)
    Host_Ack                                 0x0800407d   Thumb Code    54  iic_bus.o(.text)
    READ_BYTE                                0x080040b3   Thumb Code   102  iic_bus.o(.text)
    WRITE_BYTE                               0x08004119   Thumb Code    94  iic_bus.o(.text)
    READ_LONG_DATA                           0x08004177   Thumb Code    50  iic_bus.o(.text)
    Write_Long_data                          0x080041a9   Thumb Code    64  iic_bus.o(.text)
    WriteFloatE2prom                         0x080041e9   Thumb Code    46  iic_bus.o(.text)
    ReadFloatE2prom                          0x08004217   Thumb Code    44  iic_bus.o(.text)
    SendStr                                  0x08004243   Thumb Code    94  iic_bus.o(.text)
    WriteNData                               0x080042a1   Thumb Code   128  iic_bus.o(.text)
    I2cSendStr                               0x08004321   Thumb Code   106  iic_bus.o(.text)
    RcvByte                                  0x0800438b   Thumb Code    14  iic_bus.o(.text)
    I2cRcvStr                                0x08004399   Thumb Code    46  iic_bus.o(.text)
    Write_Float_data                         0x080043c7   Thumb Code    40  iic_bus.o(.text)
    READ_Float_data                          0x080043ef   Thumb Code    64  iic_bus.o(.text)
    Read_cal_power                           0x0800442f   Thumb Code    34  iic_bus.o(.text)
    Read_cal_adc                             0x08004451   Thumb Code    42  iic_bus.o(.text)
    Read_wavelength_coeff                    0x0800447b   Thumb Code    34  iic_bus.o(.text)
    Save_wavelength_coeff                    0x0800449d   Thumb Code    42  iic_bus.o(.text)
    save_cal_constant                        0x080044c7   Thumb Code   104  iic_bus.o(.text)
    reset_cal_constant                       0x0800452f   Thumb Code   178  iic_bus.o(.text)
    Load_set_status                          0x080045e1   Thumb Code   398  iic_bus.o(.text)
    load_cal_constant                        0x0800476f   Thumb Code    16  iic_bus.o(.text)
    Write_set_status                         0x0800477f   Thumb Code   208  iic_bus.o(.text)
    read_rest_flag                           0x0800484f   Thumb Code    40  iic_bus.o(.text)
    Load_SN_status                           0x08004877   Thumb Code    86  iic_bus.o(.text)
    IIC_RX_DATA_W_TMP                        0x080048cd   Thumb Code   280  iic_bus.o(.text)
    WRITE_BYTE_TMP                           0x080049e5   Thumb Code    88  iic_bus.o(.text)
    READ_WORD_TMP                            0x08004a3d   Thumb Code    86  iic_bus.o(.text)
    GET_TMP_PCB_DB                           0x08004a93   Thumb Code   142  iic_bus.o(.text)
    TIM2_NVIC_Configuration                  0x08004b21   Thumb Code    42  timer.o(.text)
    TIM2_Configuration                       0x08004b4b   Thumb Code    88  timer.o(.text)
    Timer_Init                               0x08004ba3   Thumb Code    12  timer.o(.text)
    Timer_start                              0x08004baf   Thumb Code    44  timer.o(.text)
    TIM2_IRQHandler                          0x08004bdb   Thumb Code   106  timer.o(.text)
    GPIO_PORTA_OUT_INIT                      0x08004c51   Thumb Code    40  gpio_ctl.o(.text)
    GPIO_PORTA_IN_INIT                       0x08004c79   Thumb Code    38  gpio_ctl.o(.text)
    GPIO_PORTB_OUT_INIT                      0x08004c9f   Thumb Code    40  gpio_ctl.o(.text)
    GPIO_PORTC_OUT_INIT                      0x08004cc7   Thumb Code    40  gpio_ctl.o(.text)
    GPIO_PORTC_IN_INIT                       0x08004cef   Thumb Code    38  gpio_ctl.o(.text)
    GPIO_PORTD_OUT_INIT                      0x08004d15   Thumb Code    38  gpio_ctl.o(.text)
    GPIO_OUT_INIT                            0x08004d3b   Thumb Code    36  gpio_ctl.o(.text)
    BUZZ_CTL                                 0x08004d5f   Thumb Code    30  gpio_ctl.o(.text)
    BUZZ_CTL_TIME                            0x08004d7d   Thumb Code    32  gpio_ctl.o(.text)
    CPU_POWER_CTL                            0x08004d9d   Thumb Code    26  gpio_ctl.o(.text)
    ALL_POWER_LOCK                           0x08004db7   Thumb Code    26  gpio_ctl.o(.text)
    LCD_BL_CTL                               0x08004dd1   Thumb Code    26  gpio_ctl.o(.text)
    USB_POWER_CTL                            0x08004deb   Thumb Code    26  gpio_ctl.o(.text)
    Loading_CH                               0x08004e05   Thumb Code    26  gpio_ctl.o(.text)
    CHARGE_EANBLE                            0x08004e1f   Thumb Code    30  gpio_ctl.o(.text)
    VFL_CTL                                  0x08004e3d   Thumb Code    26  gpio_ctl.o(.text)
    LED_VFL_RED_CTL                          0x08004e57   Thumb Code    30  gpio_ctl.o(.text)
    LED_VFL_GREED_CTL                        0x08004e75   Thumb Code    30  gpio_ctl.o(.text)
    LED_POWER_RED_CTL                        0x08004e93   Thumb Code    30  gpio_ctl.o(.text)
    LED_POWER_GREED_CTL                      0x08004eb1   Thumb Code    30  gpio_ctl.o(.text)
    OPM_VCC_CTL                              0x08004ecf   Thumb Code    26  gpio_ctl.o(.text)
    LD_POWER_CTL                             0x08004ee9   Thumb Code    30  gpio_ctl.o(.text)
    LD_Channel_CTL                           0x08004f07   Thumb Code    90  gpio_ctl.o(.text)
    BATT_STATUS_IO_INIT                      0x08004f61   Thumb Code    38  gpio_ctl.o(.text)
    BATT_CHARGE_STATUS                       0x08004f87   Thumb Code    34  gpio_ctl.o(.text)
    GregorianDay                             0x08004fb9   Thumb Code   146  rtc.o(.text)
    mktimev                                  0x0800504b   Thumb Code   120  rtc.o(.text)
    to_tm                                    0x080050c3   Thumb Code   194  rtc.o(.text)
    RTC_NVIC_Configuration                   0x08005185   Thumb Code    52  rtc.o(.text)
    RTC_Configuration                        0x080051b9   Thumb Code    84  rtc.o(.text)
    Time_Regulate                            0x0800520d   Thumb Code    56  rtc.o(.text)
    Time_Adjust                              0x08005245   Thumb Code    36  rtc.o(.text)
    Time_Display                             0x08005269   Thumb Code    58  rtc.o(.text)
    Time_Show                                0x080052a3   Thumb Code    28  rtc.o(.text)
    RTC_EXTI_Config                          0x080052bf   Thumb Code    92  rtc.o(.text)
    RTC_IRQHandler                           0x0800531b   Thumb Code    48  rtc.o(.text)
    OPM_Channel_config                       0x080053f1   Thumb Code    50  opm.o(.text)
    OPM_Channel_ch                           0x08005423   Thumb Code   264  opm.o(.text)
    OPM_Discharge_config                     0x0800552b   Thumb Code    46  opm.o(.text)
    OPM_Discharge_CTL_ms                     0x08005559   Thumb Code    28  opm.o(.text)
    OPM_TEST                                 0x08005575   Thumb Code   592  opm.o(.text)
    OPM_SET_FUNCTION                         0x080057c5   Thumb Code   450  opm.o(.text)
    Freaq_NVIC_Configuration                 0x080059a9   Thumb Code    42  freaq.o(.text)
    Freaq_EXTI_Config                        0x080059d3   Thumb Code    76  freaq.o(.text)
    EXTI9_5_IRQHandler                       0x08005a1f   Thumb Code    20  freaq.o(.text)
    TIM3_NVIC_Configuration                  0x08005a33   Thumb Code    42  freaq.o(.text)
    TIM3_Configuration                       0x08005a5d   Thumb Code    88  freaq.o(.text)
    Timer3_Init                              0x08005ab5   Thumb Code    12  freaq.o(.text)
    Timer3_start                             0x08005ac1   Thumb Code    42  freaq.o(.text)
    TIM3_IRQHandler                          0x08005aeb   Thumb Code    22  freaq.o(.text)
    Reset_Handler                            0x08005b09   Thumb Code     8  startup_stm32f10x_hd.o(.text)
    NMI_Handler                              0x08005b11   Thumb Code     2  startup_stm32f10x_hd.o(.text)
    HardFault_Handler                        0x08005b13   Thumb Code     2  startup_stm32f10x_hd.o(.text)
    MemManage_Handler                        0x08005b15   Thumb Code     2  startup_stm32f10x_hd.o(.text)
    BusFault_Handler                         0x08005b17   Thumb Code     2  startup_stm32f10x_hd.o(.text)
    UsageFault_Handler                       0x08005b19   Thumb Code     2  startup_stm32f10x_hd.o(.text)
    SVC_Handler                              0x08005b1b   Thumb Code     2  startup_stm32f10x_hd.o(.text)
    DebugMon_Handler                         0x08005b1d   Thumb Code     2  startup_stm32f10x_hd.o(.text)
    PendSV_Handler                           0x08005b1f   Thumb Code     2  startup_stm32f10x_hd.o(.text)
    SysTick_Handler                          0x08005b21   Thumb Code     2  startup_stm32f10x_hd.o(.text)
    ADC1_2_IRQHandler                        0x08005b23   Thumb Code     0  startup_stm32f10x_hd.o(.text)
    ADC3_IRQHandler                          0x08005b23   Thumb Code     0  startup_stm32f10x_hd.o(.text)
    CAN1_RX1_IRQHandler                      0x08005b23   Thumb Code     0  startup_stm32f10x_hd.o(.text)
    CAN1_SCE_IRQHandler                      0x08005b23   Thumb Code     0  startup_stm32f10x_hd.o(.text)
    DMA1_Channel1_IRQHandler                 0x08005b23   Thumb Code     0  startup_stm32f10x_hd.o(.text)
    DMA1_Channel2_IRQHandler                 0x08005b23   Thumb Code     0  startup_stm32f10x_hd.o(.text)
    DMA1_Channel3_IRQHandler                 0x08005b23   Thumb Code     0  startup_stm32f10x_hd.o(.text)
    DMA1_Channel4_IRQHandler                 0x08005b23   Thumb Code     0  startup_stm32f10x_hd.o(.text)
    DMA1_Channel5_IRQHandler                 0x08005b23   Thumb Code     0  startup_stm32f10x_hd.o(.text)
    DMA1_Channel6_IRQHandler                 0x08005b23   Thumb Code     0  startup_stm32f10x_hd.o(.text)
    DMA1_Channel7_IRQHandler                 0x08005b23   Thumb Code     0  startup_stm32f10x_hd.o(.text)
    DMA2_Channel1_IRQHandler                 0x08005b23   Thumb Code     0  startup_stm32f10x_hd.o(.text)
    DMA2_Channel2_IRQHandler                 0x08005b23   Thumb Code     0  startup_stm32f10x_hd.o(.text)
    DMA2_Channel3_IRQHandler                 0x08005b23   Thumb Code     0  startup_stm32f10x_hd.o(.text)
    DMA2_Channel4_5_IRQHandler               0x08005b23   Thumb Code     0  startup_stm32f10x_hd.o(.text)
    EXTI15_10_IRQHandler                     0x08005b23   Thumb Code     0  startup_stm32f10x_hd.o(.text)
    EXTI2_IRQHandler                         0x08005b23   Thumb Code     0  startup_stm32f10x_hd.o(.text)
    EXTI3_IRQHandler                         0x08005b23   Thumb Code     0  startup_stm32f10x_hd.o(.text)
    EXTI4_IRQHandler                         0x08005b23   Thumb Code     0  startup_stm32f10x_hd.o(.text)
    FLASH_IRQHandler                         0x08005b23   Thumb Code     0  startup_stm32f10x_hd.o(.text)
    FSMC_IRQHandler                          0x08005b23   Thumb Code     0  startup_stm32f10x_hd.o(.text)
    I2C1_ER_IRQHandler                       0x08005b23   Thumb Code     0  startup_stm32f10x_hd.o(.text)
    I2C1_EV_IRQHandler                       0x08005b23   Thumb Code     0  startup_stm32f10x_hd.o(.text)
    I2C2_ER_IRQHandler                       0x08005b23   Thumb Code     0  startup_stm32f10x_hd.o(.text)
    I2C2_EV_IRQHandler                       0x08005b23   Thumb Code     0  startup_stm32f10x_hd.o(.text)
    PVD_IRQHandler                           0x08005b23   Thumb Code     0  startup_stm32f10x_hd.o(.text)
    RCC_IRQHandler                           0x08005b23   Thumb Code     0  startup_stm32f10x_hd.o(.text)
    RTCAlarm_IRQHandler                      0x08005b23   Thumb Code     0  startup_stm32f10x_hd.o(.text)
    SDIO_IRQHandler                          0x08005b23   Thumb Code     0  startup_stm32f10x_hd.o(.text)
    SPI1_IRQHandler                          0x08005b23   Thumb Code     0  startup_stm32f10x_hd.o(.text)
    SPI2_IRQHandler                          0x08005b23   Thumb Code     0  startup_stm32f10x_hd.o(.text)
    SPI3_IRQHandler                          0x08005b23   Thumb Code     0  startup_stm32f10x_hd.o(.text)
    TAMPER_IRQHandler                        0x08005b23   Thumb Code     0  startup_stm32f10x_hd.o(.text)
    TIM1_BRK_IRQHandler                      0x08005b23   Thumb Code     0  startup_stm32f10x_hd.o(.text)
    TIM1_CC_IRQHandler                       0x08005b23   Thumb Code     0  startup_stm32f10x_hd.o(.text)
    TIM1_TRG_COM_IRQHandler                  0x08005b23   Thumb Code     0  startup_stm32f10x_hd.o(.text)
    TIM1_UP_IRQHandler                       0x08005b23   Thumb Code     0  startup_stm32f10x_hd.o(.text)
    TIM4_IRQHandler                          0x08005b23   Thumb Code     0  startup_stm32f10x_hd.o(.text)
    TIM5_IRQHandler                          0x08005b23   Thumb Code     0  startup_stm32f10x_hd.o(.text)
    TIM6_IRQHandler                          0x08005b23   Thumb Code     0  startup_stm32f10x_hd.o(.text)
    TIM7_IRQHandler                          0x08005b23   Thumb Code     0  startup_stm32f10x_hd.o(.text)
    TIM8_BRK_IRQHandler                      0x08005b23   Thumb Code     0  startup_stm32f10x_hd.o(.text)
    TIM8_CC_IRQHandler                       0x08005b23   Thumb Code     0  startup_stm32f10x_hd.o(.text)
    TIM8_TRG_COM_IRQHandler                  0x08005b23   Thumb Code     0  startup_stm32f10x_hd.o(.text)
    TIM8_UP_IRQHandler                       0x08005b23   Thumb Code     0  startup_stm32f10x_hd.o(.text)
    UART5_IRQHandler                         0x08005b23   Thumb Code     0  startup_stm32f10x_hd.o(.text)
    USBWakeUp_IRQHandler                     0x08005b23   Thumb Code     0  startup_stm32f10x_hd.o(.text)
    USB_HP_CAN1_TX_IRQHandler                0x08005b23   Thumb Code     0  startup_stm32f10x_hd.o(.text)
    USB_LP_CAN1_RX0_IRQHandler               0x08005b23   Thumb Code     0  startup_stm32f10x_hd.o(.text)
    WWDG_IRQHandler                          0x08005b23   Thumb Code     0  startup_stm32f10x_hd.o(.text)
    SystemInit                               0x08005c0b   Thumb Code    78  system_stm32f10x.o(.text)
    SystemCoreClockUpdate                    0x08005c59   Thumb Code   142  system_stm32f10x.o(.text)
    ADC_DeInit                               0x08005d15   Thumb Code    78  stm32f10x_adc.o(.text)
    ADC_Init                                 0x08005d63   Thumb Code    70  stm32f10x_adc.o(.text)
    ADC_StructInit                           0x08005da9   Thumb Code    18  stm32f10x_adc.o(.text)
    ADC_Cmd                                  0x08005dbb   Thumb Code    22  stm32f10x_adc.o(.text)
    ADC_DMACmd                               0x08005dd1   Thumb Code    22  stm32f10x_adc.o(.text)
    ADC_ITConfig                             0x08005de7   Thumb Code    24  stm32f10x_adc.o(.text)
    ADC_ResetCalibration                     0x08005dff   Thumb Code    10  stm32f10x_adc.o(.text)
    ADC_GetResetCalibrationStatus            0x08005e09   Thumb Code    20  stm32f10x_adc.o(.text)
    ADC_StartCalibration                     0x08005e1d   Thumb Code    10  stm32f10x_adc.o(.text)
    ADC_GetCalibrationStatus                 0x08005e27   Thumb Code    20  stm32f10x_adc.o(.text)
    ADC_SoftwareStartConvCmd                 0x08005e3b   Thumb Code    22  stm32f10x_adc.o(.text)
    ADC_GetSoftwareStartConvStatus           0x08005e51   Thumb Code    20  stm32f10x_adc.o(.text)
    ADC_DiscModeChannelCountConfig           0x08005e65   Thumb Code    24  stm32f10x_adc.o(.text)
    ADC_DiscModeCmd                          0x08005e7d   Thumb Code    22  stm32f10x_adc.o(.text)
    ADC_RegularChannelConfig                 0x08005e93   Thumb Code   184  stm32f10x_adc.o(.text)
    ADC_ExternalTrigConvCmd                  0x08005f4b   Thumb Code    22  stm32f10x_adc.o(.text)
    ADC_GetConversionValue                   0x08005f61   Thumb Code     8  stm32f10x_adc.o(.text)
    ADC_GetDualModeConversionValue           0x08005f69   Thumb Code     8  stm32f10x_adc.o(.text)
    ADC_AutoInjectedConvCmd                  0x08005f71   Thumb Code    22  stm32f10x_adc.o(.text)
    ADC_InjectedDiscModeCmd                  0x08005f87   Thumb Code    22  stm32f10x_adc.o(.text)
    ADC_ExternalTrigInjectedConvConfig       0x08005f9d   Thumb Code    16  stm32f10x_adc.o(.text)
    ADC_ExternalTrigInjectedConvCmd          0x08005fad   Thumb Code    22  stm32f10x_adc.o(.text)
    ADC_SoftwareStartInjectedConvCmd         0x08005fc3   Thumb Code    22  stm32f10x_adc.o(.text)
    ADC_GetSoftwareStartInjectedConvCmdStatus 0x08005fd9   Thumb Code    20  stm32f10x_adc.o(.text)
    ADC_InjectedChannelConfig                0x08005fed   Thumb Code   130  stm32f10x_adc.o(.text)
    ADC_InjectedSequencerLengthConfig        0x0800606f   Thumb Code    24  stm32f10x_adc.o(.text)
    ADC_SetInjectedOffset                    0x08006087   Thumb Code    20  stm32f10x_adc.o(.text)
    ADC_GetInjectedConversionValue           0x0800609b   Thumb Code    28  stm32f10x_adc.o(.text)
    ADC_AnalogWatchdogCmd                    0x080060b7   Thumb Code    16  stm32f10x_adc.o(.text)
    ADC_AnalogWatchdogThresholdsConfig       0x080060c7   Thumb Code     6  stm32f10x_adc.o(.text)
    ADC_AnalogWatchdogSingleChannelConfig    0x080060cd   Thumb Code    16  stm32f10x_adc.o(.text)
    ADC_TempSensorVrefintCmd                 0x080060dd   Thumb Code    64  stm32f10x_adc.o(.text)
    ADC_GetFlagStatus                        0x0800611d   Thumb Code    18  stm32f10x_adc.o(.text)
    ADC_ClearFlag                            0x0800612f   Thumb Code     6  stm32f10x_adc.o(.text)
    ADC_GetITStatus                          0x08006135   Thumb Code    36  stm32f10x_adc.o(.text)
    ADC_ClearITPendingBit                    0x08006159   Thumb Code    10  stm32f10x_adc.o(.text)
    DAC_DeInit                               0x08006165   Thumb Code    22  stm32f10x_dac.o(.text)
    DAC_Init                                 0x0800617b   Thumb Code    46  stm32f10x_dac.o(.text)
    DAC_StructInit                           0x080061a9   Thumb Code    12  stm32f10x_dac.o(.text)
    DAC_Cmd                                  0x080061b5   Thumb Code    34  stm32f10x_dac.o(.text)
    DAC_DMACmd                               0x080061d7   Thumb Code    38  stm32f10x_dac.o(.text)
    DAC_SoftwareTriggerCmd                   0x080061fd   Thumb Code    48  stm32f10x_dac.o(.text)
    DAC_DualSoftwareTriggerCmd               0x0800622d   Thumb Code    38  stm32f10x_dac.o(.text)
    DAC_WaveGenerationCmd                    0x08006253   Thumb Code    36  stm32f10x_dac.o(.text)
    DAC_SetChannel1Data                      0x08006277   Thumb Code    26  stm32f10x_dac.o(.text)
    DAC_SetChannel2Data                      0x08006291   Thumb Code    26  stm32f10x_dac.o(.text)
    DAC_SetDualChannelData                   0x080062ab   Thumb Code    32  stm32f10x_dac.o(.text)
    DAC_GetDataOutputValue                   0x080062cb   Thumb Code    32  stm32f10x_dac.o(.text)
    EXTI_DeInit                              0x080062f1   Thumb Code    28  stm32f10x_exti.o(.text)
    EXTI_Init                                0x0800630d   Thumb Code   142  stm32f10x_exti.o(.text)
    EXTI_StructInit                          0x0800639b   Thumb Code    16  stm32f10x_exti.o(.text)
    EXTI_GenerateSWInterrupt                 0x080063ab   Thumb Code    16  stm32f10x_exti.o(.text)
    EXTI_GetFlagStatus                       0x080063bb   Thumb Code    22  stm32f10x_exti.o(.text)
    EXTI_ClearFlag                           0x080063d1   Thumb Code     8  stm32f10x_exti.o(.text)
    EXTI_GetITStatus                         0x080063d9   Thumb Code    34  stm32f10x_exti.o(.text)
    EXTI_ClearITPendingBit                   0x080063fb   Thumb Code     8  stm32f10x_exti.o(.text)
    GPIO_DeInit                              0x0800640d   Thumb Code   172  stm32f10x_gpio.o(.text)
    GPIO_AFIODeInit                          0x080064b9   Thumb Code    20  stm32f10x_gpio.o(.text)
    GPIO_Init                                0x080064cd   Thumb Code   278  stm32f10x_gpio.o(.text)
    GPIO_StructInit                          0x080065e3   Thumb Code    16  stm32f10x_gpio.o(.text)
    GPIO_ReadInputDataBit                    0x080065f3   Thumb Code    18  stm32f10x_gpio.o(.text)
    GPIO_ReadInputData                       0x08006605   Thumb Code     8  stm32f10x_gpio.o(.text)
    GPIO_ReadOutputDataBit                   0x0800660d   Thumb Code    18  stm32f10x_gpio.o(.text)
    GPIO_ReadOutputData                      0x0800661f   Thumb Code     8  stm32f10x_gpio.o(.text)
    GPIO_SetBits                             0x08006627   Thumb Code     4  stm32f10x_gpio.o(.text)
    GPIO_ResetBits                           0x0800662b   Thumb Code     4  stm32f10x_gpio.o(.text)
    GPIO_WriteBit                            0x0800662f   Thumb Code    10  stm32f10x_gpio.o(.text)
    GPIO_Write                               0x08006639   Thumb Code     4  stm32f10x_gpio.o(.text)
    GPIO_PinLockConfig                       0x0800663d   Thumb Code    18  stm32f10x_gpio.o(.text)
    GPIO_EventOutputConfig                   0x0800664f   Thumb Code    26  stm32f10x_gpio.o(.text)
    GPIO_EventOutputCmd                      0x08006669   Thumb Code     6  stm32f10x_gpio.o(.text)
    GPIO_PinRemapConfig                      0x0800666f   Thumb Code   138  stm32f10x_gpio.o(.text)
    GPIO_EXTILineConfig                      0x080066f9   Thumb Code    66  stm32f10x_gpio.o(.text)
    GPIO_ETH_MediaInterfaceConfig            0x0800673b   Thumb Code     8  stm32f10x_gpio.o(.text)
    RCC_DeInit                               0x08006769   Thumb Code    64  stm32f10x_rcc.o(.text)
    RCC_HSEConfig                            0x080067a9   Thumb Code    70  stm32f10x_rcc.o(.text)
    RCC_GetFlagStatus                        0x080067ef   Thumb Code    56  stm32f10x_rcc.o(.text)
    RCC_WaitForHSEStartUp                    0x08006827   Thumb Code    56  stm32f10x_rcc.o(.text)
    RCC_AdjustHSICalibrationValue            0x0800685f   Thumb Code    20  stm32f10x_rcc.o(.text)
    RCC_HSICmd                               0x08006873   Thumb Code     6  stm32f10x_rcc.o(.text)
    RCC_PLLConfig                            0x08006879   Thumb Code    24  stm32f10x_rcc.o(.text)
    RCC_PLLCmd                               0x08006891   Thumb Code     6  stm32f10x_rcc.o(.text)
    RCC_SYSCLKConfig                         0x08006897   Thumb Code    18  stm32f10x_rcc.o(.text)
    RCC_GetSYSCLKSource                      0x080068a9   Thumb Code    10  stm32f10x_rcc.o(.text)
    RCC_HCLKConfig                           0x080068b3   Thumb Code    18  stm32f10x_rcc.o(.text)
    RCC_PCLK1Config                          0x080068c5   Thumb Code    18  stm32f10x_rcc.o(.text)
    RCC_PCLK2Config                          0x080068d7   Thumb Code    20  stm32f10x_rcc.o(.text)
    RCC_ITConfig                             0x080068eb   Thumb Code    26  stm32f10x_rcc.o(.text)
    RCC_USBCLKConfig                         0x08006905   Thumb Code     8  stm32f10x_rcc.o(.text)
    RCC_ADCCLKConfig                         0x0800690d   Thumb Code    18  stm32f10x_rcc.o(.text)
    RCC_LSEConfig                            0x0800691f   Thumb Code    50  stm32f10x_rcc.o(.text)
    RCC_LSICmd                               0x08006951   Thumb Code     6  stm32f10x_rcc.o(.text)
    RCC_RTCCLKConfig                         0x08006957   Thumb Code    12  stm32f10x_rcc.o(.text)
    RCC_RTCCLKCmd                            0x08006963   Thumb Code     8  stm32f10x_rcc.o(.text)
    RCC_GetClocksFreq                        0x0800696b   Thumb Code   192  stm32f10x_rcc.o(.text)
    RCC_AHBPeriphClockCmd                    0x08006a2b   Thumb Code    26  stm32f10x_rcc.o(.text)
    RCC_APB2PeriphClockCmd                   0x08006a45   Thumb Code    26  stm32f10x_rcc.o(.text)
    RCC_APB1PeriphClockCmd                   0x08006a5f   Thumb Code    26  stm32f10x_rcc.o(.text)
    RCC_APB2PeriphResetCmd                   0x08006a79   Thumb Code    26  stm32f10x_rcc.o(.text)
    RCC_APB1PeriphResetCmd                   0x08006a93   Thumb Code    26  stm32f10x_rcc.o(.text)
    RCC_BackupResetCmd                       0x08006aad   Thumb Code     8  stm32f10x_rcc.o(.text)
    RCC_ClockSecuritySystemCmd               0x08006ab5   Thumb Code     6  stm32f10x_rcc.o(.text)
    RCC_MCOConfig                            0x08006abb   Thumb Code     6  stm32f10x_rcc.o(.text)
    RCC_ClearFlag                            0x08006ac1   Thumb Code    14  stm32f10x_rcc.o(.text)
    RCC_GetITStatus                          0x08006acf   Thumb Code    20  stm32f10x_rcc.o(.text)
    RCC_ClearITPendingBit                    0x08006ae3   Thumb Code     6  stm32f10x_rcc.o(.text)
    USART_DeInit                             0x08006b15   Thumb Code   134  stm32f10x_usart.o(.text)
    USART_Init                               0x08006b9b   Thumb Code   210  stm32f10x_usart.o(.text)
    USART_StructInit                         0x08006c6d   Thumb Code    24  stm32f10x_usart.o(.text)
    USART_ClockInit                          0x08006c85   Thumb Code    34  stm32f10x_usart.o(.text)
    USART_ClockStructInit                    0x08006ca7   Thumb Code    12  stm32f10x_usart.o(.text)
    USART_Cmd                                0x08006cb3   Thumb Code    24  stm32f10x_usart.o(.text)
    USART_ITConfig                           0x08006ccb   Thumb Code    74  stm32f10x_usart.o(.text)
    USART_DMACmd                             0x08006d15   Thumb Code    18  stm32f10x_usart.o(.text)
    USART_SetAddress                         0x08006d27   Thumb Code    18  stm32f10x_usart.o(.text)
    USART_WakeUpConfig                       0x08006d39   Thumb Code    18  stm32f10x_usart.o(.text)
    USART_ReceiverWakeUpCmd                  0x08006d4b   Thumb Code    24  stm32f10x_usart.o(.text)
    USART_LINBreakDetectLengthConfig         0x08006d63   Thumb Code    18  stm32f10x_usart.o(.text)
    USART_LINCmd                             0x08006d75   Thumb Code    24  stm32f10x_usart.o(.text)
    USART_SendData                           0x08006d8d   Thumb Code     8  stm32f10x_usart.o(.text)
    USART_ReceiveData                        0x08006d95   Thumb Code    10  stm32f10x_usart.o(.text)
    USART_SendBreak                          0x08006d9f   Thumb Code    10  stm32f10x_usart.o(.text)
    USART_SetGuardTime                       0x08006da9   Thumb Code    16  stm32f10x_usart.o(.text)
    USART_SetPrescaler                       0x08006db9   Thumb Code    16  stm32f10x_usart.o(.text)
    USART_SmartCardCmd                       0x08006dc9   Thumb Code    24  stm32f10x_usart.o(.text)
    USART_SmartCardNACKCmd                   0x08006de1   Thumb Code    24  stm32f10x_usart.o(.text)
    USART_HalfDuplexCmd                      0x08006df9   Thumb Code    24  stm32f10x_usart.o(.text)
    USART_OverSampling8Cmd                   0x08006e11   Thumb Code    22  stm32f10x_usart.o(.text)
    USART_OneBitMethodCmd                    0x08006e27   Thumb Code    24  stm32f10x_usart.o(.text)
    USART_IrDAConfig                         0x08006e3f   Thumb Code    18  stm32f10x_usart.o(.text)
    USART_IrDACmd                            0x08006e51   Thumb Code    24  stm32f10x_usart.o(.text)
    USART_GetFlagStatus                      0x08006e69   Thumb Code    26  stm32f10x_usart.o(.text)
    USART_ClearFlag                          0x08006e83   Thumb Code    18  stm32f10x_usart.o(.text)
    USART_GetITStatus                        0x08006e95   Thumb Code    84  stm32f10x_usart.o(.text)
    USART_ClearITPendingBit                  0x08006ee9   Thumb Code    52  stm32f10x_usart.o(.text)
    NVIC_PriorityGroupConfig                 0x08006f1d   Thumb Code    10  misc.o(.text)
    NVIC_Init                                0x08006f27   Thumb Code   100  misc.o(.text)
    NVIC_SetVectorTable                      0x08006f8b   Thumb Code    14  misc.o(.text)
    NVIC_SystemLPConfig                      0x08006f99   Thumb Code    34  misc.o(.text)
    SysTick_CLKSourceConfig                  0x08006fbb   Thumb Code    40  misc.o(.text)
    DMA_DeInit                               0x08006ff9   Thumb Code   324  stm32f10x_dma.o(.text)
    DMA_Init                                 0x0800713d   Thumb Code    60  stm32f10x_dma.o(.text)
    DMA_StructInit                           0x08007179   Thumb Code    26  stm32f10x_dma.o(.text)
    DMA_Cmd                                  0x08007193   Thumb Code    24  stm32f10x_dma.o(.text)
    DMA_ITConfig                             0x080071ab   Thumb Code    18  stm32f10x_dma.o(.text)
    DMA_SetCurrDataCounter                   0x080071bd   Thumb Code     4  stm32f10x_dma.o(.text)
    DMA_GetCurrDataCounter                   0x080071c1   Thumb Code     8  stm32f10x_dma.o(.text)
    DMA_GetFlagStatus                        0x080071c9   Thumb Code    40  stm32f10x_dma.o(.text)
    DMA_ClearFlag                            0x080071f1   Thumb Code    22  stm32f10x_dma.o(.text)
    DMA_GetITStatus                          0x08007207   Thumb Code    40  stm32f10x_dma.o(.text)
    DMA_ClearITPendingBit                    0x0800722f   Thumb Code    22  stm32f10x_dma.o(.text)
    RTC_ITConfig                             0x0800724d   Thumb Code    26  stm32f10x_rtc.o(.text)
    RTC_EnterConfigMode                      0x08007267   Thumb Code    18  stm32f10x_rtc.o(.text)
    RTC_ExitConfigMode                       0x08007279   Thumb Code    20  stm32f10x_rtc.o(.text)
    RTC_GetCounter                           0x0800728d   Thumb Code    18  stm32f10x_rtc.o(.text)
    RTC_SetCounter                           0x0800729f   Thumb Code    26  stm32f10x_rtc.o(.text)
    RTC_SetPrescaler                         0x080072b9   Thumb Code    28  stm32f10x_rtc.o(.text)
    RTC_SetAlarm                             0x080072d5   Thumb Code    26  stm32f10x_rtc.o(.text)
    RTC_GetDivider                           0x080072ef   Thumb Code    22  stm32f10x_rtc.o(.text)
    RTC_WaitForLastTask                      0x08007305   Thumb Code    18  stm32f10x_rtc.o(.text)
    RTC_WaitForSynchro                       0x08007317   Thumb Code    36  stm32f10x_rtc.o(.text)
    RTC_GetFlagStatus                        0x0800733b   Thumb Code    22  stm32f10x_rtc.o(.text)
    RTC_ClearFlag                            0x08007351   Thumb Code    16  stm32f10x_rtc.o(.text)
    RTC_GetITStatus                          0x08007361   Thumb Code    32  stm32f10x_rtc.o(.text)
    RTC_ClearITPendingBit                    0x08007381   Thumb Code    16  stm32f10x_rtc.o(.text)
    PWR_DeInit                               0x08007395   Thumb Code    22  stm32f10x_pwr.o(.text)
    PWR_BackupAccessCmd                      0x080073ab   Thumb Code     6  stm32f10x_pwr.o(.text)
    PWR_PVDCmd                               0x080073b1   Thumb Code     6  stm32f10x_pwr.o(.text)
    PWR_PVDLevelConfig                       0x080073b7   Thumb Code    18  stm32f10x_pwr.o(.text)
    PWR_WakeUpPinCmd                         0x080073c9   Thumb Code     8  stm32f10x_pwr.o(.text)
    PWR_EnterSTOPMode                        0x080073d1   Thumb Code    54  stm32f10x_pwr.o(.text)
    PWR_EnterSTANDBYMode                     0x08007407   Thumb Code    42  stm32f10x_pwr.o(.text)
    PWR_GetFlagStatus                        0x08007431   Thumb Code    20  stm32f10x_pwr.o(.text)
    PWR_ClearFlag                            0x08007445   Thumb Code    14  stm32f10x_pwr.o(.text)
    BKP_DeInit                               0x08007461   Thumb Code    16  stm32f10x_bkp.o(.text)
    BKP_TamperPinLevelConfig                 0x08007471   Thumb Code     6  stm32f10x_bkp.o(.text)
    BKP_TamperPinCmd                         0x08007477   Thumb Code     8  stm32f10x_bkp.o(.text)
    BKP_ITConfig                             0x0800747f   Thumb Code     8  stm32f10x_bkp.o(.text)
    BKP_RTCOutputConfig                      0x08007487   Thumb Code    22  stm32f10x_bkp.o(.text)
    BKP_SetRTCCalibrationValue               0x0800749d   Thumb Code    22  stm32f10x_bkp.o(.text)
    BKP_WriteBackupRegister                  0x080074b3   Thumb Code    24  stm32f10x_bkp.o(.text)
    BKP_ReadBackupRegister                   0x080074cb   Thumb Code    26  stm32f10x_bkp.o(.text)
    BKP_GetFlagStatus                        0x080074e5   Thumb Code    10  stm32f10x_bkp.o(.text)
    BKP_ClearFlag                            0x080074ef   Thumb Code    18  stm32f10x_bkp.o(.text)
    BKP_GetITStatus                          0x08007501   Thumb Code    10  stm32f10x_bkp.o(.text)
    BKP_ClearITPendingBit                    0x0800750b   Thumb Code    18  stm32f10x_bkp.o(.text)
    TIM_DeInit                               0x08007525   Thumb Code   424  stm32f10x_tim.o(.text)
    TIM_TimeBaseInit                         0x080076cd   Thumb Code   122  stm32f10x_tim.o(.text)
    TIM_OC1Init                              0x08007747   Thumb Code   132  stm32f10x_tim.o(.text)
    TIM_OC2Init                              0x080077cb   Thumb Code   154  stm32f10x_tim.o(.text)
    TIM_OC3Init                              0x08007865   Thumb Code   150  stm32f10x_tim.o(.text)
    TIM_OC4Init                              0x080078fb   Thumb Code   182  stm32f10x_tim.o(.text)
    TIM_SetIC4Prescaler                      0x080079b1   Thumb Code    26  stm32f10x_tim.o(.text)
    TIM_SetIC3Prescaler                      0x08007a4d   Thumb Code    18  stm32f10x_tim.o(.text)
    TIM_SetIC2Prescaler                      0x08007ad9   Thumb Code    26  stm32f10x_tim.o(.text)
    TIM_SetIC1Prescaler                      0x08007b75   Thumb Code    18  stm32f10x_tim.o(.text)
    TIM_ICInit                               0x08007bf3   Thumb Code   150  stm32f10x_tim.o(.text)
    TIM_PWMIConfig                           0x08007c89   Thumb Code   124  stm32f10x_tim.o(.text)
    TIM_BDTRConfig                           0x08007d05   Thumb Code    32  stm32f10x_tim.o(.text)
    TIM_TimeBaseStructInit                   0x08007d25   Thumb Code    18  stm32f10x_tim.o(.text)
    TIM_OCStructInit                         0x08007d37   Thumb Code    20  stm32f10x_tim.o(.text)
    TIM_ICStructInit                         0x08007d4b   Thumb Code    18  stm32f10x_tim.o(.text)
    TIM_BDTRStructInit                       0x08007d5d   Thumb Code    40  stm32f10x_tim.o(.text)
    TIM_Cmd                                  0x08007d85   Thumb Code    24  stm32f10x_tim.o(.text)
    TIM_CtrlPWMOutputs                       0x08007d9d   Thumb Code    30  stm32f10x_tim.o(.text)
    TIM_ITConfig                             0x08007dbb   Thumb Code    18  stm32f10x_tim.o(.text)
    TIM_GenerateEvent                        0x08007dcd   Thumb Code     4  stm32f10x_tim.o(.text)
    TIM_DMAConfig                            0x08007dd1   Thumb Code    10  stm32f10x_tim.o(.text)
    TIM_DMACmd                               0x08007ddb   Thumb Code    18  stm32f10x_tim.o(.text)
    TIM_InternalClockConfig                  0x08007ded   Thumb Code    12  stm32f10x_tim.o(.text)
    TIM_SelectInputTrigger                   0x08007df9   Thumb Code    18  stm32f10x_tim.o(.text)
    TIM_ITRxExternalClockConfig              0x08007e0b   Thumb Code    24  stm32f10x_tim.o(.text)
    TIM_TIxExternalClockConfig               0x08007e23   Thumb Code    62  stm32f10x_tim.o(.text)
    TIM_ETRConfig                            0x08007e61   Thumb Code    28  stm32f10x_tim.o(.text)
    TIM_ETRClockMode1Config                  0x08007e7d   Thumb Code    54  stm32f10x_tim.o(.text)
    TIM_ETRClockMode2Config                  0x08007eb3   Thumb Code    32  stm32f10x_tim.o(.text)
    TIM_PrescalerConfig                      0x08007ed3   Thumb Code     6  stm32f10x_tim.o(.text)
    TIM_CounterModeConfig                    0x08007ed9   Thumb Code    18  stm32f10x_tim.o(.text)
    TIM_EncoderInterfaceConfig               0x08007eeb   Thumb Code    66  stm32f10x_tim.o(.text)
    TIM_ForcedOC1Config                      0x08007f2d   Thumb Code    18  stm32f10x_tim.o(.text)
    TIM_ForcedOC2Config                      0x08007f3f   Thumb Code    26  stm32f10x_tim.o(.text)
    TIM_ForcedOC3Config                      0x08007f59   Thumb Code    18  stm32f10x_tim.o(.text)
    TIM_ForcedOC4Config                      0x08007f6b   Thumb Code    26  stm32f10x_tim.o(.text)
    TIM_ARRPreloadConfig                     0x08007f85   Thumb Code    24  stm32f10x_tim.o(.text)
    TIM_SelectCOM                            0x08007f9d   Thumb Code    24  stm32f10x_tim.o(.text)
    TIM_SelectCCDMA                          0x08007fb5   Thumb Code    24  stm32f10x_tim.o(.text)
    TIM_CCPreloadControl                     0x08007fcd   Thumb Code    24  stm32f10x_tim.o(.text)
    TIM_OC1PreloadConfig                     0x08007fe5   Thumb Code    18  stm32f10x_tim.o(.text)
    TIM_OC2PreloadConfig                     0x08007ff7   Thumb Code    26  stm32f10x_tim.o(.text)
    TIM_OC3PreloadConfig                     0x08008011   Thumb Code    18  stm32f10x_tim.o(.text)
    TIM_OC4PreloadConfig                     0x08008023   Thumb Code    26  stm32f10x_tim.o(.text)
    TIM_OC1FastConfig                        0x0800803d   Thumb Code    18  stm32f10x_tim.o(.text)
    TIM_OC2FastConfig                        0x0800804f   Thumb Code    26  stm32f10x_tim.o(.text)
    TIM_OC3FastConfig                        0x08008069   Thumb Code    18  stm32f10x_tim.o(.text)
    TIM_OC4FastConfig                        0x0800807b   Thumb Code    26  stm32f10x_tim.o(.text)
    TIM_ClearOC1Ref                          0x08008095   Thumb Code    18  stm32f10x_tim.o(.text)
    TIM_ClearOC2Ref                          0x080080a7   Thumb Code    24  stm32f10x_tim.o(.text)
    TIM_ClearOC3Ref                          0x080080bf   Thumb Code    18  stm32f10x_tim.o(.text)
    TIM_ClearOC4Ref                          0x080080d1   Thumb Code    24  stm32f10x_tim.o(.text)
    TIM_OC1PolarityConfig                    0x080080e9   Thumb Code    18  stm32f10x_tim.o(.text)
    TIM_OC1NPolarityConfig                   0x080080fb   Thumb Code    18  stm32f10x_tim.o(.text)
    TIM_OC2PolarityConfig                    0x0800810d   Thumb Code    26  stm32f10x_tim.o(.text)
    TIM_OC2NPolarityConfig                   0x08008127   Thumb Code    26  stm32f10x_tim.o(.text)
    TIM_OC3PolarityConfig                    0x08008141   Thumb Code    26  stm32f10x_tim.o(.text)
    TIM_OC3NPolarityConfig                   0x0800815b   Thumb Code    26  stm32f10x_tim.o(.text)
    TIM_OC4PolarityConfig                    0x08008175   Thumb Code    26  stm32f10x_tim.o(.text)
    TIM_CCxCmd                               0x0800818f   Thumb Code    30  stm32f10x_tim.o(.text)
    TIM_CCxNCmd                              0x080081ad   Thumb Code    30  stm32f10x_tim.o(.text)
    TIM_SelectOCxM                           0x080081cb   Thumb Code    82  stm32f10x_tim.o(.text)
    TIM_UpdateDisableConfig                  0x0800821d   Thumb Code    24  stm32f10x_tim.o(.text)
    TIM_UpdateRequestConfig                  0x08008235   Thumb Code    24  stm32f10x_tim.o(.text)
    TIM_SelectHallSensor                     0x0800824d   Thumb Code    24  stm32f10x_tim.o(.text)
    TIM_SelectOnePulseMode                   0x08008265   Thumb Code    18  stm32f10x_tim.o(.text)
    TIM_SelectOutputTrigger                  0x08008277   Thumb Code    18  stm32f10x_tim.o(.text)
    TIM_SelectSlaveMode                      0x08008289   Thumb Code    18  stm32f10x_tim.o(.text)
    TIM_SelectMasterSlaveMode                0x0800829b   Thumb Code    18  stm32f10x_tim.o(.text)
    TIM_SetCounter                           0x080082ad   Thumb Code     4  stm32f10x_tim.o(.text)
    TIM_SetAutoreload                        0x080082b1   Thumb Code     4  stm32f10x_tim.o(.text)
    TIM_SetCompare1                          0x080082b5   Thumb Code     4  stm32f10x_tim.o(.text)
    TIM_SetCompare2                          0x080082b9   Thumb Code     4  stm32f10x_tim.o(.text)
    TIM_SetCompare3                          0x080082bd   Thumb Code     4  stm32f10x_tim.o(.text)
    TIM_SetCompare4                          0x080082c1   Thumb Code     6  stm32f10x_tim.o(.text)
    TIM_SetClockDivision                     0x080082c7   Thumb Code    18  stm32f10x_tim.o(.text)
    TIM_GetCapture1                          0x080082d9   Thumb Code     6  stm32f10x_tim.o(.text)
    TIM_GetCapture2                          0x080082df   Thumb Code     6  stm32f10x_tim.o(.text)
    TIM_GetCapture3                          0x080082e5   Thumb Code     6  stm32f10x_tim.o(.text)
    TIM_GetCapture4                          0x080082eb   Thumb Code     8  stm32f10x_tim.o(.text)
    TIM_GetCounter                           0x080082f3   Thumb Code     6  stm32f10x_tim.o(.text)
    TIM_GetPrescaler                         0x080082f9   Thumb Code     6  stm32f10x_tim.o(.text)
    TIM_GetFlagStatus                        0x080082ff   Thumb Code    18  stm32f10x_tim.o(.text)
    TIM_ClearFlag                            0x08008311   Thumb Code     6  stm32f10x_tim.o(.text)
    TIM_GetITStatus                          0x08008317   Thumb Code    34  stm32f10x_tim.o(.text)
    TIM_ClearITPendingBit                    0x08008339   Thumb Code     6  stm32f10x_tim.o(.text)
    __aeabi_memcpy                           0x0800833f   Thumb Code    36  memcpya.o(.text)
    __aeabi_memcpy4                          0x0800833f   Thumb Code     0  memcpya.o(.text)
    __aeabi_memcpy8                          0x0800833f   Thumb Code     0  memcpya.o(.text)
    __aeabi_fadd                             0x08008363   Thumb Code   164  fadd.o(.text)
    __aeabi_fsub                             0x08008407   Thumb Code     6  fadd.o(.text)
    __aeabi_frsub                            0x0800840d   Thumb Code     6  fadd.o(.text)
    __aeabi_fmul                             0x08008413   Thumb Code   100  fmul.o(.text)
    __aeabi_fdiv                             0x08008477   Thumb Code   124  fdiv.o(.text)
    __aeabi_dadd                             0x080084f3   Thumb Code   322  dadd.o(.text)
    __aeabi_dsub                             0x08008635   Thumb Code     6  dadd.o(.text)
    __aeabi_drsub                            0x0800863b   Thumb Code     6  dadd.o(.text)
    __aeabi_dmul                             0x08008641   Thumb Code   228  dmul.o(.text)
    __aeabi_ddiv                             0x08008725   Thumb Code   222  ddiv.o(.text)
    __aeabi_i2f                              0x08008803   Thumb Code    18  fflti.o(.text)
    __aeabi_ui2f                             0x08008815   Thumb Code    10  ffltui.o(.text)
    __aeabi_f2iz                             0x0800881f   Thumb Code    50  ffixi.o(.text)
    __aeabi_f2uiz                            0x08008851   Thumb Code    40  ffixui.o(.text)
    __aeabi_f2d                              0x08008879   Thumb Code    38  f2d.o(.text)
    __aeabi_cdcmpeq                          0x080088a1   Thumb Code     0  cdcmple.o(.text)
    __aeabi_cdcmple                          0x080088a1   Thumb Code    48  cdcmple.o(.text)
    __aeabi_cdrcmple                         0x080088d1   Thumb Code    48  cdrcmple.o(.text)
    __aeabi_d2f                              0x08008901   Thumb Code    56  d2f.o(.text)
    __aeabi_cfcmpeq                          0x08008939   Thumb Code     0  cfcmple.o(.text)
    __aeabi_cfcmple                          0x08008939   Thumb Code    20  cfcmple.o(.text)
    __aeabi_cfrcmple                         0x0800894d   Thumb Code    20  cfrcmple.o(.text)
    __aeabi_uidiv                            0x08008961   Thumb Code     0  uidiv.o(.text)
    __aeabi_uidivmod                         0x08008961   Thumb Code    44  uidiv.o(.text)
    __aeabi_llsl                             0x0800898d   Thumb Code    30  llshl.o(.text)
    _ll_shift_l                              0x0800898d   Thumb Code     0  llshl.o(.text)
    __aeabi_lasr                             0x080089ab   Thumb Code    36  llsshr.o(.text)
    _ll_sshift_r                             0x080089ab   Thumb Code     0  llsshr.o(.text)
    __I$use$fp                               0x080089cf   Thumb Code     0  iusefp.o(.text)
    _float_round                             0x080089cf   Thumb Code    18  fepilogue.o(.text)
    _float_epilogue                          0x080089e1   Thumb Code    92  fepilogue.o(.text)
    _double_round                            0x08008a3d   Thumb Code    30  depilogue.o(.text)
    _double_epilogue                         0x08008a5b   Thumb Code   156  depilogue.o(.text)
    __ARM_scalbn                             0x08008af7   Thumb Code    46  dscalb.o(.text)
    scalbn                                   0x08008af7   Thumb Code     0  dscalb.o(.text)
    __aeabi_i2d                              0x08008b25   Thumb Code    34  dflti.o(.text)
    __scatterload                            0x08008b49   Thumb Code    28  init.o(.text)
    __scatterload_rt2                        0x08008b49   Thumb Code     0  init.o(.text)
    __aeabi_llsr                             0x08008b6d   Thumb Code    32  llushr.o(.text)
    _ll_ushift_r                             0x08008b6d   Thumb Code     0  llushr.o(.text)
    _dsqrt                                   0x08008b8d   Thumb Code   162  dsqrt.o(.text)
    __decompress                             0x08008c2f   Thumb Code     0  __dczerorl2.o(.text)
    __decompress1                            0x08008c2f   Thumb Code    86  __dczerorl2.o(.text)
    __0printf$3                              0x08008c85   Thumb Code    22  printf3.o(i.__0printf$3)
    __1printf$3                              0x08008c85   Thumb Code     0  printf3.o(i.__0printf$3)
    __2printf                                0x08008c85   Thumb Code     0  printf3.o(i.__0printf$3)
    __ARM_fpclassify                         0x08008ca5   Thumb Code    40  fpclassify.o(i.__ARM_fpclassify)
    __kernel_poly                            0x08008ccd   Thumb Code   170  poly.o(i.__kernel_poly)
    __mathlib_dbl_divzero                    0x08008d79   Thumb Code    12  dunder.o(i.__mathlib_dbl_divzero)
    __mathlib_dbl_infnan                     0x08008d89   Thumb Code     6  dunder.o(i.__mathlib_dbl_infnan)
    __mathlib_dbl_infnan2                    0x08008d8f   Thumb Code     4  dunder.o(i.__mathlib_dbl_infnan2)
    __mathlib_dbl_invalid                    0x08008d93   Thumb Code    12  dunder.o(i.__mathlib_dbl_invalid)
    __mathlib_dbl_overflow                   0x08008d9f   Thumb Code    14  dunder.o(i.__mathlib_dbl_overflow)
    __mathlib_dbl_underflow                  0x08008dad   Thumb Code    10  dunder.o(i.__mathlib_dbl_underflow)
    __scatterload_copy                       0x08008dbd   Thumb Code    14  handlers.o(i.__scatterload_copy)
    __scatterload_null                       0x08008dcb   Thumb Code     2  handlers.o(i.__scatterload_null)
    __scatterload_zeroinit                   0x08008dcd   Thumb Code    14  handlers.o(i.__scatterload_zeroinit)
    __set_errno                              0x08008ddd   Thumb Code     6  errno.o(i.__set_errno)
    log                                      0x08008fa1   Thumb Code   808  log.o(i.log)
    log10                                    0x080092fd   Thumb Code   198  log10.o(i.log10)
    pow                                      0x080093e1   Thumb Code  2478  pow.o(i.pow)
    sqrt                                     0x08009d99   Thumb Code    76  sqrt.o(i.sqrt)
    __mathlib_zero                           0x08009f70   Data           8  qnan.o(.constdata)
    Region$$Table$$Base                      0x08009f80   Number         0  anon$$obj.o(Region$$Table)
    Region$$Table$$Limit                     0x08009fa0   Number         0  anon$$obj.o(Region$$Table)
    Version_BUFF                             0x20000000   Data          10  main.o(.data)
    g_r_power_flag                           0x2000000a   Data           1  main.o(.data)
    g_r_dc_in_flag                           0x2000000c   Data           4  main.o(.data)
    g_r_charge_status                        0x20000010   Data           4  main.o(.data)
    g_r_Battery_status                       0x20000014   Data           4  main.o(.data)
    g_r_Battery_capacity                     0x20000018   Data           4  main.o(.data)
    g_r_Battery_Tem                          0x2000001c   Data           4  main.o(.data)
    g_r_AverageTimeToFull                    0x20000020   Data           4  main.o(.data)
    g_r_AverageTimeToEmpty                   0x20000024   Data           4  main.o(.data)
    g_r_Percentage                           0x20000028   Data           4  main.o(.data)
    g_r_voltage                              0x2000002c   Data           4  main.o(.data)
    g_r_VFL_status                           0x20000030   Data           1  main.o(.data)
    g_r_second                               0x20000034   Data           4  main.o(.data)
    g_r_burst_information_tybe               0x20000038   Data           1  main.o(.data)
    g_r_batt_voltage                         0x2000003c   Data           4  main.o(.data)
    g_r_dc_in_voltage                        0x20000040   Data           4  main.o(.data)
    g_r_opm_voltage                          0x20000044   Data           4  main.o(.data)
    g_r_buzz_alarm_flag                      0x20000048   Data           1  main.o(.data)
    g_r_A8_BOOT_Loading_flag                 0x20000049   Data           1  main.o(.data)
    g_r_LD_wavelength                        0x2000004a   Data           1  main.o(.data)
    g_r_ld_power_status                      0x2000004b   Data           1  main.o(.data)
    LD_Voltage                               0x2000004c   Data           4  main.o(.data)
    key_sys_loading_value                    0x20000050   Data           4  main.o(.data)
    g_r_laser_souce_enable                   0x20000054   Data           1  main.o(.data)
    g_r_laser_souce_status                   0x20000055   Data           1  main.o(.data)
    g_r_adp_voltage                          0x20000058   Data           4  main.o(.data)
    g_r_APD_VBR                              0x2000005c   Data           4  main.o(.data)
    g_r_vbr_k                                0x20000060   Data           4  main.o(.data)
    g_r_temp_pcb                             0x20000064   Data           4  main.o(.data)
    g_r_opm_set_uart_comX                    0x20000068   Data           1  main.o(.data)
    dBug_information_print_flag              0x20000069   Data           1  myuart.o(.data)
    g_r_com3_rxd_point                       0x2000006a   Data           1  myuart.o(.data)
    g_r_com3_rx_end_flag                     0x2000006b   Data           1  myuart.o(.data)
    g_r_com3_txd_point                       0x2000006c   Data           1  myuart.o(.data)
    g_r_com3_tx_end_flag                     0x2000006d   Data           1  myuart.o(.data)
    g_r_Com3_txd_flag                        0x2000006e   Data           1  myuart.o(.data)
    uart1_rx_buff                            0x2000006f   Data           5  myuart.o(.data)
    g_r_Brust_point                          0x20000074   Data           1  myuart.o(.data)
    g_r_burst_send_time                      0x20000075   Data           1  myuart.o(.data)
    uart_tx_point                            0x20000076   Data           1  myuart.o(.data)
    g_r_CT_command                           0x20000077   Data           1  myuart.o(.data)
    g_r_uart1_rxd_buff_point                 0x20000078   Data           1  myuart.o(.data)
    ADCConvertedValue                        0x2000007e   Data           2  adc.o(.data)
    g_r_key_value                            0x20000080   Data           1  key.o(.data)
    g_r_long_Key_time                        0x20000081   Data           1  key.o(.data)
    g_r_uart4_rx_point                       0x20000082   Data           1  dac.o(.data)
    g_r_uart4_rx_end                         0x20000083   Data           1  dac.o(.data)
    g_r_uartx_tybe                           0x20000084   Data           1  dac.o(.data)
    g_r_dac_channel                          0x20000085   Data           1  dac.o(.data)
    g_r_HardWare_TYPE                        0x20000086   Data          20  iic_bus.o(.data)
    g_r_SN                                   0x2000009a   Data          20  iic_bus.o(.data)
    g_r_SN_temp                              0x200000ae   Data          20  iic_bus.o(.data)
    DATAR01                                  0x200000c2   Data           1  iic_bus.o(.data)
    DATAR11                                  0x200000c3   Data           1  iic_bus.o(.data)
    DATAR21                                  0x200000c4   Data           1  iic_bus.o(.data)
    DATAR31                                  0x200000c5   Data           1  iic_bus.o(.data)
    DATAR41                                  0x200000c6   Data           1  iic_bus.o(.data)
    g_r_VFL_time                             0x200000c7   Data           1  timer.o(.data)
    g_r_TIMER_TIME                           0x200000c8   Data           1  timer.o(.data)
    TimeDisplay                              0x200000cc   Data           1  rtc.o(.data)
    WEEK_STR                                 0x200000d0   Data           4  rtc.o(.data)
    g_r_opction_work_wave_lenght             0x20000104   Data           1  opm.o(.data)
    g_r_opction_work_mode                    0x20000105   Data           1  opm.o(.data)
    g_r_power_meter_work_on                  0x20000106   Data           1  opm.o(.data)
    g_r_X6                                   0x20000107   Data           1  opm.o(.data)
    g_r_X5                                   0x20000108   Data           1  opm.o(.data)
    g_r_opm_channel_no                       0x20000109   Data           1  opm.o(.data)
    g_r_opm_status                           0x2000010a   Data           1  opm.o(.data)
    cal_power                                0x2000010c   Data          64  opm.o(.data)
    ref_power_eeprom                         0x2000014c   Data          28  opm.o(.data)
    cal_adc                                  0x20000168   Data          64  opm.o(.data)
    wavelength_coeff                         0x200001a8   Data          28  opm.o(.data)
    g_r_dB_Power_meter                       0x200001c4   Data           4  opm.o(.data)
    g_r_mW_Power_meter                       0x200001c8   Data           4  opm.o(.data)
    g_r_opm_HI_LOW_flag                      0x200001cc   Data           1  opm.o(.data)
    g_r_power_meter_wave_lenght              0x200001cd   Data           1  opm.o(.data)
    g_r_dBm_dB_wM_flag                       0x200001ce   Data           1  opm.o(.data)
    g_r_opm_set_flag                         0x200001cf   Data           1  opm.o(.data)
    g_r_opm_adc_value                        0x200001d0   Data           4  opm.o(.data)
    g_r_opm_set_channel_no                   0x200001d4   Data           1  opm.o(.data)
    SystemCoreClock                          0x200001d8   Data           4  system_stm32f10x.o(.data)
    AHBPrescTable                            0x200001dc   Data          16  system_stm32f10x.o(.data)
    __stdout                                 0x20000200   Data           4  stdout.o(.data)
    COM3_RXD_BUFF                            0x20000208   Data          50  myuart.o(.bss)
    COM3_TXD_BUFF                            0x2000023a   Data          50  myuart.o(.bss)
    Brust_BUFF                               0x2000026c   Data          20  myuart.o(.bss)
    Uart1_rxd_buff                           0x20000280   Data          50  myuart.o(.bss)
    ADC_InitStructure                        0x200002b4   Data          20  adc.o(.bss)
    DMA_InitStructure                        0x200002c8   Data          44  adc.o(.bss)
    AD_Value                                 0x200002f4   Data          60  adc.o(.bss)
    UART4_COM_RX_BUFF                        0x20000330   Data          40  dac.o(.bss)
    g_r_OTDR_TYPE                            0x20000358   Data          10  iic_bus.o(.bss)
    USART_InitStructure                      0x20000364   Data          16  rtc.o(.bss)
    systmtime                                0x20000374   Data          28  rtc.o(.bss)
    g_r_POWER_METER_TX_BUFF                  0x20000390   Data          13  opm.o(.bss)
    ref_power_eeproma                        0x200003a0   Data         112  opm.o(.bss)
    cal_power_eeproma                        0x20000410   Data         256  opm.o(.bss)
    cal_adc_eeproma                          0x20000510   Data         256  opm.o(.bss)
    wavelength_coeff_eeproma                 0x20000610   Data         112  opm.o(.bss)
    __initial_sp                             0x20000a80   Data           0  startup_stm32f10x_hd.o(STACK)



==============================================================================

Memory Map of the image

  Image Entry point : 0x08000131

  Load Region LR_IROM1 (Base: 0x08000000, Size: 0x0000a1a8, Max: 0x00040000, ABSOLUTE, COMPRESSED[0x0000a07c])

    Execution Region ER_IROM1 (Base: 0x08000000, Size: 0x00009fa0, Max: 0x00040000, ABSOLUTE)

    Base Addr    Size         Type   Attr      Idx    E Section Name        Object

    0x08000000   0x00000130   Data   RO          398    RESET               startup_stm32f10x_hd.o
    0x08000130   0x00000000   Code   RO          632  * .ARM.Collect$$$$00000000  mc_w.l(entry.o)
    0x08000130   0x00000004   Code   RO          969    .ARM.Collect$$$$00000001  mc_w.l(entry2.o)
    0x08000134   0x00000004   Code   RO          972    .ARM.Collect$$$$00000004  mc_w.l(entry5.o)
    0x08000138   0x00000000   Code   RO          974    .ARM.Collect$$$$00000008  mc_w.l(entry7b.o)
    0x08000138   0x00000000   Code   RO          976    .ARM.Collect$$$$0000000A  mc_w.l(entry8b.o)
    0x08000138   0x00000008   Code   RO          977    .ARM.Collect$$$$0000000B  mc_w.l(entry9a.o)
    0x08000140   0x00000000   Code   RO          979    .ARM.Collect$$$$0000000D  mc_w.l(entry10a.o)
    0x08000140   0x00000000   Code   RO          981    .ARM.Collect$$$$0000000F  mc_w.l(entry11a.o)
    0x08000140   0x00000004   Code   RO          970    .ARM.Collect$$$$00002712  mc_w.l(entry2.o)
    0x08000144   0x00000a2c   Code   RO           92    .text               main.o
    0x08000b70   0x00001e78   Code   RO          192    .text               myuart.o
    0x080029e8   0x000000c4   Code   RO          219    .text               delay.o
    0x08002aac   0x000003dc   Code   RO          237    .text               adc.o
    0x08002e88   0x000001ac   Code   RO          253    .text               key.o
    0x08003034   0x00000e58   Code   RO          271    .text               dac.o
    0x08003e8c   0x00000c94   Code   RO          290    .text               iic_bus.o
    0x08004b20   0x00000130   Code   RO          315    .text               timer.o
    0x08004c50   0x00000368   Code   RO          330    .text               gpio_ctl.o
    0x08004fb8   0x00000438   Code   RO          342    .text               rtc.o
    0x080053f0   0x000005b8   Code   RO          365    .text               opm.o
    0x080059a8   0x00000160   Code   RO          384    .text               freaq.o
    0x08005b08   0x00000024   Code   RO          399    .text               startup_stm32f10x_hd.o
    0x08005b2c   0x000001e8   Code   RO          404    .text               system_stm32f10x.o
    0x08005d14   0x0000044e   Code   RO          432    .text               stm32f10x_adc.o
    0x08006162   0x00000002   PAD
    0x08006164   0x0000018c   Code   RO          444    .text               stm32f10x_dac.o
    0x080062f0   0x0000011c   Code   RO          456    .text               stm32f10x_exti.o
    0x0800640c   0x0000035c   Code   RO          480    .text               stm32f10x_gpio.o
    0x08006768   0x000003ac   Code   RO          504    .text               stm32f10x_rcc.o
    0x08006b14   0x00000408   Code   RO          530    .text               stm32f10x_usart.o
    0x08006f1c   0x000000dc   Code   RO          542    .text               misc.o
    0x08006ff8   0x00000254   Code   RO          554    .text               stm32f10x_dma.o
    0x0800724c   0x00000148   Code   RO          566    .text               stm32f10x_rtc.o
    0x08007394   0x000000cc   Code   RO          578    .text               stm32f10x_pwr.o
    0x08007460   0x000000c4   Code   RO          590    .text               stm32f10x_bkp.o
    0x08007524   0x00000e1a   Code   RO          602    .text               stm32f10x_tim.o
    0x0800833e   0x00000024   Code   RO          635    .text               mc_w.l(memcpya.o)
    0x08008362   0x000000b0   Code   RO          900    .text               mf_w.l(fadd.o)
    0x08008412   0x00000064   Code   RO          902    .text               mf_w.l(fmul.o)
    0x08008476   0x0000007c   Code   RO          904    .text               mf_w.l(fdiv.o)
    0x080084f2   0x0000014e   Code   RO          906    .text               mf_w.l(dadd.o)
    0x08008640   0x000000e4   Code   RO          908    .text               mf_w.l(dmul.o)
    0x08008724   0x000000de   Code   RO          910    .text               mf_w.l(ddiv.o)
    0x08008802   0x00000012   Code   RO          912    .text               mf_w.l(fflti.o)
    0x08008814   0x0000000a   Code   RO          914    .text               mf_w.l(ffltui.o)
    0x0800881e   0x00000032   Code   RO          916    .text               mf_w.l(ffixi.o)
    0x08008850   0x00000028   Code   RO          918    .text               mf_w.l(ffixui.o)
    0x08008878   0x00000026   Code   RO          920    .text               mf_w.l(f2d.o)
    0x0800889e   0x00000002   PAD
    0x080088a0   0x00000030   Code   RO          922    .text               mf_w.l(cdcmple.o)
    0x080088d0   0x00000030   Code   RO          924    .text               mf_w.l(cdrcmple.o)
    0x08008900   0x00000038   Code   RO          926    .text               mf_w.l(d2f.o)
    0x08008938   0x00000014   Code   RO          928    .text               mf_w.l(cfcmple.o)
    0x0800894c   0x00000014   Code   RO          930    .text               mf_w.l(cfrcmple.o)
    0x08008960   0x0000002c   Code   RO          984    .text               mc_w.l(uidiv.o)
    0x0800898c   0x0000001e   Code   RO          988    .text               mc_w.l(llshl.o)
    0x080089aa   0x00000024   Code   RO          990    .text               mc_w.l(llsshr.o)
    0x080089ce   0x00000000   Code   RO          999    .text               mc_w.l(iusefp.o)
    0x080089ce   0x0000006e   Code   RO         1000    .text               mf_w.l(fepilogue.o)
    0x08008a3c   0x000000ba   Code   RO         1002    .text               mf_w.l(depilogue.o)
    0x08008af6   0x0000002e   Code   RO         1004    .text               mf_w.l(dscalb.o)
    0x08008b24   0x00000022   Code   RO         1006    .text               mf_w.l(dflti.o)
    0x08008b46   0x00000002   PAD
    0x08008b48   0x00000024   Code   RO         1010    .text               mc_w.l(init.o)
    0x08008b6c   0x00000020   Code   RO         1012    .text               mc_w.l(llushr.o)
    0x08008b8c   0x000000a2   Code   RO         1014    .text               mf_w.l(dsqrt.o)
    0x08008c2e   0x00000056   Code   RO         1024    .text               mc_w.l(__dczerorl2.o)
    0x08008c84   0x00000020   Code   RO          728    i.__0printf$3       mc_w.l(printf3.o)
    0x08008ca4   0x00000028   Code   RO          946    i.__ARM_fpclassify  m_ws.l(fpclassify.o)
    0x08008ccc   0x000000aa   Code   RO          958    i.__kernel_poly     m_ws.l(poly.o)
    0x08008d76   0x00000002   PAD
    0x08008d78   0x00000010   Code   RO          932    i.__mathlib_dbl_divzero  m_ws.l(dunder.o)
    0x08008d88   0x00000006   Code   RO          933    i.__mathlib_dbl_infnan  m_ws.l(dunder.o)
    0x08008d8e   0x00000004   Code   RO          934    i.__mathlib_dbl_infnan2  m_ws.l(dunder.o)
    0x08008d92   0x0000000c   Code   RO          935    i.__mathlib_dbl_invalid  m_ws.l(dunder.o)
    0x08008d9e   0x0000000e   Code   RO          936    i.__mathlib_dbl_overflow  m_ws.l(dunder.o)
    0x08008dac   0x00000010   Code   RO          938    i.__mathlib_dbl_underflow  m_ws.l(dunder.o)
    0x08008dbc   0x0000000e   Code   RO         1018    i.__scatterload_copy  mc_w.l(handlers.o)
    0x08008dca   0x00000002   Code   RO         1019    i.__scatterload_null  mc_w.l(handlers.o)
    0x08008dcc   0x0000000e   Code   RO         1020    i.__scatterload_zeroinit  mc_w.l(handlers.o)
    0x08008dda   0x00000002   PAD
    0x08008ddc   0x0000000c   Code   RO          994    i.__set_errno       mc_w.l(errno.o)
    0x08008de8   0x000001b8   Code   RO          735    i._printf_core      mc_w.l(printf3.o)
    0x08008fa0   0x0000035c   Code   RO          949    i.log               m_ws.l(log.o)
    0x080092fc   0x000000e4   Code   RO          615    i.log10             m_ws.l(log10.o)
    0x080093e0   0x000009b8   Code   RO          623    i.pow               m_ws.l(pow.o)
    0x08009d98   0x0000004c   Code   RO          962    i.sqrt              m_ws.l(sqrt.o)
    0x08009de4   0x0000009c   Data   RO          292    .constdata          iic_bus.o
    0x08009e80   0x00000030   Data   RO          344    .constdata          rtc.o
    0x08009eb0   0x00000088   Data   RO          624    .constdata          m_ws.l(pow.o)
    0x08009f38   0x00000038   Data   RO          950    .constdata          m_ws.l(log.o)
    0x08009f70   0x00000008   Data   RO          960    .constdata          m_ws.l(qnan.o)
    0x08009f78   0x00000008   Data   RO          345    .conststring        rtc.o
    0x08009f80   0x00000020   Data   RO         1016    Region$$Table       anon$$obj.o


    Execution Region RW_IRAM1 (Base: 0x20000000, Size: 0x00000a80, Max: 0x0000c000, ABSOLUTE, COMPRESSED[0x000000dc])

    Base Addr    Size         Type   Attr      Idx    E Section Name        Object

    0x20000000   0x00000069   Data   RW           93    .data               main.o
    0x20000069   0x00000010   Data   RW          194    .data               myuart.o
    0x20000079   0x00000001   PAD
    0x2000007a   0x00000004   Data   RW          220    .data               delay.o
    0x2000007e   0x00000002   Data   RW          239    .data               adc.o
    0x20000080   0x00000002   Data   RW          254    .data               key.o
    0x20000082   0x00000004   Data   RW          273    .data               dac.o
    0x20000086   0x00000041   Data   RW          293    .data               iic_bus.o
    0x200000c7   0x00000002   Data   RW          316    .data               timer.o
    0x200000c9   0x00000003   PAD
    0x200000cc   0x00000038   Data   RW          346    .data               rtc.o
    0x20000104   0x000000d1   Data   RW          367    .data               opm.o
    0x200001d5   0x00000003   PAD
    0x200001d8   0x00000014   Data   RW          405    .data               system_stm32f10x.o
    0x200001ec   0x00000014   Data   RW          505    .data               stm32f10x_rcc.o
    0x20000200   0x00000004   Data   RW          983    .data               mc_w.l(stdout.o)
    0x20000204   0x00000004   Data   RW          995    .data               mc_w.l(errno.o)
    0x20000208   0x000000aa   Zero   RW          193    .bss                myuart.o
    0x200002b2   0x00000002   PAD
    0x200002b4   0x0000007c   Zero   RW          238    .bss                adc.o
    0x20000330   0x00000028   Zero   RW          272    .bss                dac.o
    0x20000358   0x0000000a   Zero   RW          291    .bss                iic_bus.o
    0x20000362   0x00000002   PAD
    0x20000364   0x0000002c   Zero   RW          343    .bss                rtc.o
    0x20000390   0x000002f0   Zero   RW          366    .bss                opm.o
    0x20000680   0x00000400   Zero   RW          396    STACK               startup_stm32f10x_hd.o


==============================================================================

Image component sizes


      Code (inc. data)   RO Data    RW Data    ZI Data      Debug   Object Name

       988         48          0          2        124       3338   adc.o
      3672        164          0          4         40       7064   dac.o
       196         10          0          4          0       1238   delay.o
       352          8          0          0          0       1720   freaq.o
       872         16          0          0          0       4587   gpio_ctl.o
      3220         72        156         65         10      11040   iic_bus.o
       428         30          0          2          0       1698   key.o
      2604        288          0        105          0     222428   main.o
       220         22          0          0          0       1841   misc.o
      7800        608          0         16        170      11696   myuart.o
      1464        104          0        209        752       4445   opm.o
      1080        166         56         56         44       4124   rtc.o
        36          8        304          0       1024        888   startup_stm32f10x_hd.o
      1102         26          0          0          0      10873   stm32f10x_adc.o
       196          8          0          0          0       3504   stm32f10x_bkp.o
       396          6          0          0          0       3690   stm32f10x_dac.o
       596          8          0          0          0       4370   stm32f10x_dma.o
       284         10          0          0          0       2275   stm32f10x_exti.o
       860         38          0          0          0       5681   stm32f10x_gpio.o
         0          0          0          0          0      62688   stm32f10x_it.o
       204         14          0          0          0       1935   stm32f10x_pwr.o
       940         44          0         20          0       8880   stm32f10x_rcc.o
       328          4          0          0          0       2690   stm32f10x_rtc.o
      3610         88          0          0          0      22172   stm32f10x_tim.o
      1032         22          0          0          0       8412   stm32f10x_usart.o
       488         46          0         20          0       1911   system_stm32f10x.o
       304         12          0          2          0       1530   timer.o

    ----------------------------------------------------------------------
     33274       1870        548        512       2168     416718   Object Totals
         0          0         32          0          0          0   (incl. Generated)
         2          0          0          7          4          0   (incl. Padding)

    ----------------------------------------------------------------------

      Code (inc. data)   RO Data    RW Data    ZI Data      Debug   Library Member Name

        68         10          0          0          0        408   dunder.o
        40          0          0          0          0         68   fpclassify.o
       860         52         56          0          0        256   log.o
       228         30          0          0          0        120   log10.o
       170          0          0          0          0         96   poly.o
      2488        190        136          0          0        300   pow.o
         0          0          8          0          0          0   qnan.o
        76          0          0          0          0         84   sqrt.o
        86          0          0          0          0          0   __dczerorl2.o
         0          0          0          0          0          0   entry.o
         0          0          0          0          0          0   entry10a.o
         0          0          0          0          0          0   entry11a.o
         8          4          0          0          0          0   entry2.o
         4          0          0          0          0          0   entry5.o
         0          0          0          0          0          0   entry7b.o
         0          0          0          0          0          0   entry8b.o
         8          4          0          0          0          0   entry9a.o
        12          6          0          4          0         68   errno.o
        30          0          0          0          0          0   handlers.o
        36          8          0          0          0         68   init.o
         0          0          0          0          0          0   iusefp.o
        30          0          0          0          0         68   llshl.o
        36          0          0          0          0         68   llsshr.o
        32          0          0          0          0         68   llushr.o
        36          0          0          0          0         68   memcpya.o
       472         14          0          0          0        184   printf3.o
         0          0          0          4          0          0   stdout.o
        44          0          0          0          0         80   uidiv.o
        48          0          0          0          0         68   cdcmple.o
        48          0          0          0          0         68   cdrcmple.o
        20          0          0          0          0         68   cfcmple.o
        20          0          0          0          0         68   cfrcmple.o
        56          0          0          0          0         88   d2f.o
       334          0          0          0          0        148   dadd.o
       222          0          0          0          0        100   ddiv.o
       186          0          0          0          0        176   depilogue.o
        34          0          0          0          0         76   dflti.o
       228          0          0          0          0         96   dmul.o
        46          0          0          0          0         80   dscalb.o
       162          0          0          0          0        100   dsqrt.o
        38          0          0          0          0         68   f2d.o
       176          0          0          0          0        140   fadd.o
       124          0          0          0          0         88   fdiv.o
       110          0          0          0          0        168   fepilogue.o
        50          0          0          0          0         68   ffixi.o
        40          0          0          0          0         68   ffixui.o
        18          0          0          0          0         68   fflti.o
        10          0          0          0          0         68   ffltui.o
       100          0          0          0          0         76   fmul.o

    ----------------------------------------------------------------------
      6842        318        200          8          0       3952   Library Totals
         8          0          0          0          0          0   (incl. Padding)

    ----------------------------------------------------------------------

      Code (inc. data)   RO Data    RW Data    ZI Data      Debug   Library Name

      3930        282        200          0          0       1332   m_ws.l
       834         36          0          8          0        672   mc_w.l
      2070          0          0          0          0       1948   mf_w.l

    ----------------------------------------------------------------------
      6842        318        200          8          0       3952   Library Totals

    ----------------------------------------------------------------------

==============================================================================


      Code (inc. data)   RO Data    RW Data    ZI Data      Debug   

     40116       2188        748        520       2168     416274   Grand Totals
     40116       2188        748        220       2168     416274   ELF Image Totals (compressed)
     40116       2188        748        220          0          0   ROM Totals

==============================================================================

    Total RO  Size (Code + RO Data)                40864 (  39.91kB)
    Total RW  Size (RW Data + ZI Data)              2688 (   2.63kB)
    Total ROM Size (Code + RO Data + RW Data)      41084 (  40.12kB)

==============================================================================

