<!doctype html public "-//w3c//dtd html 4.0 transitional//en">
<html><head>
<title>Static Call Graph - [..\..\output\FHO3000A-MCU-V2.0]</title></head>
<body><HR>
<H1>Static Call Graph for image ..\..\output\FHO3000A-MCU-V2.0</H1><HR>
<BR><P>#&#060CALLGRAPH&#062# ARM Linker, 5050106: Last Updated: Wed Nov 06 17:08:39 2019
<BR><P>
<H3>Maximum Stack Usage =        392 bytes + Unknown(Cycles, Untraceable Function Pointers)</H3><H3>
Call chain for Maximum Stack Depth:</H3>
main &rArr; COM3_RXD_FUNCTION &rArr; OPCTION_VCC_SW_SET &rArr; OPM_TEST &rArr; log10 &rArr; log &rArr; __kernel_poly &rArr; __aeabi_dmul &rArr; _double_epilogue &rArr; _double_round
<P>
<H3>
Mutually Recursive functions
</H3> <LI><a href="#[1]">NMI_Handler</a>&nbsp;&nbsp;&nbsp;&rArr;&nbsp;&nbsp;&nbsp;<a href="#[1]">NMI_Handler</a><BR>
 <LI><a href="#[2]">HardFault_Handler</a>&nbsp;&nbsp;&nbsp;&rArr;&nbsp;&nbsp;&nbsp;<a href="#[2]">HardFault_Handler</a><BR>
 <LI><a href="#[3]">MemManage_Handler</a>&nbsp;&nbsp;&nbsp;&rArr;&nbsp;&nbsp;&nbsp;<a href="#[3]">MemManage_Handler</a><BR>
 <LI><a href="#[4]">BusFault_Handler</a>&nbsp;&nbsp;&nbsp;&rArr;&nbsp;&nbsp;&nbsp;<a href="#[4]">BusFault_Handler</a><BR>
 <LI><a href="#[5]">UsageFault_Handler</a>&nbsp;&nbsp;&nbsp;&rArr;&nbsp;&nbsp;&nbsp;<a href="#[5]">UsageFault_Handler</a><BR>
 <LI><a href="#[6]">SVC_Handler</a>&nbsp;&nbsp;&nbsp;&rArr;&nbsp;&nbsp;&nbsp;<a href="#[6]">SVC_Handler</a><BR>
 <LI><a href="#[7]">DebugMon_Handler</a>&nbsp;&nbsp;&nbsp;&rArr;&nbsp;&nbsp;&nbsp;<a href="#[7]">DebugMon_Handler</a><BR>
 <LI><a href="#[8]">PendSV_Handler</a>&nbsp;&nbsp;&nbsp;&rArr;&nbsp;&nbsp;&nbsp;<a href="#[8]">PendSV_Handler</a><BR>
 <LI><a href="#[9]">SysTick_Handler</a>&nbsp;&nbsp;&nbsp;&rArr;&nbsp;&nbsp;&nbsp;<a href="#[9]">SysTick_Handler</a><BR>
 <LI><a href="#[1c]">ADC1_2_IRQHandler</a>&nbsp;&nbsp;&nbsp;&rArr;&nbsp;&nbsp;&nbsp;<a href="#[1c]">ADC1_2_IRQHandler</a><BR>
</UL>
<P>
<H3>
Function Pointers
</H3><UL>
 <LI><a href="#[1c]">ADC1_2_IRQHandler</a> from startup_stm32f10x_hd.o(.text) referenced from startup_stm32f10x_hd.o(RESET)
 <LI><a href="#[39]">ADC3_IRQHandler</a> from startup_stm32f10x_hd.o(.text) referenced from startup_stm32f10x_hd.o(RESET)
 <LI><a href="#[4]">BusFault_Handler</a> from startup_stm32f10x_hd.o(.text) referenced from startup_stm32f10x_hd.o(RESET)
 <LI><a href="#[1f]">CAN1_RX1_IRQHandler</a> from startup_stm32f10x_hd.o(.text) referenced from startup_stm32f10x_hd.o(RESET)
 <LI><a href="#[20]">CAN1_SCE_IRQHandler</a> from startup_stm32f10x_hd.o(.text) referenced from startup_stm32f10x_hd.o(RESET)
 <LI><a href="#[15]">DMA1_Channel1_IRQHandler</a> from startup_stm32f10x_hd.o(.text) referenced from startup_stm32f10x_hd.o(RESET)
 <LI><a href="#[16]">DMA1_Channel2_IRQHandler</a> from startup_stm32f10x_hd.o(.text) referenced from startup_stm32f10x_hd.o(RESET)
 <LI><a href="#[17]">DMA1_Channel3_IRQHandler</a> from startup_stm32f10x_hd.o(.text) referenced from startup_stm32f10x_hd.o(RESET)
 <LI><a href="#[18]">DMA1_Channel4_IRQHandler</a> from startup_stm32f10x_hd.o(.text) referenced from startup_stm32f10x_hd.o(RESET)
 <LI><a href="#[19]">DMA1_Channel5_IRQHandler</a> from startup_stm32f10x_hd.o(.text) referenced from startup_stm32f10x_hd.o(RESET)
 <LI><a href="#[1a]">DMA1_Channel6_IRQHandler</a> from startup_stm32f10x_hd.o(.text) referenced from startup_stm32f10x_hd.o(RESET)
 <LI><a href="#[1b]">DMA1_Channel7_IRQHandler</a> from startup_stm32f10x_hd.o(.text) referenced from startup_stm32f10x_hd.o(RESET)
 <LI><a href="#[42]">DMA2_Channel1_IRQHandler</a> from startup_stm32f10x_hd.o(.text) referenced from startup_stm32f10x_hd.o(RESET)
 <LI><a href="#[43]">DMA2_Channel2_IRQHandler</a> from startup_stm32f10x_hd.o(.text) referenced from startup_stm32f10x_hd.o(RESET)
 <LI><a href="#[44]">DMA2_Channel3_IRQHandler</a> from startup_stm32f10x_hd.o(.text) referenced from startup_stm32f10x_hd.o(RESET)
 <LI><a href="#[45]">DMA2_Channel4_5_IRQHandler</a> from startup_stm32f10x_hd.o(.text) referenced from startup_stm32f10x_hd.o(RESET)
 <LI><a href="#[7]">DebugMon_Handler</a> from startup_stm32f10x_hd.o(.text) referenced from startup_stm32f10x_hd.o(RESET)
 <LI><a href="#[10]">EXTI0_IRQHandler</a> from key.o(.text) referenced from startup_stm32f10x_hd.o(RESET)
 <LI><a href="#[32]">EXTI15_10_IRQHandler</a> from startup_stm32f10x_hd.o(.text) referenced from startup_stm32f10x_hd.o(RESET)
 <LI><a href="#[11]">EXTI1_IRQHandler</a> from key.o(.text) referenced from startup_stm32f10x_hd.o(RESET)
 <LI><a href="#[12]">EXTI2_IRQHandler</a> from startup_stm32f10x_hd.o(.text) referenced from startup_stm32f10x_hd.o(RESET)
 <LI><a href="#[13]">EXTI3_IRQHandler</a> from startup_stm32f10x_hd.o(.text) referenced from startup_stm32f10x_hd.o(RESET)
 <LI><a href="#[14]">EXTI4_IRQHandler</a> from startup_stm32f10x_hd.o(.text) referenced from startup_stm32f10x_hd.o(RESET)
 <LI><a href="#[21]">EXTI9_5_IRQHandler</a> from freaq.o(.text) referenced from startup_stm32f10x_hd.o(RESET)
 <LI><a href="#[e]">FLASH_IRQHandler</a> from startup_stm32f10x_hd.o(.text) referenced from startup_stm32f10x_hd.o(RESET)
 <LI><a href="#[3a]">FSMC_IRQHandler</a> from startup_stm32f10x_hd.o(.text) referenced from startup_stm32f10x_hd.o(RESET)
 <LI><a href="#[2]">HardFault_Handler</a> from startup_stm32f10x_hd.o(.text) referenced from startup_stm32f10x_hd.o(RESET)
 <LI><a href="#[2a]">I2C1_ER_IRQHandler</a> from startup_stm32f10x_hd.o(.text) referenced from startup_stm32f10x_hd.o(RESET)
 <LI><a href="#[29]">I2C1_EV_IRQHandler</a> from startup_stm32f10x_hd.o(.text) referenced from startup_stm32f10x_hd.o(RESET)
 <LI><a href="#[2c]">I2C2_ER_IRQHandler</a> from startup_stm32f10x_hd.o(.text) referenced from startup_stm32f10x_hd.o(RESET)
 <LI><a href="#[2b]">I2C2_EV_IRQHandler</a> from startup_stm32f10x_hd.o(.text) referenced from startup_stm32f10x_hd.o(RESET)
 <LI><a href="#[3]">MemManage_Handler</a> from startup_stm32f10x_hd.o(.text) referenced from startup_stm32f10x_hd.o(RESET)
 <LI><a href="#[1]">NMI_Handler</a> from startup_stm32f10x_hd.o(.text) referenced from startup_stm32f10x_hd.o(RESET)
 <LI><a href="#[b]">PVD_IRQHandler</a> from startup_stm32f10x_hd.o(.text) referenced from startup_stm32f10x_hd.o(RESET)
 <LI><a href="#[8]">PendSV_Handler</a> from startup_stm32f10x_hd.o(.text) referenced from startup_stm32f10x_hd.o(RESET)
 <LI><a href="#[f]">RCC_IRQHandler</a> from startup_stm32f10x_hd.o(.text) referenced from startup_stm32f10x_hd.o(RESET)
 <LI><a href="#[33]">RTCAlarm_IRQHandler</a> from startup_stm32f10x_hd.o(.text) referenced from startup_stm32f10x_hd.o(RESET)
 <LI><a href="#[d]">RTC_IRQHandler</a> from rtc.o(.text) referenced from startup_stm32f10x_hd.o(RESET)
 <LI><a href="#[0]">Reset_Handler</a> from startup_stm32f10x_hd.o(.text) referenced from startup_stm32f10x_hd.o(RESET)
 <LI><a href="#[3b]">SDIO_IRQHandler</a> from startup_stm32f10x_hd.o(.text) referenced from startup_stm32f10x_hd.o(RESET)
 <LI><a href="#[2d]">SPI1_IRQHandler</a> from startup_stm32f10x_hd.o(.text) referenced from startup_stm32f10x_hd.o(RESET)
 <LI><a href="#[2e]">SPI2_IRQHandler</a> from startup_stm32f10x_hd.o(.text) referenced from startup_stm32f10x_hd.o(RESET)
 <LI><a href="#[3d]">SPI3_IRQHandler</a> from startup_stm32f10x_hd.o(.text) referenced from startup_stm32f10x_hd.o(RESET)
 <LI><a href="#[6]">SVC_Handler</a> from startup_stm32f10x_hd.o(.text) referenced from startup_stm32f10x_hd.o(RESET)
 <LI><a href="#[9]">SysTick_Handler</a> from startup_stm32f10x_hd.o(.text) referenced from startup_stm32f10x_hd.o(RESET)
 <LI><a href="#[47]">SystemInit</a> from system_stm32f10x.o(.text) referenced from startup_stm32f10x_hd.o(.text)
 <LI><a href="#[c]">TAMPER_IRQHandler</a> from startup_stm32f10x_hd.o(.text) referenced from startup_stm32f10x_hd.o(RESET)
 <LI><a href="#[22]">TIM1_BRK_IRQHandler</a> from startup_stm32f10x_hd.o(.text) referenced from startup_stm32f10x_hd.o(RESET)
 <LI><a href="#[25]">TIM1_CC_IRQHandler</a> from startup_stm32f10x_hd.o(.text) referenced from startup_stm32f10x_hd.o(RESET)
 <LI><a href="#[24]">TIM1_TRG_COM_IRQHandler</a> from startup_stm32f10x_hd.o(.text) referenced from startup_stm32f10x_hd.o(RESET)
 <LI><a href="#[23]">TIM1_UP_IRQHandler</a> from startup_stm32f10x_hd.o(.text) referenced from startup_stm32f10x_hd.o(RESET)
 <LI><a href="#[26]">TIM2_IRQHandler</a> from timer.o(.text) referenced from startup_stm32f10x_hd.o(RESET)
 <LI><a href="#[27]">TIM3_IRQHandler</a> from freaq.o(.text) referenced from startup_stm32f10x_hd.o(RESET)
 <LI><a href="#[28]">TIM4_IRQHandler</a> from startup_stm32f10x_hd.o(.text) referenced from startup_stm32f10x_hd.o(RESET)
 <LI><a href="#[3c]">TIM5_IRQHandler</a> from startup_stm32f10x_hd.o(.text) referenced from startup_stm32f10x_hd.o(RESET)
 <LI><a href="#[40]">TIM6_IRQHandler</a> from startup_stm32f10x_hd.o(.text) referenced from startup_stm32f10x_hd.o(RESET)
 <LI><a href="#[41]">TIM7_IRQHandler</a> from startup_stm32f10x_hd.o(.text) referenced from startup_stm32f10x_hd.o(RESET)
 <LI><a href="#[35]">TIM8_BRK_IRQHandler</a> from startup_stm32f10x_hd.o(.text) referenced from startup_stm32f10x_hd.o(RESET)
 <LI><a href="#[38]">TIM8_CC_IRQHandler</a> from startup_stm32f10x_hd.o(.text) referenced from startup_stm32f10x_hd.o(RESET)
 <LI><a href="#[37]">TIM8_TRG_COM_IRQHandler</a> from startup_stm32f10x_hd.o(.text) referenced from startup_stm32f10x_hd.o(RESET)
 <LI><a href="#[36]">TIM8_UP_IRQHandler</a> from startup_stm32f10x_hd.o(.text) referenced from startup_stm32f10x_hd.o(RESET)
 <LI><a href="#[3e]">UART4_IRQHandler</a> from dac.o(.text) referenced from startup_stm32f10x_hd.o(RESET)
 <LI><a href="#[3f]">UART5_IRQHandler</a> from startup_stm32f10x_hd.o(.text) referenced from startup_stm32f10x_hd.o(RESET)
 <LI><a href="#[2f]">USART1_IRQHandler</a> from startup_stm32f10x_hd.o(.text) referenced from startup_stm32f10x_hd.o(RESET)
 <LI><a href="#[30]">USART2_IRQHandler</a> from myuart.o(.text) referenced from startup_stm32f10x_hd.o(RESET)
 <LI><a href="#[31]">USART3_IRQHandler</a> from myuart.o(.text) referenced from startup_stm32f10x_hd.o(RESET)
 <LI><a href="#[34]">USBWakeUp_IRQHandler</a> from startup_stm32f10x_hd.o(.text) referenced from startup_stm32f10x_hd.o(RESET)
 <LI><a href="#[1d]">USB_HP_CAN1_TX_IRQHandler</a> from startup_stm32f10x_hd.o(.text) referenced from startup_stm32f10x_hd.o(RESET)
 <LI><a href="#[1e]">USB_LP_CAN1_RX0_IRQHandler</a> from startup_stm32f10x_hd.o(.text) referenced from startup_stm32f10x_hd.o(RESET)
 <LI><a href="#[5]">UsageFault_Handler</a> from startup_stm32f10x_hd.o(.text) referenced from startup_stm32f10x_hd.o(RESET)
 <LI><a href="#[a]">WWDG_IRQHandler</a> from startup_stm32f10x_hd.o(.text) referenced from startup_stm32f10x_hd.o(RESET)
 <LI><a href="#[48]">__main</a> from entry.o(.ARM.Collect$$$$00000000) referenced from startup_stm32f10x_hd.o(.text)
 <LI><a href="#[49]">fputc</a> from myuart.o(.text) referenced from printf3.o(i.__0printf$3)
 <LI><a href="#[46]">main</a> from main.o(.text) referenced from entry9a.o(.ARM.Collect$$$$0000000B)
</UL>
<P>
<H3>
Global Symbols
</H3>
<P><STRONG><a name="[48]"></a>__main</STRONG> (Thumb, 0 bytes, Stack size unknown bytes, entry.o(.ARM.Collect$$$$00000000))
<BR>[Address Reference Count : 1]<UL><LI> startup_stm32f10x_hd.o(.text)
</UL>
<P><STRONG><a name="[173]"></a>_main_stk</STRONG> (Thumb, 0 bytes, Stack size unknown bytes, entry2.o(.ARM.Collect$$$$00000001))

<P><STRONG><a name="[4a]"></a>_main_scatterload</STRONG> (Thumb, 0 bytes, Stack size unknown bytes, entry5.o(.ARM.Collect$$$$00000004))
<BR><BR>[Calls]<UL><LI><a href="#[4b]">&gt;&gt;</a>&nbsp;&nbsp;&nbsp;__scatterload
</UL>

<P><STRONG><a name="[161]"></a>__main_after_scatterload</STRONG> (Thumb, 0 bytes, Stack size unknown bytes, entry5.o(.ARM.Collect$$$$00000004))
<BR><BR>[Called By]<UL><LI><a href="#[4b]">&gt;&gt;</a>&nbsp;&nbsp;&nbsp;__scatterload
</UL>

<P><STRONG><a name="[174]"></a>_main_clock</STRONG> (Thumb, 0 bytes, Stack size unknown bytes, entry7b.o(.ARM.Collect$$$$00000008))

<P><STRONG><a name="[175]"></a>_main_cpp_init</STRONG> (Thumb, 0 bytes, Stack size unknown bytes, entry8b.o(.ARM.Collect$$$$0000000A))

<P><STRONG><a name="[176]"></a>_main_init</STRONG> (Thumb, 0 bytes, Stack size unknown bytes, entry9a.o(.ARM.Collect$$$$0000000B))

<P><STRONG><a name="[177]"></a>__rt_final_cpp</STRONG> (Thumb, 0 bytes, Stack size unknown bytes, entry10a.o(.ARM.Collect$$$$0000000D))

<P><STRONG><a name="[178]"></a>__rt_final_exit</STRONG> (Thumb, 0 bytes, Stack size unknown bytes, entry11a.o(.ARM.Collect$$$$0000000F))

<P><STRONG><a name="[179]"></a>DD_delay_ms</STRONG> (Thumb, 12 bytes, Stack size 0 bytes, main.o(.text), UNUSED)

<P><STRONG><a name="[4c]"></a>VFL_KEY_FUNNCTION</STRONG> (Thumb, 142 bytes, Stack size 8 bytes, main.o(.text))
<BR><BR>[Stack]<UL><LI>Max Depth = 16<LI>Call Chain = VFL_KEY_FUNNCTION &rArr; VFL_CTL
</UL>
<BR>[Calls]<UL><LI><a href="#[4e]">&gt;&gt;</a>&nbsp;&nbsp;&nbsp;VFL_CTL
<LI><a href="#[4f]">&gt;&gt;</a>&nbsp;&nbsp;&nbsp;Timer_start
<LI><a href="#[4d]">&gt;&gt;</a>&nbsp;&nbsp;&nbsp;LED_VFL_RED_CTL
<LI><a href="#[50]">&gt;&gt;</a>&nbsp;&nbsp;&nbsp;BUZZ_CTL_TIME
</UL>
<BR>[Called By]<UL><LI><a href="#[46]">&gt;&gt;</a>&nbsp;&nbsp;&nbsp;main
</UL>

<P><STRONG><a name="[51]"></a>Second_function</STRONG> (Thumb, 1052 bytes, Stack size 48 bytes, main.o(.text))
<BR><BR>[Stack]<UL><LI>Max Depth = 184<LI>Call Chain = Second_function &rArr; Get_dc_in_voltage &rArr; __aeabi_dmul &rArr; _double_epilogue &rArr; _double_round
</UL>
<BR>[Calls]<UL><LI><a href="#[5f]">&gt;&gt;</a>&nbsp;&nbsp;&nbsp;delay_ms
<LI><a href="#[54]">&gt;&gt;</a>&nbsp;&nbsp;&nbsp;__aeabi_fmul
<LI><a href="#[66]">&gt;&gt;</a>&nbsp;&nbsp;&nbsp;__aeabi_fadd
<LI><a href="#[55]">&gt;&gt;</a>&nbsp;&nbsp;&nbsp;__aeabi_f2uiz
<LI><a href="#[57]">&gt;&gt;</a>&nbsp;&nbsp;&nbsp;__aeabi_f2d
<LI><a href="#[63]">&gt;&gt;</a>&nbsp;&nbsp;&nbsp;__aeabi_dsub
<LI><a href="#[65]">&gt;&gt;</a>&nbsp;&nbsp;&nbsp;__aeabi_dmul
<LI><a href="#[64]">&gt;&gt;</a>&nbsp;&nbsp;&nbsp;__aeabi_d2f
<LI><a href="#[59]">&gt;&gt;</a>&nbsp;&nbsp;&nbsp;__aeabi_cfrcmple
<LI><a href="#[5a]">&gt;&gt;</a>&nbsp;&nbsp;&nbsp;__aeabi_cfcmple
<LI><a href="#[58]">&gt;&gt;</a>&nbsp;&nbsp;&nbsp;__aeabi_cdrcmple
<LI><a href="#[62]">&gt;&gt;</a>&nbsp;&nbsp;&nbsp;__aeabi_cdcmple
<LI><a href="#[60]">&gt;&gt;</a>&nbsp;&nbsp;&nbsp;LED_POWER_RED_CTL
<LI><a href="#[61]">&gt;&gt;</a>&nbsp;&nbsp;&nbsp;LED_POWER_GREED_CTL
<LI><a href="#[5e]">&gt;&gt;</a>&nbsp;&nbsp;&nbsp;LCD_BL_CTL
<LI><a href="#[53]">&gt;&gt;</a>&nbsp;&nbsp;&nbsp;Get_dc_in_voltage
<LI><a href="#[52]">&gt;&gt;</a>&nbsp;&nbsp;&nbsp;Get_batt_voltage
<LI><a href="#[56]">&gt;&gt;</a>&nbsp;&nbsp;&nbsp;GPIO_ReadInputDataBit
<LI><a href="#[5d]">&gt;&gt;</a>&nbsp;&nbsp;&nbsp;CPU_POWER_CTL
<LI><a href="#[5b]">&gt;&gt;</a>&nbsp;&nbsp;&nbsp;CHARGE_EANBLE
<LI><a href="#[50]">&gt;&gt;</a>&nbsp;&nbsp;&nbsp;BUZZ_CTL_TIME
<LI><a href="#[5c]">&gt;&gt;</a>&nbsp;&nbsp;&nbsp;ALL_POWER_LOCK
</UL>
<BR>[Called By]<UL><LI><a href="#[46]">&gt;&gt;</a>&nbsp;&nbsp;&nbsp;main
</UL>

<P><STRONG><a name="[67]"></a>POWER_OFF_CTL_FUNCTION</STRONG> (Thumb, 74 bytes, Stack size 8 bytes, main.o(.text))
<BR><BR>[Stack]<UL><LI>Max Depth = 40<LI>Call Chain = POWER_OFF_CTL_FUNCTION &rArr; USART4_OFF &rArr; GPIO_Init
</UL>
<BR>[Calls]<UL><LI><a href="#[4e]">&gt;&gt;</a>&nbsp;&nbsp;&nbsp;VFL_CTL
<LI><a href="#[6a]">&gt;&gt;</a>&nbsp;&nbsp;&nbsp;USB_POWER_CTL
<LI><a href="#[69]">&gt;&gt;</a>&nbsp;&nbsp;&nbsp;USART4_OFF
<LI><a href="#[68]">&gt;&gt;</a>&nbsp;&nbsp;&nbsp;USART3_OFF
<LI><a href="#[6d]">&gt;&gt;</a>&nbsp;&nbsp;&nbsp;Laser_souce_Set
<LI><a href="#[5e]">&gt;&gt;</a>&nbsp;&nbsp;&nbsp;LCD_BL_CTL
<LI><a href="#[6c]">&gt;&gt;</a>&nbsp;&nbsp;&nbsp;DAC_SetChannel2Data
<LI><a href="#[6b]">&gt;&gt;</a>&nbsp;&nbsp;&nbsp;DAC_SetChannel1Data
<LI><a href="#[5d]">&gt;&gt;</a>&nbsp;&nbsp;&nbsp;CPU_POWER_CTL
<LI><a href="#[5c]">&gt;&gt;</a>&nbsp;&nbsp;&nbsp;ALL_POWER_LOCK
</UL>
<BR>[Called By]<UL><LI><a href="#[46]">&gt;&gt;</a>&nbsp;&nbsp;&nbsp;main
</UL>

<P><STRONG><a name="[6e]"></a>POWER_ON_CTL_FUNCTION</STRONG> (Thumb, 76 bytes, Stack size 8 bytes, main.o(.text))
<BR><BR>[Stack]<UL><LI>Max Depth = 100<LI>Call Chain = POWER_ON_CTL_FUNCTION &rArr; USART4_Config &rArr; USART_Init &rArr; RCC_GetClocksFreq
</UL>
<BR>[Calls]<UL><LI><a href="#[74]">&gt;&gt;</a>&nbsp;&nbsp;&nbsp;USART4_Config
<LI><a href="#[73]">&gt;&gt;</a>&nbsp;&nbsp;&nbsp;USART3_Config
<LI><a href="#[70]">&gt;&gt;</a>&nbsp;&nbsp;&nbsp;Timer_Init
<LI><a href="#[75]">&gt;&gt;</a>&nbsp;&nbsp;&nbsp;Laser_souce_IO_Init
<LI><a href="#[5e]">&gt;&gt;</a>&nbsp;&nbsp;&nbsp;LCD_BL_CTL
<LI><a href="#[6f]">&gt;&gt;</a>&nbsp;&nbsp;&nbsp;GPIO_OUT_INIT
<LI><a href="#[72]">&gt;&gt;</a>&nbsp;&nbsp;&nbsp;Dac2_Init
<LI><a href="#[71]">&gt;&gt;</a>&nbsp;&nbsp;&nbsp;Dac1_Init
<LI><a href="#[5d]">&gt;&gt;</a>&nbsp;&nbsp;&nbsp;CPU_POWER_CTL
<LI><a href="#[5b]">&gt;&gt;</a>&nbsp;&nbsp;&nbsp;CHARGE_EANBLE
<LI><a href="#[50]">&gt;&gt;</a>&nbsp;&nbsp;&nbsp;BUZZ_CTL_TIME
<LI><a href="#[5c]">&gt;&gt;</a>&nbsp;&nbsp;&nbsp;ALL_POWER_LOCK
</UL>
<BR>[Called By]<UL><LI><a href="#[87]">&gt;&gt;</a>&nbsp;&nbsp;&nbsp;KEY_FUNCTION
<LI><a href="#[46]">&gt;&gt;</a>&nbsp;&nbsp;&nbsp;main
</UL>

<P><STRONG><a name="[46]"></a>main</STRONG> (Thumb, 1092 bytes, Stack size 0 bytes, main.o(.text))
<BR><BR>[Stack]<UL><LI>Max Depth = 392<LI>Call Chain = main &rArr; COM3_RXD_FUNCTION &rArr; OPCTION_VCC_SW_SET &rArr; OPM_TEST &rArr; log10 &rArr; log &rArr; __kernel_poly &rArr; __aeabi_dmul &rArr; _double_epilogue &rArr; _double_round
</UL>
<BR>[Calls]<UL><LI><a href="#[78]">&gt;&gt;</a>&nbsp;&nbsp;&nbsp;load_cal_constant
<LI><a href="#[5f]">&gt;&gt;</a>&nbsp;&nbsp;&nbsp;delay_ms
<LI><a href="#[76]">&gt;&gt;</a>&nbsp;&nbsp;&nbsp;delay_init
<LI><a href="#[59]">&gt;&gt;</a>&nbsp;&nbsp;&nbsp;__aeabi_cfrcmple
<LI><a href="#[7f]">&gt;&gt;</a>&nbsp;&nbsp;&nbsp;WRITE_BYTE_TMP
<LI><a href="#[6a]">&gt;&gt;</a>&nbsp;&nbsp;&nbsp;USB_POWER_CTL
<LI><a href="#[7b]">&gt;&gt;</a>&nbsp;&nbsp;&nbsp;USART1_Config
<LI><a href="#[8a]">&gt;&gt;</a>&nbsp;&nbsp;&nbsp;UART3_TXD_Burst_information
<LI><a href="#[88]">&gt;&gt;</a>&nbsp;&nbsp;&nbsp;UART3_TXD_BUFF
<LI><a href="#[47]">&gt;&gt;</a>&nbsp;&nbsp;&nbsp;SystemInit
<LI><a href="#[7d]">&gt;&gt;</a>&nbsp;&nbsp;&nbsp;RTC_NVIC_Configuration
<LI><a href="#[7c]">&gt;&gt;</a>&nbsp;&nbsp;&nbsp;RTC_EXTI_Config
<LI><a href="#[84]">&gt;&gt;</a>&nbsp;&nbsp;&nbsp;OPM_TEST
<LI><a href="#[83]">&gt;&gt;</a>&nbsp;&nbsp;&nbsp;OPM_SET_FUNCTION
<LI><a href="#[85]">&gt;&gt;</a>&nbsp;&nbsp;&nbsp;Loading_CH
<LI><a href="#[79]">&gt;&gt;</a>&nbsp;&nbsp;&nbsp;Load_set_status
<LI><a href="#[8c]">&gt;&gt;</a>&nbsp;&nbsp;&nbsp;Laser_souce_lamda_set
<LI><a href="#[60]">&gt;&gt;</a>&nbsp;&nbsp;&nbsp;LED_POWER_RED_CTL
<LI><a href="#[61]">&gt;&gt;</a>&nbsp;&nbsp;&nbsp;LED_POWER_GREED_CTL
<LI><a href="#[87]">&gt;&gt;</a>&nbsp;&nbsp;&nbsp;KEY_FUNCTION
<LI><a href="#[7a]">&gt;&gt;</a>&nbsp;&nbsp;&nbsp;KEY_EXTI_Config
<LI><a href="#[77]">&gt;&gt;</a>&nbsp;&nbsp;&nbsp;IIC_BUS_GPIO_Config
<LI><a href="#[8b]">&gt;&gt;</a>&nbsp;&nbsp;&nbsp;GPIO_ResetBits
<LI><a href="#[56]">&gt;&gt;</a>&nbsp;&nbsp;&nbsp;GPIO_ReadInputDataBit
<LI><a href="#[6f]">&gt;&gt;</a>&nbsp;&nbsp;&nbsp;GPIO_OUT_INIT
<LI><a href="#[80]">&gt;&gt;</a>&nbsp;&nbsp;&nbsp;GET_TMP_PCB_DB
<LI><a href="#[8d]">&gt;&gt;</a>&nbsp;&nbsp;&nbsp;Dac2_Set_Vol
<LI><a href="#[5d]">&gt;&gt;</a>&nbsp;&nbsp;&nbsp;CPU_POWER_CTL
<LI><a href="#[86]">&gt;&gt;</a>&nbsp;&nbsp;&nbsp;COM4_RXD_FUNCTION
<LI><a href="#[82]">&gt;&gt;</a>&nbsp;&nbsp;&nbsp;COM3_RXD_FUNCTION
<LI><a href="#[81]">&gt;&gt;</a>&nbsp;&nbsp;&nbsp;COM1_FUNCTION
<LI><a href="#[5b]">&gt;&gt;</a>&nbsp;&nbsp;&nbsp;CHARGE_EANBLE
<LI><a href="#[89]">&gt;&gt;</a>&nbsp;&nbsp;&nbsp;Burst_information
<LI><a href="#[50]">&gt;&gt;</a>&nbsp;&nbsp;&nbsp;BUZZ_CTL_TIME
<LI><a href="#[7e]">&gt;&gt;</a>&nbsp;&nbsp;&nbsp;ADC_Test_Init
<LI><a href="#[6e]">&gt;&gt;</a>&nbsp;&nbsp;&nbsp;POWER_ON_CTL_FUNCTION
<LI><a href="#[67]">&gt;&gt;</a>&nbsp;&nbsp;&nbsp;POWER_OFF_CTL_FUNCTION
<LI><a href="#[51]">&gt;&gt;</a>&nbsp;&nbsp;&nbsp;Second_function
<LI><a href="#[4c]">&gt;&gt;</a>&nbsp;&nbsp;&nbsp;VFL_KEY_FUNNCTION
</UL>
<BR>[Address Reference Count : 1]<UL><LI> entry9a.o(.ARM.Collect$$$$0000000B)
</UL>
<P><STRONG><a name="[8e]"></a>LD_FUNCTION</STRONG> (Thumb, 92 bytes, Stack size 8 bytes, main.o(.text), UNUSED)
<BR><BR>[Calls]<UL><LI><a href="#[5f]">&gt;&gt;</a>&nbsp;&nbsp;&nbsp;delay_ms
<LI><a href="#[8f]">&gt;&gt;</a>&nbsp;&nbsp;&nbsp;LD_POWER_CTL
<LI><a href="#[90]">&gt;&gt;</a>&nbsp;&nbsp;&nbsp;LD_Channel_CTL
<LI><a href="#[8d]">&gt;&gt;</a>&nbsp;&nbsp;&nbsp;Dac2_Set_Vol
</UL>

<P><STRONG><a name="[91]"></a>URAT1_NVIC_Configuration</STRONG> (Thumb, 38 bytes, Stack size 8 bytes, myuart.o(.text))
<BR><BR>[Stack]<UL><LI>Max Depth = 24<LI>Call Chain = URAT1_NVIC_Configuration &rArr; NVIC_Init
</UL>
<BR>[Calls]<UL><LI><a href="#[92]">&gt;&gt;</a>&nbsp;&nbsp;&nbsp;NVIC_PriorityGroupConfig
<LI><a href="#[93]">&gt;&gt;</a>&nbsp;&nbsp;&nbsp;NVIC_Init
</UL>
<BR>[Called By]<UL><LI><a href="#[7b]">&gt;&gt;</a>&nbsp;&nbsp;&nbsp;USART1_Config
</UL>

<P><STRONG><a name="[7b]"></a>USART1_Config</STRONG> (Thumb, 138 bytes, Stack size 24 bytes, myuart.o(.text))
<BR><BR>[Stack]<UL><LI>Max Depth = 92<LI>Call Chain = USART1_Config &rArr; USART_Init &rArr; RCC_GetClocksFreq
</UL>
<BR>[Calls]<UL><LI><a href="#[96]">&gt;&gt;</a>&nbsp;&nbsp;&nbsp;USART_Init
<LI><a href="#[98]">&gt;&gt;</a>&nbsp;&nbsp;&nbsp;USART_ITConfig
<LI><a href="#[97]">&gt;&gt;</a>&nbsp;&nbsp;&nbsp;USART_Cmd
<LI><a href="#[94]">&gt;&gt;</a>&nbsp;&nbsp;&nbsp;RCC_APB2PeriphClockCmd
<LI><a href="#[95]">&gt;&gt;</a>&nbsp;&nbsp;&nbsp;GPIO_Init
<LI><a href="#[91]">&gt;&gt;</a>&nbsp;&nbsp;&nbsp;URAT1_NVIC_Configuration
</UL>
<BR>[Called By]<UL><LI><a href="#[46]">&gt;&gt;</a>&nbsp;&nbsp;&nbsp;main
</UL>

<P><STRONG><a name="[49]"></a>fputc</STRONG> (Thumb, 46 bytes, Stack size 16 bytes, myuart.o(.text))
<BR><BR>[Stack]<UL><LI>Max Depth = 16<LI>Call Chain = fputc
</UL>
<BR>[Calls]<UL><LI><a href="#[9a]">&gt;&gt;</a>&nbsp;&nbsp;&nbsp;USART_SendData
<LI><a href="#[99]">&gt;&gt;</a>&nbsp;&nbsp;&nbsp;USART_GetFlagStatus
</UL>
<BR>[Address Reference Count : 1]<UL><LI> printf3.o(i.__0printf$3)
</UL>
<P><STRONG><a name="[9b]"></a>fgetc</STRONG> (Thumb, 26 bytes, Stack size 8 bytes, myuart.o(.text), UNUSED)
<BR><BR>[Calls]<UL><LI><a href="#[9c]">&gt;&gt;</a>&nbsp;&nbsp;&nbsp;USART_ReceiveData
<LI><a href="#[99]">&gt;&gt;</a>&nbsp;&nbsp;&nbsp;USART_GetFlagStatus
</UL>

<P><STRONG><a name="[9d]"></a>UARTx_Send_Str</STRONG> (Thumb, 58 bytes, Stack size 16 bytes, myuart.o(.text))
<BR><BR>[Stack]<UL><LI>Max Depth = 16<LI>Call Chain = UARTx_Send_Str
</UL>
<BR>[Calls]<UL><LI><a href="#[9a]">&gt;&gt;</a>&nbsp;&nbsp;&nbsp;USART_SendData
<LI><a href="#[99]">&gt;&gt;</a>&nbsp;&nbsp;&nbsp;USART_GetFlagStatus
</UL>
<BR>[Called By]<UL><LI><a href="#[82]">&gt;&gt;</a>&nbsp;&nbsp;&nbsp;COM3_RXD_FUNCTION
</UL>

<P><STRONG><a name="[9e]"></a>UARTx_Send_Float_5Char</STRONG> (Thumb, 264 bytes, Stack size 32 bytes, myuart.o(.text), UNUSED)
<BR><BR>[Calls]<UL><LI><a href="#[9a]">&gt;&gt;</a>&nbsp;&nbsp;&nbsp;USART_SendData
<LI><a href="#[99]">&gt;&gt;</a>&nbsp;&nbsp;&nbsp;USART_GetFlagStatus
<LI><a href="#[54]">&gt;&gt;</a>&nbsp;&nbsp;&nbsp;__aeabi_fmul
<LI><a href="#[55]">&gt;&gt;</a>&nbsp;&nbsp;&nbsp;__aeabi_f2uiz
<LI><a href="#[57]">&gt;&gt;</a>&nbsp;&nbsp;&nbsp;__aeabi_f2d
<LI><a href="#[64]">&gt;&gt;</a>&nbsp;&nbsp;&nbsp;__aeabi_d2f
<LI><a href="#[5a]">&gt;&gt;</a>&nbsp;&nbsp;&nbsp;__aeabi_cfcmple
</UL>

<P><STRONG><a name="[9f]"></a>UARTx_Send_Int_4Char</STRONG> (Thumb, 172 bytes, Stack size 16 bytes, myuart.o(.text), UNUSED)
<BR><BR>[Calls]<UL><LI><a href="#[9a]">&gt;&gt;</a>&nbsp;&nbsp;&nbsp;USART_SendData
<LI><a href="#[99]">&gt;&gt;</a>&nbsp;&nbsp;&nbsp;USART_GetFlagStatus
</UL>

<P><STRONG><a name="[a0]"></a>UARTx_Send_Data</STRONG> (Thumb, 64 bytes, Stack size 24 bytes, myuart.o(.text), UNUSED)
<BR><BR>[Calls]<UL><LI><a href="#[9a]">&gt;&gt;</a>&nbsp;&nbsp;&nbsp;USART_SendData
<LI><a href="#[99]">&gt;&gt;</a>&nbsp;&nbsp;&nbsp;USART_GetFlagStatus
</UL>

<P><STRONG><a name="[a1]"></a>CT_ACK_OK</STRONG> (Thumb, 10 bytes, Stack size 8 bytes, myuart.o(.text))
<BR><BR>[Stack]<UL><LI>Max Depth = 32<LI>Call Chain = CT_ACK_OK &rArr; __2printf
</UL>
<BR>[Calls]<UL><LI><a href="#[a2]">&gt;&gt;</a>&nbsp;&nbsp;&nbsp;__2printf
</UL>
<BR>[Called By]<UL><LI><a href="#[81]">&gt;&gt;</a>&nbsp;&nbsp;&nbsp;COM1_FUNCTION
</UL>

<P><STRONG><a name="[a3]"></a>CT_ACK_ERRO</STRONG> (Thumb, 10 bytes, Stack size 8 bytes, myuart.o(.text))
<BR><BR>[Stack]<UL><LI>Max Depth = 32<LI>Call Chain = CT_ACK_ERRO &rArr; __2printf
</UL>
<BR>[Calls]<UL><LI><a href="#[a2]">&gt;&gt;</a>&nbsp;&nbsp;&nbsp;__2printf
</UL>
<BR>[Called By]<UL><LI><a href="#[81]">&gt;&gt;</a>&nbsp;&nbsp;&nbsp;COM1_FUNCTION
</UL>

<P><STRONG><a name="[a4]"></a>CT_ACK_OK_COM3</STRONG> (Thumb, 158 bytes, Stack size 8 bytes, myuart.o(.text))
<BR><BR>[Stack]<UL><LI>Max Depth = 8<LI>Call Chain = CT_ACK_OK_COM3
</UL>
<BR>[Calls]<UL><LI><a href="#[9a]">&gt;&gt;</a>&nbsp;&nbsp;&nbsp;USART_SendData
<LI><a href="#[99]">&gt;&gt;</a>&nbsp;&nbsp;&nbsp;USART_GetFlagStatus
</UL>
<BR>[Called By]<UL><LI><a href="#[82]">&gt;&gt;</a>&nbsp;&nbsp;&nbsp;COM3_RXD_FUNCTION
</UL>

<P><STRONG><a name="[a5]"></a>CT_ACK_ERRO_COM3</STRONG> (Thumb, 240 bytes, Stack size 8 bytes, myuart.o(.text))
<BR><BR>[Stack]<UL><LI>Max Depth = 8<LI>Call Chain = CT_ACK_ERRO_COM3
</UL>
<BR>[Calls]<UL><LI><a href="#[9a]">&gt;&gt;</a>&nbsp;&nbsp;&nbsp;USART_SendData
<LI><a href="#[99]">&gt;&gt;</a>&nbsp;&nbsp;&nbsp;USART_GetFlagStatus
</UL>
<BR>[Called By]<UL><LI><a href="#[82]">&gt;&gt;</a>&nbsp;&nbsp;&nbsp;COM3_RXD_FUNCTION
</UL>

<P><STRONG><a name="[81]"></a>COM1_FUNCTION</STRONG> (Thumb, 1324 bytes, Stack size 40 bytes, myuart.o(.text))
<BR><BR>[Stack]<UL><LI>Max Depth = 336<LI>Call Chain = COM1_FUNCTION &rArr; OPM_TEST &rArr; log10 &rArr; log &rArr; __kernel_poly &rArr; __aeabi_dmul &rArr; _double_epilogue &rArr; _double_round
</UL>
<BR>[Calls]<UL><LI><a href="#[a8]">&gt;&gt;</a>&nbsp;&nbsp;&nbsp;save_cal_constant
<LI><a href="#[aa]">&gt;&gt;</a>&nbsp;&nbsp;&nbsp;reset_cal_constant
<LI><a href="#[ab]">&gt;&gt;</a>&nbsp;&nbsp;&nbsp;__aeabi_ui2f
<LI><a href="#[af]">&gt;&gt;</a>&nbsp;&nbsp;&nbsp;__aeabi_fsub
<LI><a href="#[ad]">&gt;&gt;</a>&nbsp;&nbsp;&nbsp;__aeabi_frsub
<LI><a href="#[ac]">&gt;&gt;</a>&nbsp;&nbsp;&nbsp;__aeabi_fdiv
<LI><a href="#[a9]">&gt;&gt;</a>&nbsp;&nbsp;&nbsp;Save_wavelength_coeff
<LI><a href="#[a6]">&gt;&gt;</a>&nbsp;&nbsp;&nbsp;OPM_VCC_CTL
<LI><a href="#[a7]">&gt;&gt;</a>&nbsp;&nbsp;&nbsp;BUZZ_CTL
<LI><a href="#[a3]">&gt;&gt;</a>&nbsp;&nbsp;&nbsp;CT_ACK_ERRO
<LI><a href="#[a1]">&gt;&gt;</a>&nbsp;&nbsp;&nbsp;CT_ACK_OK
<LI><a href="#[5f]">&gt;&gt;</a>&nbsp;&nbsp;&nbsp;delay_ms
<LI><a href="#[54]">&gt;&gt;</a>&nbsp;&nbsp;&nbsp;__aeabi_fmul
<LI><a href="#[57]">&gt;&gt;</a>&nbsp;&nbsp;&nbsp;__aeabi_f2d
<LI><a href="#[64]">&gt;&gt;</a>&nbsp;&nbsp;&nbsp;__aeabi_d2f
<LI><a href="#[84]">&gt;&gt;</a>&nbsp;&nbsp;&nbsp;OPM_TEST
<LI><a href="#[a2]">&gt;&gt;</a>&nbsp;&nbsp;&nbsp;__2printf
<LI><a href="#[ae]">&gt;&gt;</a>&nbsp;&nbsp;&nbsp;pow
</UL>
<BR>[Called By]<UL><LI><a href="#[46]">&gt;&gt;</a>&nbsp;&nbsp;&nbsp;main
</UL>

<P><STRONG><a name="[b0]"></a>USART2_Config</STRONG> (Thumb, 128 bytes, Stack size 24 bytes, myuart.o(.text), UNUSED)
<BR><BR>[Calls]<UL><LI><a href="#[96]">&gt;&gt;</a>&nbsp;&nbsp;&nbsp;USART_Init
<LI><a href="#[98]">&gt;&gt;</a>&nbsp;&nbsp;&nbsp;USART_ITConfig
<LI><a href="#[97]">&gt;&gt;</a>&nbsp;&nbsp;&nbsp;USART_Cmd
<LI><a href="#[b1]">&gt;&gt;</a>&nbsp;&nbsp;&nbsp;RCC_APB1PeriphClockCmd
<LI><a href="#[95]">&gt;&gt;</a>&nbsp;&nbsp;&nbsp;GPIO_Init
</UL>

<P><STRONG><a name="[b2]"></a>URAT2_NVIC_Configuration</STRONG> (Thumb, 42 bytes, Stack size 8 bytes, myuart.o(.text), UNUSED)
<BR><BR>[Calls]<UL><LI><a href="#[92]">&gt;&gt;</a>&nbsp;&nbsp;&nbsp;NVIC_PriorityGroupConfig
<LI><a href="#[93]">&gt;&gt;</a>&nbsp;&nbsp;&nbsp;NVIC_Init
</UL>

<P><STRONG><a name="[30]"></a>USART2_IRQHandler</STRONG> (Thumb, 38 bytes, Stack size 8 bytes, myuart.o(.text))
<BR><BR>[Stack]<UL><LI>Max Depth = 16<LI>Call Chain = USART2_IRQHandler &rArr; USART_ClearITPendingBit
</UL>
<BR>[Calls]<UL><LI><a href="#[9c]">&gt;&gt;</a>&nbsp;&nbsp;&nbsp;USART_ReceiveData
<LI><a href="#[99]">&gt;&gt;</a>&nbsp;&nbsp;&nbsp;USART_GetFlagStatus
<LI><a href="#[b3]">&gt;&gt;</a>&nbsp;&nbsp;&nbsp;USART_ClearITPendingBit
</UL>
<BR>[Address Reference Count : 1]<UL><LI> startup_stm32f10x_hd.o(RESET)
</UL>
<P><STRONG><a name="[68]"></a>USART3_OFF</STRONG> (Thumb, 60 bytes, Stack size 8 bytes, myuart.o(.text))
<BR><BR>[Stack]<UL><LI>Max Depth = 32<LI>Call Chain = USART3_OFF &rArr; GPIO_Init
</UL>
<BR>[Calls]<UL><LI><a href="#[94]">&gt;&gt;</a>&nbsp;&nbsp;&nbsp;RCC_APB2PeriphClockCmd
<LI><a href="#[b1]">&gt;&gt;</a>&nbsp;&nbsp;&nbsp;RCC_APB1PeriphClockCmd
<LI><a href="#[95]">&gt;&gt;</a>&nbsp;&nbsp;&nbsp;GPIO_Init
<LI><a href="#[8b]">&gt;&gt;</a>&nbsp;&nbsp;&nbsp;GPIO_ResetBits
</UL>
<BR>[Called By]<UL><LI><a href="#[67]">&gt;&gt;</a>&nbsp;&nbsp;&nbsp;POWER_OFF_CTL_FUNCTION
</UL>

<P><STRONG><a name="[b4]"></a>URAT3_NVIC_Configuration</STRONG> (Thumb, 42 bytes, Stack size 8 bytes, myuart.o(.text))
<BR><BR>[Stack]<UL><LI>Max Depth = 24<LI>Call Chain = URAT3_NVIC_Configuration &rArr; NVIC_Init
</UL>
<BR>[Calls]<UL><LI><a href="#[92]">&gt;&gt;</a>&nbsp;&nbsp;&nbsp;NVIC_PriorityGroupConfig
<LI><a href="#[93]">&gt;&gt;</a>&nbsp;&nbsp;&nbsp;NVIC_Init
</UL>
<BR>[Called By]<UL><LI><a href="#[73]">&gt;&gt;</a>&nbsp;&nbsp;&nbsp;USART3_Config
</UL>

<P><STRONG><a name="[73]"></a>USART3_Config</STRONG> (Thumb, 144 bytes, Stack size 24 bytes, myuart.o(.text))
<BR><BR>[Stack]<UL><LI>Max Depth = 92<LI>Call Chain = USART3_Config &rArr; USART_Init &rArr; RCC_GetClocksFreq
</UL>
<BR>[Calls]<UL><LI><a href="#[96]">&gt;&gt;</a>&nbsp;&nbsp;&nbsp;USART_Init
<LI><a href="#[98]">&gt;&gt;</a>&nbsp;&nbsp;&nbsp;USART_ITConfig
<LI><a href="#[97]">&gt;&gt;</a>&nbsp;&nbsp;&nbsp;USART_Cmd
<LI><a href="#[94]">&gt;&gt;</a>&nbsp;&nbsp;&nbsp;RCC_APB2PeriphClockCmd
<LI><a href="#[b1]">&gt;&gt;</a>&nbsp;&nbsp;&nbsp;RCC_APB1PeriphClockCmd
<LI><a href="#[95]">&gt;&gt;</a>&nbsp;&nbsp;&nbsp;GPIO_Init
<LI><a href="#[b4]">&gt;&gt;</a>&nbsp;&nbsp;&nbsp;URAT3_NVIC_Configuration
</UL>
<BR>[Called By]<UL><LI><a href="#[6e]">&gt;&gt;</a>&nbsp;&nbsp;&nbsp;POWER_ON_CTL_FUNCTION
</UL>

<P><STRONG><a name="[31]"></a>USART3_IRQHandler</STRONG> (Thumb, 120 bytes, Stack size 8 bytes, myuart.o(.text))
<BR><BR>[Stack]<UL><LI>Max Depth = 16<LI>Call Chain = USART3_IRQHandler &rArr; USART_ClearITPendingBit
</UL>
<BR>[Calls]<UL><LI><a href="#[9c]">&gt;&gt;</a>&nbsp;&nbsp;&nbsp;USART_ReceiveData
<LI><a href="#[99]">&gt;&gt;</a>&nbsp;&nbsp;&nbsp;USART_GetFlagStatus
<LI><a href="#[b3]">&gt;&gt;</a>&nbsp;&nbsp;&nbsp;USART_ClearITPendingBit
</UL>
<BR>[Address Reference Count : 1]<UL><LI> startup_stm32f10x_hd.o(RESET)
</UL>
<P><STRONG><a name="[b5]"></a>ACK_COMMAND</STRONG> (Thumb, 192 bytes, Stack size 16 bytes, myuart.o(.text))
<BR><BR>[Stack]<UL><LI>Max Depth = 16<LI>Call Chain = ACK_COMMAND
</UL>
<BR>[Calls]<UL><LI><a href="#[9a]">&gt;&gt;</a>&nbsp;&nbsp;&nbsp;USART_SendData
<LI><a href="#[99]">&gt;&gt;</a>&nbsp;&nbsp;&nbsp;USART_GetFlagStatus
</UL>
<BR>[Called By]<UL><LI><a href="#[82]">&gt;&gt;</a>&nbsp;&nbsp;&nbsp;COM3_RXD_FUNCTION
</UL>

<P><STRONG><a name="[b6]"></a>SEND_Opction</STRONG> (Thumb, 226 bytes, Stack size 16 bytes, myuart.o(.text))
<BR><BR>[Stack]<UL><LI>Max Depth = 16<LI>Call Chain = SEND_Opction
</UL>
<BR>[Calls]<UL><LI><a href="#[9a]">&gt;&gt;</a>&nbsp;&nbsp;&nbsp;USART_SendData
<LI><a href="#[99]">&gt;&gt;</a>&nbsp;&nbsp;&nbsp;USART_GetFlagStatus
</UL>
<BR>[Called By]<UL><LI><a href="#[82]">&gt;&gt;</a>&nbsp;&nbsp;&nbsp;COM3_RXD_FUNCTION
</UL>

<P><STRONG><a name="[b7]"></a>OPCTION_VCC_SW_SET</STRONG> (Thumb, 38 bytes, Stack size 16 bytes, myuart.o(.text))
<BR><BR>[Stack]<UL><LI>Max Depth = 312<LI>Call Chain = OPCTION_VCC_SW_SET &rArr; OPM_TEST &rArr; log10 &rArr; log &rArr; __kernel_poly &rArr; __aeabi_dmul &rArr; _double_epilogue &rArr; _double_round
</UL>
<BR>[Calls]<UL><LI><a href="#[a6]">&gt;&gt;</a>&nbsp;&nbsp;&nbsp;OPM_VCC_CTL
<LI><a href="#[5f]">&gt;&gt;</a>&nbsp;&nbsp;&nbsp;delay_ms
<LI><a href="#[84]">&gt;&gt;</a>&nbsp;&nbsp;&nbsp;OPM_TEST
</UL>
<BR>[Called By]<UL><LI><a href="#[82]">&gt;&gt;</a>&nbsp;&nbsp;&nbsp;COM3_RXD_FUNCTION
</UL>

<P><STRONG><a name="[82]"></a>COM3_RXD_FUNCTION</STRONG> (Thumb, 3254 bytes, Stack size 80 bytes, myuart.o(.text))
<BR><BR>[Stack]<UL><LI>Max Depth = 392<LI>Call Chain = COM3_RXD_FUNCTION &rArr; OPCTION_VCC_SW_SET &rArr; OPM_TEST &rArr; log10 &rArr; log &rArr; __kernel_poly &rArr; __aeabi_dmul &rArr; _double_epilogue &rArr; _double_round
</UL>
<BR>[Calls]<UL><LI><a href="#[a8]">&gt;&gt;</a>&nbsp;&nbsp;&nbsp;save_cal_constant
<LI><a href="#[aa]">&gt;&gt;</a>&nbsp;&nbsp;&nbsp;reset_cal_constant
<LI><a href="#[ab]">&gt;&gt;</a>&nbsp;&nbsp;&nbsp;__aeabi_ui2f
<LI><a href="#[af]">&gt;&gt;</a>&nbsp;&nbsp;&nbsp;__aeabi_fsub
<LI><a href="#[ad]">&gt;&gt;</a>&nbsp;&nbsp;&nbsp;__aeabi_frsub
<LI><a href="#[ac]">&gt;&gt;</a>&nbsp;&nbsp;&nbsp;__aeabi_fdiv
<LI><a href="#[a9]">&gt;&gt;</a>&nbsp;&nbsp;&nbsp;Save_wavelength_coeff
<LI><a href="#[a6]">&gt;&gt;</a>&nbsp;&nbsp;&nbsp;OPM_VCC_CTL
<LI><a href="#[b8]">&gt;&gt;</a>&nbsp;&nbsp;&nbsp;GPIO_SetBits
<LI><a href="#[a7]">&gt;&gt;</a>&nbsp;&nbsp;&nbsp;BUZZ_CTL
<LI><a href="#[b7]">&gt;&gt;</a>&nbsp;&nbsp;&nbsp;OPCTION_VCC_SW_SET
<LI><a href="#[b6]">&gt;&gt;</a>&nbsp;&nbsp;&nbsp;SEND_Opction
<LI><a href="#[b5]">&gt;&gt;</a>&nbsp;&nbsp;&nbsp;ACK_COMMAND
<LI><a href="#[a5]">&gt;&gt;</a>&nbsp;&nbsp;&nbsp;CT_ACK_ERRO_COM3
<LI><a href="#[a4]">&gt;&gt;</a>&nbsp;&nbsp;&nbsp;CT_ACK_OK_COM3
<LI><a href="#[9d]">&gt;&gt;</a>&nbsp;&nbsp;&nbsp;UARTx_Send_Str
<LI><a href="#[5f]">&gt;&gt;</a>&nbsp;&nbsp;&nbsp;delay_ms
<LI><a href="#[54]">&gt;&gt;</a>&nbsp;&nbsp;&nbsp;__aeabi_fmul
<LI><a href="#[57]">&gt;&gt;</a>&nbsp;&nbsp;&nbsp;__aeabi_f2d
<LI><a href="#[64]">&gt;&gt;</a>&nbsp;&nbsp;&nbsp;__aeabi_d2f
<LI><a href="#[4e]">&gt;&gt;</a>&nbsp;&nbsp;&nbsp;VFL_CTL
<LI><a href="#[4f]">&gt;&gt;</a>&nbsp;&nbsp;&nbsp;Timer_start
<LI><a href="#[84]">&gt;&gt;</a>&nbsp;&nbsp;&nbsp;OPM_TEST
<LI><a href="#[8c]">&gt;&gt;</a>&nbsp;&nbsp;&nbsp;Laser_souce_lamda_set
<LI><a href="#[4d]">&gt;&gt;</a>&nbsp;&nbsp;&nbsp;LED_VFL_RED_CTL
<LI><a href="#[5e]">&gt;&gt;</a>&nbsp;&nbsp;&nbsp;LCD_BL_CTL
<LI><a href="#[8b]">&gt;&gt;</a>&nbsp;&nbsp;&nbsp;GPIO_ResetBits
<LI><a href="#[8d]">&gt;&gt;</a>&nbsp;&nbsp;&nbsp;Dac2_Set_Vol
<LI><a href="#[5d]">&gt;&gt;</a>&nbsp;&nbsp;&nbsp;CPU_POWER_CTL
<LI><a href="#[50]">&gt;&gt;</a>&nbsp;&nbsp;&nbsp;BUZZ_CTL_TIME
<LI><a href="#[ae]">&gt;&gt;</a>&nbsp;&nbsp;&nbsp;pow
</UL>
<BR>[Called By]<UL><LI><a href="#[46]">&gt;&gt;</a>&nbsp;&nbsp;&nbsp;main
</UL>

<P><STRONG><a name="[89]"></a>Burst_information</STRONG> (Thumb, 422 bytes, Stack size 0 bytes, myuart.o(.text))
<BR><BR>[Called By]<UL><LI><a href="#[46]">&gt;&gt;</a>&nbsp;&nbsp;&nbsp;main
</UL>

<P><STRONG><a name="[88]"></a>UART3_TXD_BUFF</STRONG> (Thumb, 86 bytes, Stack size 16 bytes, myuart.o(.text))
<BR><BR>[Stack]<UL><LI>Max Depth = 16<LI>Call Chain = UART3_TXD_BUFF
</UL>
<BR>[Calls]<UL><LI><a href="#[9a]">&gt;&gt;</a>&nbsp;&nbsp;&nbsp;USART_SendData
<LI><a href="#[99]">&gt;&gt;</a>&nbsp;&nbsp;&nbsp;USART_GetFlagStatus
</UL>
<BR>[Called By]<UL><LI><a href="#[46]">&gt;&gt;</a>&nbsp;&nbsp;&nbsp;main
</UL>

<P><STRONG><a name="[8a]"></a>UART3_TXD_Burst_information</STRONG> (Thumb, 86 bytes, Stack size 16 bytes, myuart.o(.text))
<BR><BR>[Stack]<UL><LI>Max Depth = 16<LI>Call Chain = UART3_TXD_Burst_information
</UL>
<BR>[Calls]<UL><LI><a href="#[9a]">&gt;&gt;</a>&nbsp;&nbsp;&nbsp;USART_SendData
<LI><a href="#[99]">&gt;&gt;</a>&nbsp;&nbsp;&nbsp;USART_GetFlagStatus
</UL>
<BR>[Called By]<UL><LI><a href="#[46]">&gt;&gt;</a>&nbsp;&nbsp;&nbsp;main
</UL>

<P><STRONG><a name="[76]"></a>delay_init</STRONG> (Thumb, 52 bytes, Stack size 8 bytes, delay.o(.text))
<BR><BR>[Stack]<UL><LI>Max Depth = 8<LI>Call Chain = delay_init
</UL>
<BR>[Calls]<UL><LI><a href="#[b9]">&gt;&gt;</a>&nbsp;&nbsp;&nbsp;SysTick_CLKSourceConfig
</UL>
<BR>[Called By]<UL><LI><a href="#[46]">&gt;&gt;</a>&nbsp;&nbsp;&nbsp;main
</UL>

<P><STRONG><a name="[5f]"></a>delay_ms</STRONG> (Thumb, 56 bytes, Stack size 0 bytes, delay.o(.text))
<BR><BR>[Called By]<UL><LI><a href="#[12e]">&gt;&gt;</a>&nbsp;&nbsp;&nbsp;OPM_Discharge_CTL_ms
<LI><a href="#[f6]">&gt;&gt;</a>&nbsp;&nbsp;&nbsp;Write_Float_data
<LI><a href="#[ee]">&gt;&gt;</a>&nbsp;&nbsp;&nbsp;Write_Long_data
<LI><a href="#[ec]">&gt;&gt;</a>&nbsp;&nbsp;&nbsp;WRITE_BYTE
<LI><a href="#[ba]">&gt;&gt;</a>&nbsp;&nbsp;&nbsp;delay_NS_T
<LI><a href="#[a8]">&gt;&gt;</a>&nbsp;&nbsp;&nbsp;save_cal_constant
<LI><a href="#[aa]">&gt;&gt;</a>&nbsp;&nbsp;&nbsp;reset_cal_constant
<LI><a href="#[a9]">&gt;&gt;</a>&nbsp;&nbsp;&nbsp;Save_wavelength_coeff
<LI><a href="#[b7]">&gt;&gt;</a>&nbsp;&nbsp;&nbsp;OPCTION_VCC_SW_SET
<LI><a href="#[84]">&gt;&gt;</a>&nbsp;&nbsp;&nbsp;OPM_TEST
<LI><a href="#[83]">&gt;&gt;</a>&nbsp;&nbsp;&nbsp;OPM_SET_FUNCTION
<LI><a href="#[87]">&gt;&gt;</a>&nbsp;&nbsp;&nbsp;KEY_FUNCTION
<LI><a href="#[82]">&gt;&gt;</a>&nbsp;&nbsp;&nbsp;COM3_RXD_FUNCTION
<LI><a href="#[81]">&gt;&gt;</a>&nbsp;&nbsp;&nbsp;COM1_FUNCTION
<LI><a href="#[50]">&gt;&gt;</a>&nbsp;&nbsp;&nbsp;BUZZ_CTL_TIME
<LI><a href="#[8e]">&gt;&gt;</a>&nbsp;&nbsp;&nbsp;LD_FUNCTION
<LI><a href="#[46]">&gt;&gt;</a>&nbsp;&nbsp;&nbsp;main
<LI><a href="#[51]">&gt;&gt;</a>&nbsp;&nbsp;&nbsp;Second_function
</UL>

<P><STRONG><a name="[e5]"></a>delay_us</STRONG> (Thumb, 56 bytes, Stack size 0 bytes, delay.o(.text))
<BR><BR>[Called By]<UL><LI><a href="#[ff]">&gt;&gt;</a>&nbsp;&nbsp;&nbsp;READ_WORD_TMP
<LI><a href="#[fe]">&gt;&gt;</a>&nbsp;&nbsp;&nbsp;IIC_RX_DATA_W_TMP
<LI><a href="#[fd]">&gt;&gt;</a>&nbsp;&nbsp;&nbsp;Load_SN_status
<LI><a href="#[f7]">&gt;&gt;</a>&nbsp;&nbsp;&nbsp;READ_Float_data
<LI><a href="#[f5]">&gt;&gt;</a>&nbsp;&nbsp;&nbsp;I2cRcvStr
<LI><a href="#[f3]">&gt;&gt;</a>&nbsp;&nbsp;&nbsp;I2cSendStr
<LI><a href="#[f2]">&gt;&gt;</a>&nbsp;&nbsp;&nbsp;WriteNData
<LI><a href="#[f1]">&gt;&gt;</a>&nbsp;&nbsp;&nbsp;SendStr
<LI><a href="#[f0]">&gt;&gt;</a>&nbsp;&nbsp;&nbsp;ReadFloatE2prom
<LI><a href="#[ef]">&gt;&gt;</a>&nbsp;&nbsp;&nbsp;WriteFloatE2prom
<LI><a href="#[ed]">&gt;&gt;</a>&nbsp;&nbsp;&nbsp;READ_LONG_DATA
<LI><a href="#[ec]">&gt;&gt;</a>&nbsp;&nbsp;&nbsp;WRITE_BYTE
<LI><a href="#[eb]">&gt;&gt;</a>&nbsp;&nbsp;&nbsp;READ_BYTE
<LI><a href="#[ea]">&gt;&gt;</a>&nbsp;&nbsp;&nbsp;Host_Ack
<LI><a href="#[e9]">&gt;&gt;</a>&nbsp;&nbsp;&nbsp;IIC_RX_DATA
<LI><a href="#[e8]">&gt;&gt;</a>&nbsp;&nbsp;&nbsp;IIC_TX_DATA
<LI><a href="#[e7]">&gt;&gt;</a>&nbsp;&nbsp;&nbsp;IIC_ACK
<LI><a href="#[e6]">&gt;&gt;</a>&nbsp;&nbsp;&nbsp;IIC_STOP
<LI><a href="#[e4]">&gt;&gt;</a>&nbsp;&nbsp;&nbsp;IIC_START
<LI><a href="#[7f]">&gt;&gt;</a>&nbsp;&nbsp;&nbsp;WRITE_BYTE_TMP
<LI><a href="#[79]">&gt;&gt;</a>&nbsp;&nbsp;&nbsp;Load_set_status
</UL>

<P><STRONG><a name="[ba]"></a>delay_NS_T</STRONG> (Thumb, 22 bytes, Stack size 8 bytes, delay.o(.text), UNUSED)
<BR><BR>[Calls]<UL><LI><a href="#[5f]">&gt;&gt;</a>&nbsp;&nbsp;&nbsp;delay_ms
</UL>

<P><STRONG><a name="[bb]"></a>ADC_GPIO_Config</STRONG> (Thumb, 72 bytes, Stack size 8 bytes, adc.o(.text))
<BR><BR>[Stack]<UL><LI>Max Depth = 32<LI>Call Chain = ADC_GPIO_Config &rArr; GPIO_Init
</UL>
<BR>[Calls]<UL><LI><a href="#[94]">&gt;&gt;</a>&nbsp;&nbsp;&nbsp;RCC_APB2PeriphClockCmd
<LI><a href="#[95]">&gt;&gt;</a>&nbsp;&nbsp;&nbsp;GPIO_Init
</UL>
<BR>[Called By]<UL><LI><a href="#[7e]">&gt;&gt;</a>&nbsp;&nbsp;&nbsp;ADC_Test_Init
</UL>

<P><STRONG><a name="[bc]"></a>ADC_Init_DMA</STRONG> (Thumb, 240 bytes, Stack size 8 bytes, adc.o(.text))
<BR><BR>[Stack]<UL><LI>Max Depth = 28<LI>Call Chain = ADC_Init_DMA &rArr; ADC_RegularChannelConfig
</UL>
<BR>[Calls]<UL><LI><a href="#[bd]">&gt;&gt;</a>&nbsp;&nbsp;&nbsp;RCC_AHBPeriphClockCmd
<LI><a href="#[be]">&gt;&gt;</a>&nbsp;&nbsp;&nbsp;DMA_Init
<LI><a href="#[bf]">&gt;&gt;</a>&nbsp;&nbsp;&nbsp;DMA_Cmd
<LI><a href="#[c7]">&gt;&gt;</a>&nbsp;&nbsp;&nbsp;ADC_StartCalibration
<LI><a href="#[c9]">&gt;&gt;</a>&nbsp;&nbsp;&nbsp;ADC_SoftwareStartConvCmd
<LI><a href="#[c5]">&gt;&gt;</a>&nbsp;&nbsp;&nbsp;ADC_ResetCalibration
<LI><a href="#[c2]">&gt;&gt;</a>&nbsp;&nbsp;&nbsp;ADC_RegularChannelConfig
<LI><a href="#[c1]">&gt;&gt;</a>&nbsp;&nbsp;&nbsp;ADC_Init
<LI><a href="#[c6]">&gt;&gt;</a>&nbsp;&nbsp;&nbsp;ADC_GetResetCalibrationStatus
<LI><a href="#[c8]">&gt;&gt;</a>&nbsp;&nbsp;&nbsp;ADC_GetCalibrationStatus
<LI><a href="#[c0]">&gt;&gt;</a>&nbsp;&nbsp;&nbsp;ADC_DeInit
<LI><a href="#[c3]">&gt;&gt;</a>&nbsp;&nbsp;&nbsp;ADC_DMACmd
<LI><a href="#[c4]">&gt;&gt;</a>&nbsp;&nbsp;&nbsp;ADC_Cmd
<LI><a href="#[94]">&gt;&gt;</a>&nbsp;&nbsp;&nbsp;RCC_APB2PeriphClockCmd
</UL>
<BR>[Called By]<UL><LI><a href="#[7e]">&gt;&gt;</a>&nbsp;&nbsp;&nbsp;ADC_Test_Init
</UL>

<P><STRONG><a name="[7e]"></a>ADC_Test_Init</STRONG> (Thumb, 28 bytes, Stack size 8 bytes, adc.o(.text))
<BR><BR>[Stack]<UL><LI>Max Depth = 40<LI>Call Chain = ADC_Test_Init &rArr; ADC_GPIO_Config &rArr; GPIO_Init
</UL>
<BR>[Calls]<UL><LI><a href="#[bd]">&gt;&gt;</a>&nbsp;&nbsp;&nbsp;RCC_AHBPeriphClockCmd
<LI><a href="#[ca]">&gt;&gt;</a>&nbsp;&nbsp;&nbsp;RCC_ADCCLKConfig
<LI><a href="#[bc]">&gt;&gt;</a>&nbsp;&nbsp;&nbsp;ADC_Init_DMA
<LI><a href="#[bb]">&gt;&gt;</a>&nbsp;&nbsp;&nbsp;ADC_GPIO_Config
</UL>
<BR>[Called By]<UL><LI><a href="#[46]">&gt;&gt;</a>&nbsp;&nbsp;&nbsp;main
</UL>

<P><STRONG><a name="[cb]"></a>Voltage_ADC_OPM</STRONG> (Thumb, 24 bytes, Stack size 16 bytes, adc.o(.text), UNUSED)
<BR><BR>[Calls]<UL><LI><a href="#[ab]">&gt;&gt;</a>&nbsp;&nbsp;&nbsp;__aeabi_ui2f
</UL>

<P><STRONG><a name="[cc]"></a>Filter</STRONG> (Thumb, 204 bytes, Stack size 64 bytes, adc.o(.text), UNUSED)
<BR><BR>[Calls]<UL><LI><a href="#[cd]">&gt;&gt;</a>&nbsp;&nbsp;&nbsp;__aeabi_ddiv
<LI><a href="#[ab]">&gt;&gt;</a>&nbsp;&nbsp;&nbsp;__aeabi_ui2f
<LI><a href="#[57]">&gt;&gt;</a>&nbsp;&nbsp;&nbsp;__aeabi_f2d
<LI><a href="#[65]">&gt;&gt;</a>&nbsp;&nbsp;&nbsp;__aeabi_dmul
<LI><a href="#[64]">&gt;&gt;</a>&nbsp;&nbsp;&nbsp;__aeabi_d2f
</UL>

<P><STRONG><a name="[ce]"></a>Get_opm_voltage</STRONG> (Thumb, 102 bytes, Stack size 40 bytes, adc.o(.text), UNUSED)
<BR><BR>[Calls]<UL><LI><a href="#[cd]">&gt;&gt;</a>&nbsp;&nbsp;&nbsp;__aeabi_ddiv
<LI><a href="#[ab]">&gt;&gt;</a>&nbsp;&nbsp;&nbsp;__aeabi_ui2f
<LI><a href="#[57]">&gt;&gt;</a>&nbsp;&nbsp;&nbsp;__aeabi_f2d
<LI><a href="#[65]">&gt;&gt;</a>&nbsp;&nbsp;&nbsp;__aeabi_dmul
<LI><a href="#[64]">&gt;&gt;</a>&nbsp;&nbsp;&nbsp;__aeabi_d2f
</UL>

<P><STRONG><a name="[12f]"></a>Get_opm_adc_value</STRONG> (Thumb, 44 bytes, Stack size 8 bytes, adc.o(.text))
<BR><BR>[Stack]<UL><LI>Max Depth = 8<LI>Call Chain = Get_opm_adc_value
</UL>
<BR>[Called By]<UL><LI><a href="#[84]">&gt;&gt;</a>&nbsp;&nbsp;&nbsp;OPM_TEST
<LI><a href="#[83]">&gt;&gt;</a>&nbsp;&nbsp;&nbsp;OPM_SET_FUNCTION
</UL>

<P><STRONG><a name="[52]"></a>Get_batt_voltage</STRONG> (Thumb, 112 bytes, Stack size 48 bytes, adc.o(.text))
<BR><BR>[Stack]<UL><LI>Max Depth = 136<LI>Call Chain = Get_batt_voltage &rArr; __aeabi_dmul &rArr; _double_epilogue &rArr; _double_round
</UL>
<BR>[Calls]<UL><LI><a href="#[cd]">&gt;&gt;</a>&nbsp;&nbsp;&nbsp;__aeabi_ddiv
<LI><a href="#[ab]">&gt;&gt;</a>&nbsp;&nbsp;&nbsp;__aeabi_ui2f
<LI><a href="#[57]">&gt;&gt;</a>&nbsp;&nbsp;&nbsp;__aeabi_f2d
<LI><a href="#[65]">&gt;&gt;</a>&nbsp;&nbsp;&nbsp;__aeabi_dmul
<LI><a href="#[64]">&gt;&gt;</a>&nbsp;&nbsp;&nbsp;__aeabi_d2f
</UL>
<BR>[Called By]<UL><LI><a href="#[51]">&gt;&gt;</a>&nbsp;&nbsp;&nbsp;Second_function
</UL>

<P><STRONG><a name="[53]"></a>Get_dc_in_voltage</STRONG> (Thumb, 114 bytes, Stack size 48 bytes, adc.o(.text))
<BR><BR>[Stack]<UL><LI>Max Depth = 136<LI>Call Chain = Get_dc_in_voltage &rArr; __aeabi_dmul &rArr; _double_epilogue &rArr; _double_round
</UL>
<BR>[Calls]<UL><LI><a href="#[cd]">&gt;&gt;</a>&nbsp;&nbsp;&nbsp;__aeabi_ddiv
<LI><a href="#[ab]">&gt;&gt;</a>&nbsp;&nbsp;&nbsp;__aeabi_ui2f
<LI><a href="#[57]">&gt;&gt;</a>&nbsp;&nbsp;&nbsp;__aeabi_f2d
<LI><a href="#[65]">&gt;&gt;</a>&nbsp;&nbsp;&nbsp;__aeabi_dmul
<LI><a href="#[64]">&gt;&gt;</a>&nbsp;&nbsp;&nbsp;__aeabi_d2f
</UL>
<BR>[Called By]<UL><LI><a href="#[51]">&gt;&gt;</a>&nbsp;&nbsp;&nbsp;Second_function
</UL>

<P><STRONG><a name="[cf]"></a>KEY_NVIC_Configuration</STRONG> (Thumb, 70 bytes, Stack size 8 bytes, key.o(.text))
<BR><BR>[Stack]<UL><LI>Max Depth = 24<LI>Call Chain = KEY_NVIC_Configuration &rArr; NVIC_Init
</UL>
<BR>[Calls]<UL><LI><a href="#[92]">&gt;&gt;</a>&nbsp;&nbsp;&nbsp;NVIC_PriorityGroupConfig
<LI><a href="#[93]">&gt;&gt;</a>&nbsp;&nbsp;&nbsp;NVIC_Init
</UL>
<BR>[Called By]<UL><LI><a href="#[7a]">&gt;&gt;</a>&nbsp;&nbsp;&nbsp;KEY_EXTI_Config
</UL>

<P><STRONG><a name="[7a]"></a>KEY_EXTI_Config</STRONG> (Thumb, 108 bytes, Stack size 16 bytes, key.o(.text))
<BR><BR>[Stack]<UL><LI>Max Depth = 40<LI>Call Chain = KEY_EXTI_Config &rArr; KEY_NVIC_Configuration &rArr; NVIC_Init
</UL>
<BR>[Calls]<UL><LI><a href="#[d0]">&gt;&gt;</a>&nbsp;&nbsp;&nbsp;GPIO_EXTILineConfig
<LI><a href="#[d1]">&gt;&gt;</a>&nbsp;&nbsp;&nbsp;EXTI_Init
<LI><a href="#[cf]">&gt;&gt;</a>&nbsp;&nbsp;&nbsp;KEY_NVIC_Configuration
<LI><a href="#[94]">&gt;&gt;</a>&nbsp;&nbsp;&nbsp;RCC_APB2PeriphClockCmd
<LI><a href="#[95]">&gt;&gt;</a>&nbsp;&nbsp;&nbsp;GPIO_Init
</UL>
<BR>[Called By]<UL><LI><a href="#[46]">&gt;&gt;</a>&nbsp;&nbsp;&nbsp;main
</UL>

<P><STRONG><a name="[10]"></a>EXTI0_IRQHandler</STRONG> (Thumb, 24 bytes, Stack size 8 bytes, key.o(.text))
<BR><BR>[Stack]<UL><LI>Max Depth = 8<LI>Call Chain = EXTI0_IRQHandler
</UL>
<BR>[Calls]<UL><LI><a href="#[d2]">&gt;&gt;</a>&nbsp;&nbsp;&nbsp;EXTI_GetITStatus
<LI><a href="#[d3]">&gt;&gt;</a>&nbsp;&nbsp;&nbsp;EXTI_ClearITPendingBit
</UL>
<BR>[Address Reference Count : 1]<UL><LI> startup_stm32f10x_hd.o(RESET)
</UL>
<P><STRONG><a name="[11]"></a>EXTI1_IRQHandler</STRONG> (Thumb, 24 bytes, Stack size 8 bytes, key.o(.text))
<BR><BR>[Stack]<UL><LI>Max Depth = 8<LI>Call Chain = EXTI1_IRQHandler
</UL>
<BR>[Calls]<UL><LI><a href="#[d2]">&gt;&gt;</a>&nbsp;&nbsp;&nbsp;EXTI_GetITStatus
<LI><a href="#[d3]">&gt;&gt;</a>&nbsp;&nbsp;&nbsp;EXTI_ClearITPendingBit
</UL>
<BR>[Address Reference Count : 1]<UL><LI> startup_stm32f10x_hd.o(RESET)
</UL>
<P><STRONG><a name="[87]"></a>KEY_FUNCTION</STRONG> (Thumb, 172 bytes, Stack size 8 bytes, key.o(.text))
<BR><BR>[Stack]<UL><LI>Max Depth = 108<LI>Call Chain = KEY_FUNCTION &rArr; POWER_ON_CTL_FUNCTION &rArr; USART4_Config &rArr; USART_Init &rArr; RCC_GetClocksFreq
</UL>
<BR>[Calls]<UL><LI><a href="#[5f]">&gt;&gt;</a>&nbsp;&nbsp;&nbsp;delay_ms
<LI><a href="#[56]">&gt;&gt;</a>&nbsp;&nbsp;&nbsp;GPIO_ReadInputDataBit
<LI><a href="#[50]">&gt;&gt;</a>&nbsp;&nbsp;&nbsp;BUZZ_CTL_TIME
<LI><a href="#[6e]">&gt;&gt;</a>&nbsp;&nbsp;&nbsp;POWER_ON_CTL_FUNCTION
</UL>
<BR>[Called By]<UL><LI><a href="#[46]">&gt;&gt;</a>&nbsp;&nbsp;&nbsp;main
</UL>

<P><STRONG><a name="[69]"></a>USART4_OFF</STRONG> (Thumb, 60 bytes, Stack size 8 bytes, dac.o(.text))
<BR><BR>[Stack]<UL><LI>Max Depth = 32<LI>Call Chain = USART4_OFF &rArr; GPIO_Init
</UL>
<BR>[Calls]<UL><LI><a href="#[94]">&gt;&gt;</a>&nbsp;&nbsp;&nbsp;RCC_APB2PeriphClockCmd
<LI><a href="#[b1]">&gt;&gt;</a>&nbsp;&nbsp;&nbsp;RCC_APB1PeriphClockCmd
<LI><a href="#[95]">&gt;&gt;</a>&nbsp;&nbsp;&nbsp;GPIO_Init
<LI><a href="#[8b]">&gt;&gt;</a>&nbsp;&nbsp;&nbsp;GPIO_ResetBits
</UL>
<BR>[Called By]<UL><LI><a href="#[67]">&gt;&gt;</a>&nbsp;&nbsp;&nbsp;POWER_OFF_CTL_FUNCTION
</UL>

<P><STRONG><a name="[d4]"></a>URAT4_NVIC_Configuration</STRONG> (Thumb, 42 bytes, Stack size 8 bytes, dac.o(.text))
<BR><BR>[Stack]<UL><LI>Max Depth = 24<LI>Call Chain = URAT4_NVIC_Configuration &rArr; NVIC_Init
</UL>
<BR>[Calls]<UL><LI><a href="#[92]">&gt;&gt;</a>&nbsp;&nbsp;&nbsp;NVIC_PriorityGroupConfig
<LI><a href="#[93]">&gt;&gt;</a>&nbsp;&nbsp;&nbsp;NVIC_Init
</UL>
<BR>[Called By]<UL><LI><a href="#[74]">&gt;&gt;</a>&nbsp;&nbsp;&nbsp;USART4_Config
</UL>

<P><STRONG><a name="[74]"></a>USART4_Config</STRONG> (Thumb, 144 bytes, Stack size 24 bytes, dac.o(.text))
<BR><BR>[Stack]<UL><LI>Max Depth = 92<LI>Call Chain = USART4_Config &rArr; USART_Init &rArr; RCC_GetClocksFreq
</UL>
<BR>[Calls]<UL><LI><a href="#[d4]">&gt;&gt;</a>&nbsp;&nbsp;&nbsp;URAT4_NVIC_Configuration
<LI><a href="#[96]">&gt;&gt;</a>&nbsp;&nbsp;&nbsp;USART_Init
<LI><a href="#[98]">&gt;&gt;</a>&nbsp;&nbsp;&nbsp;USART_ITConfig
<LI><a href="#[97]">&gt;&gt;</a>&nbsp;&nbsp;&nbsp;USART_Cmd
<LI><a href="#[94]">&gt;&gt;</a>&nbsp;&nbsp;&nbsp;RCC_APB2PeriphClockCmd
<LI><a href="#[b1]">&gt;&gt;</a>&nbsp;&nbsp;&nbsp;RCC_APB1PeriphClockCmd
<LI><a href="#[95]">&gt;&gt;</a>&nbsp;&nbsp;&nbsp;GPIO_Init
</UL>
<BR>[Called By]<UL><LI><a href="#[6e]">&gt;&gt;</a>&nbsp;&nbsp;&nbsp;POWER_ON_CTL_FUNCTION
</UL>

<P><STRONG><a name="[3e]"></a>UART4_IRQHandler</STRONG> (Thumb, 118 bytes, Stack size 8 bytes, dac.o(.text))
<BR><BR>[Stack]<UL><LI>Max Depth = 16<LI>Call Chain = UART4_IRQHandler &rArr; USART_ClearITPendingBit
</UL>
<BR>[Calls]<UL><LI><a href="#[9c]">&gt;&gt;</a>&nbsp;&nbsp;&nbsp;USART_ReceiveData
<LI><a href="#[99]">&gt;&gt;</a>&nbsp;&nbsp;&nbsp;USART_GetFlagStatus
<LI><a href="#[b3]">&gt;&gt;</a>&nbsp;&nbsp;&nbsp;USART_ClearITPendingBit
</UL>
<BR>[Address Reference Count : 1]<UL><LI> startup_stm32f10x_hd.o(RESET)
</UL>
<P><STRONG><a name="[d5]"></a>REND_erro</STRONG> (Thumb, 138 bytes, Stack size 8 bytes, dac.o(.text))
<BR><BR>[Stack]<UL><LI>Max Depth = 8<LI>Call Chain = REND_erro
</UL>
<BR>[Calls]<UL><LI><a href="#[9a]">&gt;&gt;</a>&nbsp;&nbsp;&nbsp;USART_SendData
<LI><a href="#[99]">&gt;&gt;</a>&nbsp;&nbsp;&nbsp;USART_GetFlagStatus
</UL>
<BR>[Called By]<UL><LI><a href="#[86]">&gt;&gt;</a>&nbsp;&nbsp;&nbsp;COM4_RXD_FUNCTION
</UL>

<P><STRONG><a name="[d6]"></a>REND_OK</STRONG> (Thumb, 94 bytes, Stack size 8 bytes, dac.o(.text))
<BR><BR>[Stack]<UL><LI>Max Depth = 8<LI>Call Chain = REND_OK
</UL>
<BR>[Calls]<UL><LI><a href="#[9a]">&gt;&gt;</a>&nbsp;&nbsp;&nbsp;USART_SendData
<LI><a href="#[99]">&gt;&gt;</a>&nbsp;&nbsp;&nbsp;USART_GetFlagStatus
</UL>
<BR>[Called By]<UL><LI><a href="#[86]">&gt;&gt;</a>&nbsp;&nbsp;&nbsp;COM4_RXD_FUNCTION
</UL>

<P><STRONG><a name="[d7]"></a>SEND_HW_TO_A8</STRONG> (Thumb, 176 bytes, Stack size 16 bytes, dac.o(.text))
<BR><BR>[Stack]<UL><LI>Max Depth = 16<LI>Call Chain = SEND_HW_TO_A8
</UL>
<BR>[Calls]<UL><LI><a href="#[9a]">&gt;&gt;</a>&nbsp;&nbsp;&nbsp;USART_SendData
<LI><a href="#[99]">&gt;&gt;</a>&nbsp;&nbsp;&nbsp;USART_GetFlagStatus
</UL>
<BR>[Called By]<UL><LI><a href="#[86]">&gt;&gt;</a>&nbsp;&nbsp;&nbsp;COM4_RXD_FUNCTION
</UL>

<P><STRONG><a name="[d8]"></a>SEND_SN_TO_A8</STRONG> (Thumb, 176 bytes, Stack size 16 bytes, dac.o(.text))
<BR><BR>[Stack]<UL><LI>Max Depth = 16<LI>Call Chain = SEND_SN_TO_A8
</UL>
<BR>[Calls]<UL><LI><a href="#[9a]">&gt;&gt;</a>&nbsp;&nbsp;&nbsp;USART_SendData
<LI><a href="#[99]">&gt;&gt;</a>&nbsp;&nbsp;&nbsp;USART_GetFlagStatus
</UL>
<BR>[Called By]<UL><LI><a href="#[86]">&gt;&gt;</a>&nbsp;&nbsp;&nbsp;COM4_RXD_FUNCTION
</UL>

<P><STRONG><a name="[d9]"></a>SEND_TEM_TO_A8</STRONG> (Thumb, 214 bytes, Stack size 16 bytes, dac.o(.text))
<BR><BR>[Stack]<UL><LI>Max Depth = 16<LI>Call Chain = SEND_TEM_TO_A8
</UL>
<BR>[Calls]<UL><LI><a href="#[9a]">&gt;&gt;</a>&nbsp;&nbsp;&nbsp;USART_SendData
<LI><a href="#[99]">&gt;&gt;</a>&nbsp;&nbsp;&nbsp;USART_GetFlagStatus
</UL>
<BR>[Called By]<UL><LI><a href="#[86]">&gt;&gt;</a>&nbsp;&nbsp;&nbsp;COM4_RXD_FUNCTION
</UL>

<P><STRONG><a name="[da]"></a>SEND_VBR</STRONG> (Thumb, 210 bytes, Stack size 16 bytes, dac.o(.text))
<BR><BR>[Stack]<UL><LI>Max Depth = 24<LI>Call Chain = SEND_VBR &rArr; __aeabi_fmul
</UL>
<BR>[Calls]<UL><LI><a href="#[9a]">&gt;&gt;</a>&nbsp;&nbsp;&nbsp;USART_SendData
<LI><a href="#[99]">&gt;&gt;</a>&nbsp;&nbsp;&nbsp;USART_GetFlagStatus
<LI><a href="#[54]">&gt;&gt;</a>&nbsp;&nbsp;&nbsp;__aeabi_fmul
<LI><a href="#[55]">&gt;&gt;</a>&nbsp;&nbsp;&nbsp;__aeabi_f2uiz
</UL>
<BR>[Called By]<UL><LI><a href="#[86]">&gt;&gt;</a>&nbsp;&nbsp;&nbsp;COM4_RXD_FUNCTION
</UL>

<P><STRONG><a name="[86]"></a>COM4_RXD_FUNCTION</STRONG> (Thumb, 1470 bytes, Stack size 56 bytes, dac.o(.text))
<BR><BR>[Stack]<UL><LI>Max Depth = 192<LI>Call Chain = COM4_RXD_FUNCTION &rArr; Write_set_status &rArr; Write_Float_data &rArr; WRITE_BYTE &rArr; IIC_TX_DATA &rArr; IIC_ACK &rArr; IIC_SDA_Config &rArr; GPIO_Init
</UL>
<BR>[Calls]<UL><LI><a href="#[db]">&gt;&gt;</a>&nbsp;&nbsp;&nbsp;__aeabi_i2f
<LI><a href="#[dc]">&gt;&gt;</a>&nbsp;&nbsp;&nbsp;Write_set_status
<LI><a href="#[da]">&gt;&gt;</a>&nbsp;&nbsp;&nbsp;SEND_VBR
<LI><a href="#[d9]">&gt;&gt;</a>&nbsp;&nbsp;&nbsp;SEND_TEM_TO_A8
<LI><a href="#[d8]">&gt;&gt;</a>&nbsp;&nbsp;&nbsp;SEND_SN_TO_A8
<LI><a href="#[d7]">&gt;&gt;</a>&nbsp;&nbsp;&nbsp;SEND_HW_TO_A8
<LI><a href="#[d6]">&gt;&gt;</a>&nbsp;&nbsp;&nbsp;REND_OK
<LI><a href="#[d5]">&gt;&gt;</a>&nbsp;&nbsp;&nbsp;REND_erro
<LI><a href="#[ab]">&gt;&gt;</a>&nbsp;&nbsp;&nbsp;__aeabi_ui2f
<LI><a href="#[af]">&gt;&gt;</a>&nbsp;&nbsp;&nbsp;__aeabi_fsub
<LI><a href="#[ac]">&gt;&gt;</a>&nbsp;&nbsp;&nbsp;__aeabi_fdiv
<LI><a href="#[54]">&gt;&gt;</a>&nbsp;&nbsp;&nbsp;__aeabi_fmul
<LI><a href="#[66]">&gt;&gt;</a>&nbsp;&nbsp;&nbsp;__aeabi_fadd
<LI><a href="#[79]">&gt;&gt;</a>&nbsp;&nbsp;&nbsp;Load_set_status
<LI><a href="#[6c]">&gt;&gt;</a>&nbsp;&nbsp;&nbsp;DAC_SetChannel2Data
<LI><a href="#[6b]">&gt;&gt;</a>&nbsp;&nbsp;&nbsp;DAC_SetChannel1Data
</UL>
<BR>[Called By]<UL><LI><a href="#[46]">&gt;&gt;</a>&nbsp;&nbsp;&nbsp;main
</UL>

<P><STRONG><a name="[71]"></a>Dac1_Init</STRONG> (Thumb, 90 bytes, Stack size 24 bytes, dac.o(.text))
<BR><BR>[Stack]<UL><LI>Max Depth = 48<LI>Call Chain = Dac1_Init &rArr; GPIO_Init
</UL>
<BR>[Calls]<UL><LI><a href="#[dd]">&gt;&gt;</a>&nbsp;&nbsp;&nbsp;DAC_Init
<LI><a href="#[de]">&gt;&gt;</a>&nbsp;&nbsp;&nbsp;DAC_Cmd
<LI><a href="#[94]">&gt;&gt;</a>&nbsp;&nbsp;&nbsp;RCC_APB2PeriphClockCmd
<LI><a href="#[b1]">&gt;&gt;</a>&nbsp;&nbsp;&nbsp;RCC_APB1PeriphClockCmd
<LI><a href="#[b8]">&gt;&gt;</a>&nbsp;&nbsp;&nbsp;GPIO_SetBits
<LI><a href="#[95]">&gt;&gt;</a>&nbsp;&nbsp;&nbsp;GPIO_Init
<LI><a href="#[6b]">&gt;&gt;</a>&nbsp;&nbsp;&nbsp;DAC_SetChannel1Data
</UL>
<BR>[Called By]<UL><LI><a href="#[6e]">&gt;&gt;</a>&nbsp;&nbsp;&nbsp;POWER_ON_CTL_FUNCTION
</UL>

<P><STRONG><a name="[df]"></a>Dac1_Set_Vol</STRONG> (Thumb, 80 bytes, Stack size 32 bytes, dac.o(.text), UNUSED)
<BR><BR>[Calls]<UL><LI><a href="#[cd]">&gt;&gt;</a>&nbsp;&nbsp;&nbsp;__aeabi_ddiv
<LI><a href="#[ab]">&gt;&gt;</a>&nbsp;&nbsp;&nbsp;__aeabi_ui2f
<LI><a href="#[ac]">&gt;&gt;</a>&nbsp;&nbsp;&nbsp;__aeabi_fdiv
<LI><a href="#[54]">&gt;&gt;</a>&nbsp;&nbsp;&nbsp;__aeabi_fmul
<LI><a href="#[55]">&gt;&gt;</a>&nbsp;&nbsp;&nbsp;__aeabi_f2uiz
<LI><a href="#[57]">&gt;&gt;</a>&nbsp;&nbsp;&nbsp;__aeabi_f2d
<LI><a href="#[64]">&gt;&gt;</a>&nbsp;&nbsp;&nbsp;__aeabi_d2f
<LI><a href="#[6b]">&gt;&gt;</a>&nbsp;&nbsp;&nbsp;DAC_SetChannel1Data
</UL>
<BR>[Called By]<UL><LI><a href="#[e1]">&gt;&gt;</a>&nbsp;&nbsp;&nbsp;Apd_voltage_set
</UL>

<P><STRONG><a name="[72]"></a>Dac2_Init</STRONG> (Thumb, 100 bytes, Stack size 24 bytes, dac.o(.text))
<BR><BR>[Stack]<UL><LI>Max Depth = 48<LI>Call Chain = Dac2_Init &rArr; GPIO_Init
</UL>
<BR>[Calls]<UL><LI><a href="#[dd]">&gt;&gt;</a>&nbsp;&nbsp;&nbsp;DAC_Init
<LI><a href="#[e0]">&gt;&gt;</a>&nbsp;&nbsp;&nbsp;DAC_DualSoftwareTriggerCmd
<LI><a href="#[de]">&gt;&gt;</a>&nbsp;&nbsp;&nbsp;DAC_Cmd
<LI><a href="#[94]">&gt;&gt;</a>&nbsp;&nbsp;&nbsp;RCC_APB2PeriphClockCmd
<LI><a href="#[b1]">&gt;&gt;</a>&nbsp;&nbsp;&nbsp;RCC_APB1PeriphClockCmd
<LI><a href="#[b8]">&gt;&gt;</a>&nbsp;&nbsp;&nbsp;GPIO_SetBits
<LI><a href="#[95]">&gt;&gt;</a>&nbsp;&nbsp;&nbsp;GPIO_Init
<LI><a href="#[6c]">&gt;&gt;</a>&nbsp;&nbsp;&nbsp;DAC_SetChannel2Data
</UL>
<BR>[Called By]<UL><LI><a href="#[6e]">&gt;&gt;</a>&nbsp;&nbsp;&nbsp;POWER_ON_CTL_FUNCTION
</UL>

<P><STRONG><a name="[8d]"></a>Dac2_Set_Vol</STRONG> (Thumb, 14 bytes, Stack size 8 bytes, dac.o(.text))
<BR><BR>[Stack]<UL><LI>Max Depth = 16<LI>Call Chain = Dac2_Set_Vol &rArr; DAC_SetChannel2Data
</UL>
<BR>[Calls]<UL><LI><a href="#[6c]">&gt;&gt;</a>&nbsp;&nbsp;&nbsp;DAC_SetChannel2Data
</UL>
<BR>[Called By]<UL><LI><a href="#[6d]">&gt;&gt;</a>&nbsp;&nbsp;&nbsp;Laser_souce_Set
<LI><a href="#[82]">&gt;&gt;</a>&nbsp;&nbsp;&nbsp;COM3_RXD_FUNCTION
<LI><a href="#[8e]">&gt;&gt;</a>&nbsp;&nbsp;&nbsp;LD_FUNCTION
<LI><a href="#[46]">&gt;&gt;</a>&nbsp;&nbsp;&nbsp;main
</UL>

<P><STRONG><a name="[e1]"></a>Apd_voltage_set</STRONG> (Thumb, 216 bytes, Stack size 56 bytes, dac.o(.text), UNUSED)
<BR><BR>[Calls]<UL><LI><a href="#[e2]">&gt;&gt;</a>&nbsp;&nbsp;&nbsp;__aeabi_f2iz
<LI><a href="#[df]">&gt;&gt;</a>&nbsp;&nbsp;&nbsp;Dac1_Set_Vol
<LI><a href="#[af]">&gt;&gt;</a>&nbsp;&nbsp;&nbsp;__aeabi_fsub
<LI><a href="#[ac]">&gt;&gt;</a>&nbsp;&nbsp;&nbsp;__aeabi_fdiv
<LI><a href="#[54]">&gt;&gt;</a>&nbsp;&nbsp;&nbsp;__aeabi_fmul
<LI><a href="#[57]">&gt;&gt;</a>&nbsp;&nbsp;&nbsp;__aeabi_f2d
<LI><a href="#[58]">&gt;&gt;</a>&nbsp;&nbsp;&nbsp;__aeabi_cdrcmple
<LI><a href="#[62]">&gt;&gt;</a>&nbsp;&nbsp;&nbsp;__aeabi_cdcmple
</UL>

<P><STRONG><a name="[75]"></a>Laser_souce_IO_Init</STRONG> (Thumb, 112 bytes, Stack size 8 bytes, dac.o(.text))
<BR><BR>[Stack]<UL><LI>Max Depth = 32<LI>Call Chain = Laser_souce_IO_Init &rArr; GPIO_Init
</UL>
<BR>[Calls]<UL><LI><a href="#[94]">&gt;&gt;</a>&nbsp;&nbsp;&nbsp;RCC_APB2PeriphClockCmd
<LI><a href="#[95]">&gt;&gt;</a>&nbsp;&nbsp;&nbsp;GPIO_Init
</UL>
<BR>[Called By]<UL><LI><a href="#[6e]">&gt;&gt;</a>&nbsp;&nbsp;&nbsp;POWER_ON_CTL_FUNCTION
</UL>

<P><STRONG><a name="[8c]"></a>Laser_souce_lamda_set</STRONG> (Thumb, 124 bytes, Stack size 8 bytes, dac.o(.text))
<BR><BR>[Stack]<UL><LI>Max Depth = 8<LI>Call Chain = Laser_souce_lamda_set
</UL>
<BR>[Calls]<UL><LI><a href="#[b8]">&gt;&gt;</a>&nbsp;&nbsp;&nbsp;GPIO_SetBits
<LI><a href="#[8b]">&gt;&gt;</a>&nbsp;&nbsp;&nbsp;GPIO_ResetBits
</UL>
<BR>[Called By]<UL><LI><a href="#[6d]">&gt;&gt;</a>&nbsp;&nbsp;&nbsp;Laser_souce_Set
<LI><a href="#[82]">&gt;&gt;</a>&nbsp;&nbsp;&nbsp;COM3_RXD_FUNCTION
<LI><a href="#[46]">&gt;&gt;</a>&nbsp;&nbsp;&nbsp;main
</UL>

<P><STRONG><a name="[6d]"></a>Laser_souce_Set</STRONG> (Thumb, 94 bytes, Stack size 16 bytes, dac.o(.text))
<BR><BR>[Stack]<UL><LI>Max Depth = 32<LI>Call Chain = Laser_souce_Set &rArr; Dac2_Set_Vol &rArr; DAC_SetChannel2Data
</UL>
<BR>[Calls]<UL><LI><a href="#[b8]">&gt;&gt;</a>&nbsp;&nbsp;&nbsp;GPIO_SetBits
<LI><a href="#[8c]">&gt;&gt;</a>&nbsp;&nbsp;&nbsp;Laser_souce_lamda_set
<LI><a href="#[8b]">&gt;&gt;</a>&nbsp;&nbsp;&nbsp;GPIO_ResetBits
<LI><a href="#[56]">&gt;&gt;</a>&nbsp;&nbsp;&nbsp;GPIO_ReadInputDataBit
<LI><a href="#[8d]">&gt;&gt;</a>&nbsp;&nbsp;&nbsp;Dac2_Set_Vol
</UL>
<BR>[Called By]<UL><LI><a href="#[67]">&gt;&gt;</a>&nbsp;&nbsp;&nbsp;POWER_OFF_CTL_FUNCTION
</UL>

<P><STRONG><a name="[77]"></a>IIC_BUS_GPIO_Config</STRONG> (Thumb, 38 bytes, Stack size 8 bytes, iic_bus.o(.text))
<BR><BR>[Stack]<UL><LI>Max Depth = 32<LI>Call Chain = IIC_BUS_GPIO_Config &rArr; GPIO_Init
</UL>
<BR>[Calls]<UL><LI><a href="#[94]">&gt;&gt;</a>&nbsp;&nbsp;&nbsp;RCC_APB2PeriphClockCmd
<LI><a href="#[95]">&gt;&gt;</a>&nbsp;&nbsp;&nbsp;GPIO_Init
</UL>
<BR>[Called By]<UL><LI><a href="#[46]">&gt;&gt;</a>&nbsp;&nbsp;&nbsp;main
</UL>

<P><STRONG><a name="[e3]"></a>IIC_SDA_Config</STRONG> (Thumb, 80 bytes, Stack size 16 bytes, iic_bus.o(.text))
<BR><BR>[Stack]<UL><LI>Max Depth = 40<LI>Call Chain = IIC_SDA_Config &rArr; GPIO_Init
</UL>
<BR>[Calls]<UL><LI><a href="#[94]">&gt;&gt;</a>&nbsp;&nbsp;&nbsp;RCC_APB2PeriphClockCmd
<LI><a href="#[95]">&gt;&gt;</a>&nbsp;&nbsp;&nbsp;GPIO_Init
</UL>
<BR>[Called By]<UL><LI><a href="#[ff]">&gt;&gt;</a>&nbsp;&nbsp;&nbsp;READ_WORD_TMP
<LI><a href="#[fe]">&gt;&gt;</a>&nbsp;&nbsp;&nbsp;IIC_RX_DATA_W_TMP
<LI><a href="#[ec]">&gt;&gt;</a>&nbsp;&nbsp;&nbsp;WRITE_BYTE
<LI><a href="#[eb]">&gt;&gt;</a>&nbsp;&nbsp;&nbsp;READ_BYTE
<LI><a href="#[e9]">&gt;&gt;</a>&nbsp;&nbsp;&nbsp;IIC_RX_DATA
<LI><a href="#[e7]">&gt;&gt;</a>&nbsp;&nbsp;&nbsp;IIC_ACK
<LI><a href="#[7f]">&gt;&gt;</a>&nbsp;&nbsp;&nbsp;WRITE_BYTE_TMP
</UL>

<P><STRONG><a name="[e4]"></a>IIC_START</STRONG> (Thumb, 54 bytes, Stack size 8 bytes, iic_bus.o(.text))
<BR><BR>[Stack]<UL><LI>Max Depth = 8<LI>Call Chain = IIC_START
</UL>
<BR>[Calls]<UL><LI><a href="#[e5]">&gt;&gt;</a>&nbsp;&nbsp;&nbsp;delay_us
<LI><a href="#[b8]">&gt;&gt;</a>&nbsp;&nbsp;&nbsp;GPIO_SetBits
<LI><a href="#[8b]">&gt;&gt;</a>&nbsp;&nbsp;&nbsp;GPIO_ResetBits
</UL>
<BR>[Called By]<UL><LI><a href="#[ff]">&gt;&gt;</a>&nbsp;&nbsp;&nbsp;READ_WORD_TMP
<LI><a href="#[f2]">&gt;&gt;</a>&nbsp;&nbsp;&nbsp;WriteNData
<LI><a href="#[f1]">&gt;&gt;</a>&nbsp;&nbsp;&nbsp;SendStr
<LI><a href="#[ec]">&gt;&gt;</a>&nbsp;&nbsp;&nbsp;WRITE_BYTE
<LI><a href="#[eb]">&gt;&gt;</a>&nbsp;&nbsp;&nbsp;READ_BYTE
<LI><a href="#[7f]">&gt;&gt;</a>&nbsp;&nbsp;&nbsp;WRITE_BYTE_TMP
</UL>

<P><STRONG><a name="[e6]"></a>IIC_STOP</STRONG> (Thumb, 46 bytes, Stack size 8 bytes, iic_bus.o(.text))
<BR><BR>[Stack]<UL><LI>Max Depth = 8<LI>Call Chain = IIC_STOP
</UL>
<BR>[Calls]<UL><LI><a href="#[e5]">&gt;&gt;</a>&nbsp;&nbsp;&nbsp;delay_us
<LI><a href="#[b8]">&gt;&gt;</a>&nbsp;&nbsp;&nbsp;GPIO_SetBits
<LI><a href="#[8b]">&gt;&gt;</a>&nbsp;&nbsp;&nbsp;GPIO_ResetBits
</UL>
<BR>[Called By]<UL><LI><a href="#[ff]">&gt;&gt;</a>&nbsp;&nbsp;&nbsp;READ_WORD_TMP
<LI><a href="#[f2]">&gt;&gt;</a>&nbsp;&nbsp;&nbsp;WriteNData
<LI><a href="#[f1]">&gt;&gt;</a>&nbsp;&nbsp;&nbsp;SendStr
<LI><a href="#[ec]">&gt;&gt;</a>&nbsp;&nbsp;&nbsp;WRITE_BYTE
<LI><a href="#[eb]">&gt;&gt;</a>&nbsp;&nbsp;&nbsp;READ_BYTE
<LI><a href="#[e7]">&gt;&gt;</a>&nbsp;&nbsp;&nbsp;IIC_ACK
<LI><a href="#[7f]">&gt;&gt;</a>&nbsp;&nbsp;&nbsp;WRITE_BYTE_TMP
</UL>

<P><STRONG><a name="[e7]"></a>IIC_ACK</STRONG> (Thumb, 96 bytes, Stack size 8 bytes, iic_bus.o(.text))
<BR><BR>[Stack]<UL><LI>Max Depth = 48<LI>Call Chain = IIC_ACK &rArr; IIC_SDA_Config &rArr; GPIO_Init
</UL>
<BR>[Calls]<UL><LI><a href="#[e6]">&gt;&gt;</a>&nbsp;&nbsp;&nbsp;IIC_STOP
<LI><a href="#[e3]">&gt;&gt;</a>&nbsp;&nbsp;&nbsp;IIC_SDA_Config
<LI><a href="#[e5]">&gt;&gt;</a>&nbsp;&nbsp;&nbsp;delay_us
<LI><a href="#[b8]">&gt;&gt;</a>&nbsp;&nbsp;&nbsp;GPIO_SetBits
<LI><a href="#[8b]">&gt;&gt;</a>&nbsp;&nbsp;&nbsp;GPIO_ResetBits
<LI><a href="#[56]">&gt;&gt;</a>&nbsp;&nbsp;&nbsp;GPIO_ReadInputDataBit
</UL>
<BR>[Called By]<UL><LI><a href="#[e8]">&gt;&gt;</a>&nbsp;&nbsp;&nbsp;IIC_TX_DATA
</UL>

<P><STRONG><a name="[e8]"></a>IIC_TX_DATA</STRONG> (Thumb, 86 bytes, Stack size 16 bytes, iic_bus.o(.text))
<BR><BR>[Stack]<UL><LI>Max Depth = 64<LI>Call Chain = IIC_TX_DATA &rArr; IIC_ACK &rArr; IIC_SDA_Config &rArr; GPIO_Init
</UL>
<BR>[Calls]<UL><LI><a href="#[e7]">&gt;&gt;</a>&nbsp;&nbsp;&nbsp;IIC_ACK
<LI><a href="#[e5]">&gt;&gt;</a>&nbsp;&nbsp;&nbsp;delay_us
<LI><a href="#[b8]">&gt;&gt;</a>&nbsp;&nbsp;&nbsp;GPIO_SetBits
<LI><a href="#[8b]">&gt;&gt;</a>&nbsp;&nbsp;&nbsp;GPIO_ResetBits
</UL>
<BR>[Called By]<UL><LI><a href="#[ff]">&gt;&gt;</a>&nbsp;&nbsp;&nbsp;READ_WORD_TMP
<LI><a href="#[f2]">&gt;&gt;</a>&nbsp;&nbsp;&nbsp;WriteNData
<LI><a href="#[f1]">&gt;&gt;</a>&nbsp;&nbsp;&nbsp;SendStr
<LI><a href="#[ec]">&gt;&gt;</a>&nbsp;&nbsp;&nbsp;WRITE_BYTE
<LI><a href="#[eb]">&gt;&gt;</a>&nbsp;&nbsp;&nbsp;READ_BYTE
<LI><a href="#[7f]">&gt;&gt;</a>&nbsp;&nbsp;&nbsp;WRITE_BYTE_TMP
</UL>

<P><STRONG><a name="[e9]"></a>IIC_RX_DATA</STRONG> (Thumb, 96 bytes, Stack size 16 bytes, iic_bus.o(.text))
<BR><BR>[Stack]<UL><LI>Max Depth = 56<LI>Call Chain = IIC_RX_DATA &rArr; IIC_SDA_Config &rArr; GPIO_Init
</UL>
<BR>[Calls]<UL><LI><a href="#[e3]">&gt;&gt;</a>&nbsp;&nbsp;&nbsp;IIC_SDA_Config
<LI><a href="#[e5]">&gt;&gt;</a>&nbsp;&nbsp;&nbsp;delay_us
<LI><a href="#[b8]">&gt;&gt;</a>&nbsp;&nbsp;&nbsp;GPIO_SetBits
<LI><a href="#[8b]">&gt;&gt;</a>&nbsp;&nbsp;&nbsp;GPIO_ResetBits
<LI><a href="#[56]">&gt;&gt;</a>&nbsp;&nbsp;&nbsp;GPIO_ReadInputDataBit
</UL>
<BR>[Called By]<UL><LI><a href="#[f4]">&gt;&gt;</a>&nbsp;&nbsp;&nbsp;RcvByte
<LI><a href="#[eb]">&gt;&gt;</a>&nbsp;&nbsp;&nbsp;READ_BYTE
</UL>

<P><STRONG><a name="[ea]"></a>Host_Ack</STRONG> (Thumb, 54 bytes, Stack size 8 bytes, iic_bus.o(.text), UNUSED)
<BR><BR>[Calls]<UL><LI><a href="#[e5]">&gt;&gt;</a>&nbsp;&nbsp;&nbsp;delay_us
<LI><a href="#[b8]">&gt;&gt;</a>&nbsp;&nbsp;&nbsp;GPIO_SetBits
<LI><a href="#[8b]">&gt;&gt;</a>&nbsp;&nbsp;&nbsp;GPIO_ResetBits
</UL>

<P><STRONG><a name="[eb]"></a>READ_BYTE</STRONG> (Thumb, 102 bytes, Stack size 32 bytes, iic_bus.o(.text))
<BR><BR>[Stack]<UL><LI>Max Depth = 96<LI>Call Chain = READ_BYTE &rArr; IIC_TX_DATA &rArr; IIC_ACK &rArr; IIC_SDA_Config &rArr; GPIO_Init
</UL>
<BR>[Calls]<UL><LI><a href="#[e9]">&gt;&gt;</a>&nbsp;&nbsp;&nbsp;IIC_RX_DATA
<LI><a href="#[e8]">&gt;&gt;</a>&nbsp;&nbsp;&nbsp;IIC_TX_DATA
<LI><a href="#[e6]">&gt;&gt;</a>&nbsp;&nbsp;&nbsp;IIC_STOP
<LI><a href="#[e4]">&gt;&gt;</a>&nbsp;&nbsp;&nbsp;IIC_START
<LI><a href="#[e3]">&gt;&gt;</a>&nbsp;&nbsp;&nbsp;IIC_SDA_Config
<LI><a href="#[e5]">&gt;&gt;</a>&nbsp;&nbsp;&nbsp;delay_us
</UL>
<BR>[Called By]<UL><LI><a href="#[fd]">&gt;&gt;</a>&nbsp;&nbsp;&nbsp;Load_SN_status
<LI><a href="#[fc]">&gt;&gt;</a>&nbsp;&nbsp;&nbsp;read_rest_flag
<LI><a href="#[f7]">&gt;&gt;</a>&nbsp;&nbsp;&nbsp;READ_Float_data
<LI><a href="#[f5]">&gt;&gt;</a>&nbsp;&nbsp;&nbsp;I2cRcvStr
<LI><a href="#[f0]">&gt;&gt;</a>&nbsp;&nbsp;&nbsp;ReadFloatE2prom
<LI><a href="#[ed]">&gt;&gt;</a>&nbsp;&nbsp;&nbsp;READ_LONG_DATA
<LI><a href="#[79]">&gt;&gt;</a>&nbsp;&nbsp;&nbsp;Load_set_status
</UL>

<P><STRONG><a name="[ec]"></a>WRITE_BYTE</STRONG> (Thumb, 94 bytes, Stack size 32 bytes, iic_bus.o(.text))
<BR><BR>[Stack]<UL><LI>Max Depth = 96<LI>Call Chain = WRITE_BYTE &rArr; IIC_TX_DATA &rArr; IIC_ACK &rArr; IIC_SDA_Config &rArr; GPIO_Init
</UL>
<BR>[Calls]<UL><LI><a href="#[e8]">&gt;&gt;</a>&nbsp;&nbsp;&nbsp;IIC_TX_DATA
<LI><a href="#[e6]">&gt;&gt;</a>&nbsp;&nbsp;&nbsp;IIC_STOP
<LI><a href="#[e4]">&gt;&gt;</a>&nbsp;&nbsp;&nbsp;IIC_START
<LI><a href="#[e3]">&gt;&gt;</a>&nbsp;&nbsp;&nbsp;IIC_SDA_Config
<LI><a href="#[e5]">&gt;&gt;</a>&nbsp;&nbsp;&nbsp;delay_us
<LI><a href="#[5f]">&gt;&gt;</a>&nbsp;&nbsp;&nbsp;delay_ms
</UL>
<BR>[Called By]<UL><LI><a href="#[f6]">&gt;&gt;</a>&nbsp;&nbsp;&nbsp;Write_Float_data
<LI><a href="#[ef]">&gt;&gt;</a>&nbsp;&nbsp;&nbsp;WriteFloatE2prom
<LI><a href="#[ee]">&gt;&gt;</a>&nbsp;&nbsp;&nbsp;Write_Long_data
<LI><a href="#[dc]">&gt;&gt;</a>&nbsp;&nbsp;&nbsp;Write_set_status
</UL>

<P><STRONG><a name="[ed]"></a>READ_LONG_DATA</STRONG> (Thumb, 50 bytes, Stack size 24 bytes, iic_bus.o(.text))
<BR><BR>[Stack]<UL><LI>Max Depth = 120<LI>Call Chain = READ_LONG_DATA &rArr; READ_BYTE &rArr; IIC_TX_DATA &rArr; IIC_ACK &rArr; IIC_SDA_Config &rArr; GPIO_Init
</UL>
<BR>[Calls]<UL><LI><a href="#[eb]">&gt;&gt;</a>&nbsp;&nbsp;&nbsp;READ_BYTE
<LI><a href="#[e5]">&gt;&gt;</a>&nbsp;&nbsp;&nbsp;delay_us
</UL>
<BR>[Called By]<UL><LI><a href="#[f9]">&gt;&gt;</a>&nbsp;&nbsp;&nbsp;Read_cal_adc
</UL>

<P><STRONG><a name="[ee]"></a>Write_Long_data</STRONG> (Thumb, 64 bytes, Stack size 24 bytes, iic_bus.o(.text))
<BR><BR>[Stack]<UL><LI>Max Depth = 120<LI>Call Chain = Write_Long_data &rArr; WRITE_BYTE &rArr; IIC_TX_DATA &rArr; IIC_ACK &rArr; IIC_SDA_Config &rArr; GPIO_Init
</UL>
<BR>[Calls]<UL><LI><a href="#[ec]">&gt;&gt;</a>&nbsp;&nbsp;&nbsp;WRITE_BYTE
<LI><a href="#[5f]">&gt;&gt;</a>&nbsp;&nbsp;&nbsp;delay_ms
</UL>
<BR>[Called By]<UL><LI><a href="#[a8]">&gt;&gt;</a>&nbsp;&nbsp;&nbsp;save_cal_constant
<LI><a href="#[aa]">&gt;&gt;</a>&nbsp;&nbsp;&nbsp;reset_cal_constant
</UL>

<P><STRONG><a name="[ef]"></a>WriteFloatE2prom</STRONG> (Thumb, 46 bytes, Stack size 32 bytes, iic_bus.o(.text), UNUSED)
<BR><BR>[Calls]<UL><LI><a href="#[ec]">&gt;&gt;</a>&nbsp;&nbsp;&nbsp;WRITE_BYTE
<LI><a href="#[e5]">&gt;&gt;</a>&nbsp;&nbsp;&nbsp;delay_us
</UL>

<P><STRONG><a name="[f0]"></a>ReadFloatE2prom</STRONG> (Thumb, 44 bytes, Stack size 24 bytes, iic_bus.o(.text), UNUSED)
<BR><BR>[Calls]<UL><LI><a href="#[eb]">&gt;&gt;</a>&nbsp;&nbsp;&nbsp;READ_BYTE
<LI><a href="#[e5]">&gt;&gt;</a>&nbsp;&nbsp;&nbsp;delay_us
</UL>

<P><STRONG><a name="[f1]"></a>SendStr</STRONG> (Thumb, 94 bytes, Stack size 24 bytes, iic_bus.o(.text), UNUSED)
<BR><BR>[Calls]<UL><LI><a href="#[e8]">&gt;&gt;</a>&nbsp;&nbsp;&nbsp;IIC_TX_DATA
<LI><a href="#[e6]">&gt;&gt;</a>&nbsp;&nbsp;&nbsp;IIC_STOP
<LI><a href="#[e4]">&gt;&gt;</a>&nbsp;&nbsp;&nbsp;IIC_START
<LI><a href="#[e5]">&gt;&gt;</a>&nbsp;&nbsp;&nbsp;delay_us
</UL>

<P><STRONG><a name="[f2]"></a>WriteNData</STRONG> (Thumb, 128 bytes, Stack size 24 bytes, iic_bus.o(.text), UNUSED)
<BR><BR>[Calls]<UL><LI><a href="#[e8]">&gt;&gt;</a>&nbsp;&nbsp;&nbsp;IIC_TX_DATA
<LI><a href="#[e6]">&gt;&gt;</a>&nbsp;&nbsp;&nbsp;IIC_STOP
<LI><a href="#[e4]">&gt;&gt;</a>&nbsp;&nbsp;&nbsp;IIC_START
<LI><a href="#[e5]">&gt;&gt;</a>&nbsp;&nbsp;&nbsp;delay_us
<LI><a href="#[56]">&gt;&gt;</a>&nbsp;&nbsp;&nbsp;GPIO_ReadInputDataBit
</UL>
<BR>[Called By]<UL><LI><a href="#[f3]">&gt;&gt;</a>&nbsp;&nbsp;&nbsp;I2cSendStr
</UL>

<P><STRONG><a name="[f3]"></a>I2cSendStr</STRONG> (Thumb, 106 bytes, Stack size 32 bytes, iic_bus.o(.text), UNUSED)
<BR><BR>[Calls]<UL><LI><a href="#[f2]">&gt;&gt;</a>&nbsp;&nbsp;&nbsp;WriteNData
<LI><a href="#[e5]">&gt;&gt;</a>&nbsp;&nbsp;&nbsp;delay_us
</UL>

<P><STRONG><a name="[f4]"></a>RcvByte</STRONG> (Thumb, 14 bytes, Stack size 8 bytes, iic_bus.o(.text), UNUSED)
<BR><BR>[Calls]<UL><LI><a href="#[e9]">&gt;&gt;</a>&nbsp;&nbsp;&nbsp;IIC_RX_DATA
</UL>

<P><STRONG><a name="[f5]"></a>I2cRcvStr</STRONG> (Thumb, 46 bytes, Stack size 24 bytes, iic_bus.o(.text), UNUSED)
<BR><BR>[Calls]<UL><LI><a href="#[eb]">&gt;&gt;</a>&nbsp;&nbsp;&nbsp;READ_BYTE
<LI><a href="#[e5]">&gt;&gt;</a>&nbsp;&nbsp;&nbsp;delay_us
</UL>

<P><STRONG><a name="[f6]"></a>Write_Float_data</STRONG> (Thumb, 40 bytes, Stack size 24 bytes, iic_bus.o(.text))
<BR><BR>[Stack]<UL><LI>Max Depth = 120<LI>Call Chain = Write_Float_data &rArr; WRITE_BYTE &rArr; IIC_TX_DATA &rArr; IIC_ACK &rArr; IIC_SDA_Config &rArr; GPIO_Init
</UL>
<BR>[Calls]<UL><LI><a href="#[ec]">&gt;&gt;</a>&nbsp;&nbsp;&nbsp;WRITE_BYTE
<LI><a href="#[5f]">&gt;&gt;</a>&nbsp;&nbsp;&nbsp;delay_ms
</UL>
<BR>[Called By]<UL><LI><a href="#[dc]">&gt;&gt;</a>&nbsp;&nbsp;&nbsp;Write_set_status
<LI><a href="#[a8]">&gt;&gt;</a>&nbsp;&nbsp;&nbsp;save_cal_constant
<LI><a href="#[aa]">&gt;&gt;</a>&nbsp;&nbsp;&nbsp;reset_cal_constant
<LI><a href="#[a9]">&gt;&gt;</a>&nbsp;&nbsp;&nbsp;Save_wavelength_coeff
</UL>

<P><STRONG><a name="[f7]"></a>READ_Float_data</STRONG> (Thumb, 64 bytes, Stack size 24 bytes, iic_bus.o(.text))
<BR><BR>[Stack]<UL><LI>Max Depth = 120<LI>Call Chain = READ_Float_data &rArr; READ_BYTE &rArr; IIC_TX_DATA &rArr; IIC_ACK &rArr; IIC_SDA_Config &rArr; GPIO_Init
</UL>
<BR>[Calls]<UL><LI><a href="#[eb]">&gt;&gt;</a>&nbsp;&nbsp;&nbsp;READ_BYTE
<LI><a href="#[e5]">&gt;&gt;</a>&nbsp;&nbsp;&nbsp;delay_us
</UL>
<BR>[Called By]<UL><LI><a href="#[fa]">&gt;&gt;</a>&nbsp;&nbsp;&nbsp;Read_wavelength_coeff
<LI><a href="#[f8]">&gt;&gt;</a>&nbsp;&nbsp;&nbsp;Read_cal_power
<LI><a href="#[79]">&gt;&gt;</a>&nbsp;&nbsp;&nbsp;Load_set_status
</UL>

<P><STRONG><a name="[f8]"></a>Read_cal_power</STRONG> (Thumb, 34 bytes, Stack size 8 bytes, iic_bus.o(.text))
<BR><BR>[Stack]<UL><LI>Max Depth = 128<LI>Call Chain = Read_cal_power &rArr; READ_Float_data &rArr; READ_BYTE &rArr; IIC_TX_DATA &rArr; IIC_ACK &rArr; IIC_SDA_Config &rArr; GPIO_Init
</UL>
<BR>[Calls]<UL><LI><a href="#[f7]">&gt;&gt;</a>&nbsp;&nbsp;&nbsp;READ_Float_data
</UL>
<BR>[Called By]<UL><LI><a href="#[78]">&gt;&gt;</a>&nbsp;&nbsp;&nbsp;load_cal_constant
</UL>

<P><STRONG><a name="[f9]"></a>Read_cal_adc</STRONG> (Thumb, 42 bytes, Stack size 8 bytes, iic_bus.o(.text))
<BR><BR>[Stack]<UL><LI>Max Depth = 128<LI>Call Chain = Read_cal_adc &rArr; READ_LONG_DATA &rArr; READ_BYTE &rArr; IIC_TX_DATA &rArr; IIC_ACK &rArr; IIC_SDA_Config &rArr; GPIO_Init
</UL>
<BR>[Calls]<UL><LI><a href="#[ed]">&gt;&gt;</a>&nbsp;&nbsp;&nbsp;READ_LONG_DATA
</UL>
<BR>[Called By]<UL><LI><a href="#[78]">&gt;&gt;</a>&nbsp;&nbsp;&nbsp;load_cal_constant
</UL>

<P><STRONG><a name="[fa]"></a>Read_wavelength_coeff</STRONG> (Thumb, 34 bytes, Stack size 8 bytes, iic_bus.o(.text))
<BR><BR>[Stack]<UL><LI>Max Depth = 128<LI>Call Chain = Read_wavelength_coeff &rArr; READ_Float_data &rArr; READ_BYTE &rArr; IIC_TX_DATA &rArr; IIC_ACK &rArr; IIC_SDA_Config &rArr; GPIO_Init
</UL>
<BR>[Calls]<UL><LI><a href="#[f7]">&gt;&gt;</a>&nbsp;&nbsp;&nbsp;READ_Float_data
</UL>
<BR>[Called By]<UL><LI><a href="#[78]">&gt;&gt;</a>&nbsp;&nbsp;&nbsp;load_cal_constant
</UL>

<P><STRONG><a name="[a9]"></a>Save_wavelength_coeff</STRONG> (Thumb, 42 bytes, Stack size 8 bytes, iic_bus.o(.text))
<BR><BR>[Stack]<UL><LI>Max Depth = 128<LI>Call Chain = Save_wavelength_coeff &rArr; Write_Float_data &rArr; WRITE_BYTE &rArr; IIC_TX_DATA &rArr; IIC_ACK &rArr; IIC_SDA_Config &rArr; GPIO_Init
</UL>
<BR>[Calls]<UL><LI><a href="#[f6]">&gt;&gt;</a>&nbsp;&nbsp;&nbsp;Write_Float_data
<LI><a href="#[5f]">&gt;&gt;</a>&nbsp;&nbsp;&nbsp;delay_ms
</UL>
<BR>[Called By]<UL><LI><a href="#[82]">&gt;&gt;</a>&nbsp;&nbsp;&nbsp;COM3_RXD_FUNCTION
<LI><a href="#[81]">&gt;&gt;</a>&nbsp;&nbsp;&nbsp;COM1_FUNCTION
</UL>

<P><STRONG><a name="[a8]"></a>save_cal_constant</STRONG> (Thumb, 104 bytes, Stack size 8 bytes, iic_bus.o(.text))
<BR><BR>[Stack]<UL><LI>Max Depth = 128<LI>Call Chain = save_cal_constant &rArr; Write_Float_data &rArr; WRITE_BYTE &rArr; IIC_TX_DATA &rArr; IIC_ACK &rArr; IIC_SDA_Config &rArr; GPIO_Init
</UL>
<BR>[Calls]<UL><LI><a href="#[f6]">&gt;&gt;</a>&nbsp;&nbsp;&nbsp;Write_Float_data
<LI><a href="#[ee]">&gt;&gt;</a>&nbsp;&nbsp;&nbsp;Write_Long_data
<LI><a href="#[5f]">&gt;&gt;</a>&nbsp;&nbsp;&nbsp;delay_ms
</UL>
<BR>[Called By]<UL><LI><a href="#[82]">&gt;&gt;</a>&nbsp;&nbsp;&nbsp;COM3_RXD_FUNCTION
<LI><a href="#[81]">&gt;&gt;</a>&nbsp;&nbsp;&nbsp;COM1_FUNCTION
</UL>

<P><STRONG><a name="[aa]"></a>reset_cal_constant</STRONG> (Thumb, 178 bytes, Stack size 168 bytes, iic_bus.o(.text))
<BR><BR>[Stack]<UL><LI>Max Depth = 288<LI>Call Chain = reset_cal_constant &rArr; Write_Float_data &rArr; WRITE_BYTE &rArr; IIC_TX_DATA &rArr; IIC_ACK &rArr; IIC_SDA_Config &rArr; GPIO_Init
</UL>
<BR>[Calls]<UL><LI><a href="#[f6]">&gt;&gt;</a>&nbsp;&nbsp;&nbsp;Write_Float_data
<LI><a href="#[ee]">&gt;&gt;</a>&nbsp;&nbsp;&nbsp;Write_Long_data
<LI><a href="#[5f]">&gt;&gt;</a>&nbsp;&nbsp;&nbsp;delay_ms
<LI><a href="#[fb]">&gt;&gt;</a>&nbsp;&nbsp;&nbsp;__aeabi_memcpy4
</UL>
<BR>[Called By]<UL><LI><a href="#[fc]">&gt;&gt;</a>&nbsp;&nbsp;&nbsp;read_rest_flag
<LI><a href="#[82]">&gt;&gt;</a>&nbsp;&nbsp;&nbsp;COM3_RXD_FUNCTION
<LI><a href="#[81]">&gt;&gt;</a>&nbsp;&nbsp;&nbsp;COM1_FUNCTION
</UL>

<P><STRONG><a name="[79]"></a>Load_set_status</STRONG> (Thumb, 402 bytes, Stack size 16 bytes, iic_bus.o(.text))
<BR><BR>[Stack]<UL><LI>Max Depth = 136<LI>Call Chain = Load_set_status &rArr; READ_Float_data &rArr; READ_BYTE &rArr; IIC_TX_DATA &rArr; IIC_ACK &rArr; IIC_SDA_Config &rArr; GPIO_Init
</UL>
<BR>[Calls]<UL><LI><a href="#[f7]">&gt;&gt;</a>&nbsp;&nbsp;&nbsp;READ_Float_data
<LI><a href="#[eb]">&gt;&gt;</a>&nbsp;&nbsp;&nbsp;READ_BYTE
<LI><a href="#[e5]">&gt;&gt;</a>&nbsp;&nbsp;&nbsp;delay_us
<LI><a href="#[59]">&gt;&gt;</a>&nbsp;&nbsp;&nbsp;__aeabi_cfrcmple
<LI><a href="#[5a]">&gt;&gt;</a>&nbsp;&nbsp;&nbsp;__aeabi_cfcmple
</UL>
<BR>[Called By]<UL><LI><a href="#[fc]">&gt;&gt;</a>&nbsp;&nbsp;&nbsp;read_rest_flag
<LI><a href="#[86]">&gt;&gt;</a>&nbsp;&nbsp;&nbsp;COM4_RXD_FUNCTION
<LI><a href="#[46]">&gt;&gt;</a>&nbsp;&nbsp;&nbsp;main
</UL>

<P><STRONG><a name="[78]"></a>load_cal_constant</STRONG> (Thumb, 16 bytes, Stack size 8 bytes, iic_bus.o(.text))
<BR><BR>[Stack]<UL><LI>Max Depth = 136<LI>Call Chain = load_cal_constant &rArr; Read_wavelength_coeff &rArr; READ_Float_data &rArr; READ_BYTE &rArr; IIC_TX_DATA &rArr; IIC_ACK &rArr; IIC_SDA_Config &rArr; GPIO_Init
</UL>
<BR>[Calls]<UL><LI><a href="#[fa]">&gt;&gt;</a>&nbsp;&nbsp;&nbsp;Read_wavelength_coeff
<LI><a href="#[f9]">&gt;&gt;</a>&nbsp;&nbsp;&nbsp;Read_cal_adc
<LI><a href="#[f8]">&gt;&gt;</a>&nbsp;&nbsp;&nbsp;Read_cal_power
</UL>
<BR>[Called By]<UL><LI><a href="#[fc]">&gt;&gt;</a>&nbsp;&nbsp;&nbsp;read_rest_flag
<LI><a href="#[46]">&gt;&gt;</a>&nbsp;&nbsp;&nbsp;main
</UL>

<P><STRONG><a name="[dc]"></a>Write_set_status</STRONG> (Thumb, 208 bytes, Stack size 16 bytes, iic_bus.o(.text))
<BR><BR>[Stack]<UL><LI>Max Depth = 136<LI>Call Chain = Write_set_status &rArr; Write_Float_data &rArr; WRITE_BYTE &rArr; IIC_TX_DATA &rArr; IIC_ACK &rArr; IIC_SDA_Config &rArr; GPIO_Init
</UL>
<BR>[Calls]<UL><LI><a href="#[f6]">&gt;&gt;</a>&nbsp;&nbsp;&nbsp;Write_Float_data
<LI><a href="#[ec]">&gt;&gt;</a>&nbsp;&nbsp;&nbsp;WRITE_BYTE
</UL>
<BR>[Called By]<UL><LI><a href="#[fc]">&gt;&gt;</a>&nbsp;&nbsp;&nbsp;read_rest_flag
<LI><a href="#[86]">&gt;&gt;</a>&nbsp;&nbsp;&nbsp;COM4_RXD_FUNCTION
</UL>

<P><STRONG><a name="[fc]"></a>read_rest_flag</STRONG> (Thumb, 40 bytes, Stack size 8 bytes, iic_bus.o(.text), UNUSED)
<BR><BR>[Calls]<UL><LI><a href="#[eb]">&gt;&gt;</a>&nbsp;&nbsp;&nbsp;READ_BYTE
<LI><a href="#[dc]">&gt;&gt;</a>&nbsp;&nbsp;&nbsp;Write_set_status
<LI><a href="#[aa]">&gt;&gt;</a>&nbsp;&nbsp;&nbsp;reset_cal_constant
<LI><a href="#[78]">&gt;&gt;</a>&nbsp;&nbsp;&nbsp;load_cal_constant
<LI><a href="#[79]">&gt;&gt;</a>&nbsp;&nbsp;&nbsp;Load_set_status
</UL>

<P><STRONG><a name="[fd]"></a>Load_SN_status</STRONG> (Thumb, 86 bytes, Stack size 16 bytes, iic_bus.o(.text), UNUSED)
<BR><BR>[Calls]<UL><LI><a href="#[eb]">&gt;&gt;</a>&nbsp;&nbsp;&nbsp;READ_BYTE
<LI><a href="#[e5]">&gt;&gt;</a>&nbsp;&nbsp;&nbsp;delay_us
</UL>

<P><STRONG><a name="[fe]"></a>IIC_RX_DATA_W_TMP</STRONG> (Thumb, 280 bytes, Stack size 24 bytes, iic_bus.o(.text))
<BR><BR>[Stack]<UL><LI>Max Depth = 64<LI>Call Chain = IIC_RX_DATA_W_TMP &rArr; IIC_SDA_Config &rArr; GPIO_Init
</UL>
<BR>[Calls]<UL><LI><a href="#[e3]">&gt;&gt;</a>&nbsp;&nbsp;&nbsp;IIC_SDA_Config
<LI><a href="#[e5]">&gt;&gt;</a>&nbsp;&nbsp;&nbsp;delay_us
<LI><a href="#[b8]">&gt;&gt;</a>&nbsp;&nbsp;&nbsp;GPIO_SetBits
<LI><a href="#[8b]">&gt;&gt;</a>&nbsp;&nbsp;&nbsp;GPIO_ResetBits
<LI><a href="#[56]">&gt;&gt;</a>&nbsp;&nbsp;&nbsp;GPIO_ReadInputDataBit
</UL>
<BR>[Called By]<UL><LI><a href="#[ff]">&gt;&gt;</a>&nbsp;&nbsp;&nbsp;READ_WORD_TMP
</UL>

<P><STRONG><a name="[7f]"></a>WRITE_BYTE_TMP</STRONG> (Thumb, 88 bytes, Stack size 24 bytes, iic_bus.o(.text))
<BR><BR>[Stack]<UL><LI>Max Depth = 88<LI>Call Chain = WRITE_BYTE_TMP &rArr; IIC_TX_DATA &rArr; IIC_ACK &rArr; IIC_SDA_Config &rArr; GPIO_Init
</UL>
<BR>[Calls]<UL><LI><a href="#[e8]">&gt;&gt;</a>&nbsp;&nbsp;&nbsp;IIC_TX_DATA
<LI><a href="#[e6]">&gt;&gt;</a>&nbsp;&nbsp;&nbsp;IIC_STOP
<LI><a href="#[e4]">&gt;&gt;</a>&nbsp;&nbsp;&nbsp;IIC_START
<LI><a href="#[e3]">&gt;&gt;</a>&nbsp;&nbsp;&nbsp;IIC_SDA_Config
<LI><a href="#[e5]">&gt;&gt;</a>&nbsp;&nbsp;&nbsp;delay_us
</UL>
<BR>[Called By]<UL><LI><a href="#[46]">&gt;&gt;</a>&nbsp;&nbsp;&nbsp;main
</UL>

<P><STRONG><a name="[ff]"></a>READ_WORD_TMP</STRONG> (Thumb, 86 bytes, Stack size 24 bytes, iic_bus.o(.text))
<BR><BR>[Stack]<UL><LI>Max Depth = 88<LI>Call Chain = READ_WORD_TMP &rArr; IIC_RX_DATA_W_TMP &rArr; IIC_SDA_Config &rArr; GPIO_Init
</UL>
<BR>[Calls]<UL><LI><a href="#[fe]">&gt;&gt;</a>&nbsp;&nbsp;&nbsp;IIC_RX_DATA_W_TMP
<LI><a href="#[e8]">&gt;&gt;</a>&nbsp;&nbsp;&nbsp;IIC_TX_DATA
<LI><a href="#[e6]">&gt;&gt;</a>&nbsp;&nbsp;&nbsp;IIC_STOP
<LI><a href="#[e4]">&gt;&gt;</a>&nbsp;&nbsp;&nbsp;IIC_START
<LI><a href="#[e3]">&gt;&gt;</a>&nbsp;&nbsp;&nbsp;IIC_SDA_Config
<LI><a href="#[e5]">&gt;&gt;</a>&nbsp;&nbsp;&nbsp;delay_us
</UL>
<BR>[Called By]<UL><LI><a href="#[80]">&gt;&gt;</a>&nbsp;&nbsp;&nbsp;GET_TMP_PCB_DB
</UL>

<P><STRONG><a name="[80]"></a>GET_TMP_PCB_DB</STRONG> (Thumb, 140 bytes, Stack size 32 bytes, iic_bus.o(.text))
<BR><BR>[Stack]<UL><LI>Max Depth = 120<LI>Call Chain = GET_TMP_PCB_DB &rArr; READ_WORD_TMP &rArr; IIC_RX_DATA_W_TMP &rArr; IIC_SDA_Config &rArr; GPIO_Init
</UL>
<BR>[Calls]<UL><LI><a href="#[ff]">&gt;&gt;</a>&nbsp;&nbsp;&nbsp;READ_WORD_TMP
<LI><a href="#[ab]">&gt;&gt;</a>&nbsp;&nbsp;&nbsp;__aeabi_ui2f
<LI><a href="#[57]">&gt;&gt;</a>&nbsp;&nbsp;&nbsp;__aeabi_f2d
<LI><a href="#[65]">&gt;&gt;</a>&nbsp;&nbsp;&nbsp;__aeabi_dmul
<LI><a href="#[64]">&gt;&gt;</a>&nbsp;&nbsp;&nbsp;__aeabi_d2f
</UL>
[...]
<BR><BR>[Called By]<UL><LI><a href="#[16e]">&gt;&gt;</a>&nbsp;&nbsp;&nbsp;log
</UL>

<P><STRONG><a name="[62]"></a>__aeabi_cdcmple</STRONG> (Thumb, 48 bytes, Stack size 0 bytes, cdcmple.o(.text))
<BR><BR>[Called By]<UL><LI><a href="#[e1]">&gt;&gt;</a>&nbsp;&nbsp;&nbsp;Apd_voltage_set
<LI><a href="#[51]">&gt;&gt;</a>&nbsp;&nbsp;&nbsp;Second_function
</UL>

<P><STRONG><a name="[58]"></a>__aeabi_cdrcmple</STRONG> (Thumb, 48 bytes, Stack size 0 bytes, cdrcmple.o(.text))
<BR><BR>[Called By]<UL><LI><a href="#[e1]">&gt;&gt;</a>&nbsp;&nbsp;&nbsp;Apd_voltage_set
<LI><a href="#[51]">&gt;&gt;</a>&nbsp;&nbsp;&nbsp;Second_function
<LI><a href="#[ae]">&gt;&gt;</a>&nbsp;&nbsp;&nbsp;pow
</UL>

<P><STRONG><a name="[64]"></a>__aeabi_d2f</STRONG> (Thumb, 56 bytes, Stack size 8 bytes, d2f.o(.text))
<BR><BR>[Stack]<UL><LI>Max Depth = 8<LI>Call Chain = __aeabi_d2f
</UL>
<BR>[Calls]<UL><LI><a href="#[158]">&gt;&gt;</a>&nbsp;&nbsp;&nbsp;_float_round
</UL>
<BR>[Called By]<UL><LI><a href="#[df]">&gt;&gt;</a>&nbsp;&nbsp;&nbsp;Dac1_Set_Vol
<LI><a href="#[ce]">&gt;&gt;</a>&nbsp;&nbsp;&nbsp;Get_opm_voltage
<LI><a href="#[cc]">&gt;&gt;</a>&nbsp;&nbsp;&nbsp;Filter
<LI><a href="#[9e]">&gt;&gt;</a>&nbsp;&nbsp;&nbsp;UARTx_Send_Float_5Char
<LI><a href="#[84]">&gt;&gt;</a>&nbsp;&nbsp;&nbsp;OPM_TEST
<LI><a href="#[83]">&gt;&gt;</a>&nbsp;&nbsp;&nbsp;OPM_SET_FUNCTION
<LI><a href="#[53]">&gt;&gt;</a>&nbsp;&nbsp;&nbsp;Get_dc_in_voltage
<LI><a href="#[52]">&gt;&gt;</a>&nbsp;&nbsp;&nbsp;Get_batt_voltage
<LI><a href="#[80]">&gt;&gt;</a>&nbsp;&nbsp;&nbsp;GET_TMP_PCB_DB
<LI><a href="#[82]">&gt;&gt;</a>&nbsp;&nbsp;&nbsp;COM3_RXD_FUNCTION
<LI><a href="#[81]">&gt;&gt;</a>&nbsp;&nbsp;&nbsp;COM1_FUNCTION
<LI><a href="#[51]">&gt;&gt;</a>&nbsp;&nbsp;&nbsp;Second_function
</UL>

<P><STRONG><a name="[235]"></a>__aeabi_cfcmpeq</STRONG> (Thumb, 0 bytes, Stack size 0 bytes, cfcmple.o(.text), UNUSED)

<P><STRONG><a name="[5a]"></a>__aeabi_cfcmple</STRONG> (Thumb, 20 bytes, Stack size 0 bytes, cfcmple.o(.text))
<BR><BR>[Called By]<UL><LI><a href="#[9e]">&gt;&gt;</a>&nbsp;&nbsp;&nbsp;UARTx_Send_Float_5Char
<LI><a href="#[79]">&gt;&gt;</a>&nbsp;&nbsp;&nbsp;Load_set_status
<LI><a href="#[51]">&gt;&gt;</a>&nbsp;&nbsp;&nbsp;Second_function
</UL>

<P><STRONG><a name="[59]"></a>__aeabi_cfrcmple</STRONG> (Thumb, 20 bytes, Stack size 0 bytes, cfrcmple.o(.text))
<BR><BR>[Called By]<UL><LI><a href="#[79]">&gt;&gt;</a>&nbsp;&nbsp;&nbsp;Load_set_status
<LI><a href="#[46]">&gt;&gt;</a>&nbsp;&nbsp;&nbsp;main
<LI><a href="#[51]">&gt;&gt;</a>&nbsp;&nbsp;&nbsp;Second_function
</UL>

<P><STRONG><a name="[236]"></a>__aeabi_uidiv</STRONG> (Thumb, 0 bytes, Stack size 12 bytes, uidiv.o(.text), UNUSED)

<P><STRONG><a name="[16d]"></a>__aeabi_uidivmod</STRONG> (Thumb, 44 bytes, Stack size 12 bytes, uidiv.o(.text), UNUSED)
<BR><BR>[Called By]<UL><LI><a href="#[164]">&gt;&gt;</a>&nbsp;&nbsp;&nbsp;_printf_core
</UL>

<P><STRONG><a name="[15a]"></a>__aeabi_llsl</STRONG> (Thumb, 30 bytes, Stack size 0 bytes, llshl.o(.text))
<BR><BR>[Called By]<UL><LI><a href="#[159]">&gt;&gt;</a>&nbsp;&nbsp;&nbsp;__aeabi_dadd
<LI><a href="#[15c]">&gt;&gt;</a>&nbsp;&nbsp;&nbsp;_double_epilogue
</UL>

<P><STRONG><a name="[237]"></a>_ll_shift_l</STRONG> (Thumb, 0 bytes, Stack size 0 bytes, llshl.o(.text), UNUSED)

<P><STRONG><a name="[15b]"></a>__aeabi_lasr</STRONG> (Thumb, 36 bytes, Stack size 0 bytes, llsshr.o(.text))
<BR><BR>[Called By]<UL><LI><a href="#[159]">&gt;&gt;</a>&nbsp;&nbsp;&nbsp;__aeabi_dadd
</UL>

<P><STRONG><a name="[238]"></a>_ll_sshift_r</STRONG> (Thumb, 0 bytes, Stack size 0 bytes, llsshr.o(.text), UNUSED)

<P><STRONG><a name="[239]"></a>__I$use$fp</STRONG> (Thumb, 0 bytes, Stack size 0 bytes, iusefp.o(.text), UNUSED)

<P><STRONG><a name="[158]"></a>_float_round</STRONG> (Thumb, 18 bytes, Stack size 0 bytes, fepilogue.o(.text))
<BR><BR>[Called By]<UL><LI><a href="#[ac]">&gt;&gt;</a>&nbsp;&nbsp;&nbsp;__aeabi_fdiv
<LI><a href="#[66]">&gt;&gt;</a>&nbsp;&nbsp;&nbsp;__aeabi_fadd
<LI><a href="#[64]">&gt;&gt;</a>&nbsp;&nbsp;&nbsp;__aeabi_d2f
</UL>

<P><STRONG><a name="[157]"></a>_float_epilogue</STRONG> (Thumb, 92 bytes, Stack size 4 bytes, fepilogue.o(.text))
<BR><BR>[Stack]<UL><LI>Max Depth = 4<LI>Call Chain = _float_epilogue
</UL>
<BR>[Called By]<UL><LI><a href="#[db]">&gt;&gt;</a>&nbsp;&nbsp;&nbsp;__aeabi_i2f
<LI><a href="#[ab]">&gt;&gt;</a>&nbsp;&nbsp;&nbsp;__aeabi_ui2f
<LI><a href="#[66]">&gt;&gt;</a>&nbsp;&nbsp;&nbsp;__aeabi_fadd
</UL>

<P><STRONG><a name="[15d]"></a>_double_round</STRONG> (Thumb, 30 bytes, Stack size 8 bytes, depilogue.o(.text))
<BR><BR>[Stack]<UL><LI>Max Depth = 8<LI>Call Chain = _double_round
</UL>
<BR>[Called By]<UL><LI><a href="#[cd]">&gt;&gt;</a>&nbsp;&nbsp;&nbsp;__aeabi_ddiv
<LI><a href="#[159]">&gt;&gt;</a>&nbsp;&nbsp;&nbsp;__aeabi_dadd
<LI><a href="#[162]">&gt;&gt;</a>&nbsp;&nbsp;&nbsp;_dsqrt
<LI><a href="#[15c]">&gt;&gt;</a>&nbsp;&nbsp;&nbsp;_double_epilogue
</UL>

<P><STRONG><a name="[15c]"></a>_double_epilogue</STRONG> (Thumb, 156 bytes, Stack size 32 bytes, depilogue.o(.text))
<BR><BR>[Stack]<UL><LI>Max Depth = 40<LI>Call Chain = _double_epilogue &rArr; _double_round
</UL>
<BR>[Calls]<UL><LI><a href="#[15f]">&gt;&gt;</a>&nbsp;&nbsp;&nbsp;__aeabi_llsr
<LI><a href="#[15a]">&gt;&gt;</a>&nbsp;&nbsp;&nbsp;__aeabi_llsl
<LI><a href="#[15d]">&gt;&gt;</a>&nbsp;&nbsp;&nbsp;_double_round
</UL>
<BR>[Called By]<UL><LI><a href="#[65]">&gt;&gt;</a>&nbsp;&nbsp;&nbsp;__aeabi_dmul
<LI><a href="#[160]">&gt;&gt;</a>&nbsp;&nbsp;&nbsp;__aeabi_i2d
<LI><a href="#[159]">&gt;&gt;</a>&nbsp;&nbsp;&nbsp;__aeabi_dadd
</UL>

<P><STRONG><a name="[168]"></a>__ARM_scalbn</STRONG> (Thumb, 46 bytes, Stack size 16 bytes, dscalb.o(.text))
<BR><BR>[Stack]<UL><LI>Max Depth = 16<LI>Call Chain = __ARM_scalbn
</UL>
<BR>[Called By]<UL><LI><a href="#[ae]">&gt;&gt;</a>&nbsp;&nbsp;&nbsp;pow
<LI><a href="#[130]">&gt;&gt;</a>&nbsp;&nbsp;&nbsp;log10
<LI><a href="#[16e]">&gt;&gt;</a>&nbsp;&nbsp;&nbsp;log
<LI><a href="#[16c]">&gt;&gt;</a>&nbsp;&nbsp;&nbsp;__mathlib_dbl_underflow
<LI><a href="#[16b]">&gt;&gt;</a>&nbsp;&nbsp;&nbsp;__mathlib_dbl_overflow
<LI><a href="#[167]">&gt;&gt;</a>&nbsp;&nbsp;&nbsp;__mathlib_dbl_infnan
</UL>

<P><STRONG><a name="[23a]"></a>scalbn</STRONG> (Thumb, 0 bytes, Stack size 16 bytes, dscalb.o(.text), UNUSED)

<P><STRONG><a name="[160]"></a>__aeabi_i2d</STRONG> (Thumb, 34 bytes, Stack size 16 bytes, dflti.o(.text))
<BR><BR>[Stack]<UL><LI>Max Depth = 56<LI>Call Chain = __aeabi_i2d &rArr; _double_epilogue &rArr; _double_round
</UL>
<BR>[Calls]<UL><LI><a href="#[15c]">&gt;&gt;</a>&nbsp;&nbsp;&nbsp;_double_epilogue
</UL>
<BR>[Called By]<UL><LI><a href="#[ae]">&gt;&gt;</a>&nbsp;&nbsp;&nbsp;pow
<LI><a href="#[130]">&gt;&gt;</a>&nbsp;&nbsp;&nbsp;log10
<LI><a href="#[16e]">&gt;&gt;</a>&nbsp;&nbsp;&nbsp;log
</UL>

<P><STRONG><a name="[4b]"></a>__scatterload</STRONG> (Thumb, 28 bytes, Stack size 0 bytes, init.o(.text))
<BR><BR>[Calls]<UL><LI><a href="#[161]">&gt;&gt;</a>&nbsp;&nbsp;&nbsp;__main_after_scatterload
</UL>
<BR>[Called By]<UL><LI><a href="#[4a]">&gt;&gt;</a>&nbsp;&nbsp;&nbsp;_main_scatterload
</UL>

<P><STRONG><a name="[23b]"></a>__scatterload_rt2</STRONG> (Thumb, 0 bytes, Stack size 0 bytes, init.o(.text), UNUSED)

<P><STRONG><a name="[15f]"></a>__aeabi_llsr</STRONG> (Thumb, 32 bytes, Stack size 0 bytes, llushr.o(.text))
<BR><BR>[Called By]<UL><LI><a href="#[162]">&gt;&gt;</a>&nbsp;&nbsp;&nbsp;_dsqrt
<LI><a href="#[15c]">&gt;&gt;</a>&nbsp;&nbsp;&nbsp;_double_epilogue
</UL>

<P><STRONG><a name="[23c]"></a>_ll_ushift_r</STRONG> (Thumb, 0 bytes, Stack size 0 bytes, llushr.o(.text), UNUSED)

<P><STRONG><a name="[162]"></a>_dsqrt</STRONG> (Thumb, 162 bytes, Stack size 32 bytes, dsqrt.o(.text))
<BR><BR>[Stack]<UL><LI>Max Depth = 40<LI>Call Chain = _dsqrt &rArr; _double_round
</UL>
<BR>[Calls]<UL><LI><a href="#[15f]">&gt;&gt;</a>&nbsp;&nbsp;&nbsp;__aeabi_llsr
<LI><a href="#[15d]">&gt;&gt;</a>&nbsp;&nbsp;&nbsp;_double_round
</UL>
<BR>[Called By]<UL><LI><a href="#[171]">&gt;&gt;</a>&nbsp;&nbsp;&nbsp;sqrt
</UL>

<P><STRONG><a name="[23d]"></a>__decompress</STRONG> (Thumb, 0 bytes, Stack size unknown bytes, __dczerorl2.o(.text), UNUSED)

<P><STRONG><a name="[23e]"></a>__decompress1</STRONG> (Thumb, 86 bytes, Stack size unknown bytes, __dczerorl2.o(.text), UNUSED)

<P><STRONG><a name="[163]"></a>__0printf$3</STRONG> (Thumb, 22 bytes, Stack size 24 bytes, printf3.o(i.__0printf$3), UNUSED)
<BR><BR>[Calls]<UL><LI><a href="#[164]">&gt;&gt;</a>&nbsp;&nbsp;&nbsp;_printf_core
</UL>

<P><STRONG><a name="[23f]"></a>__1printf$3</STRONG> (Thumb, 0 bytes, Stack size 24 bytes, printf3.o(i.__0printf$3), UNUSED)

<P><STRONG><a name="[a2]"></a>__2printf</STRONG> (Thumb, 0 bytes, Stack size 24 bytes, printf3.o(i.__0printf$3))
<BR><BR>[Stack]<UL><LI>Max Depth = 24<LI>Call Chain = __2printf
</UL>
<BR>[Called By]<UL><LI><a href="#[125]">&gt;&gt;</a>&nbsp;&nbsp;&nbsp;Time_Display
<LI><a href="#[121]">&gt;&gt;</a>&nbsp;&nbsp;&nbsp;Time_Regulate
<LI><a href="#[a3]">&gt;&gt;</a>&nbsp;&nbsp;&nbsp;CT_ACK_ERRO
<LI><a href="#[a1]">&gt;&gt;</a>&nbsp;&nbsp;&nbsp;CT_ACK_OK
<LI><a href="#[7c]">&gt;&gt;</a>&nbsp;&nbsp;&nbsp;RTC_EXTI_Config
<LI><a href="#[81]">&gt;&gt;</a>&nbsp;&nbsp;&nbsp;COM1_FUNCTION
</UL>

<P><STRONG><a name="[172]"></a>__ARM_fpclassify</STRONG> (Thumb, 40 bytes, Stack size 0 bytes, fpclassify.o(i.__ARM_fpclassify))
<BR><BR>[Called By]<UL><LI><a href="#[ae]">&gt;&gt;</a>&nbsp;&nbsp;&nbsp;pow
</UL>

<P><STRONG><a name="[165]"></a>__kernel_poly</STRONG> (Thumb, 170 bytes, Stack size 24 bytes, poly.o(i.__kernel_poly))
<BR><BR>[Stack]<UL><LI>Max Depth = 112<LI>Call Chain = __kernel_poly &rArr; __aeabi_dmul &rArr; _double_epilogue &rArr; _double_round
</UL>
<BR>[Calls]<UL><LI><a href="#[65]">&gt;&gt;</a>&nbsp;&nbsp;&nbsp;__aeabi_dmul
<LI><a href="#[159]">&gt;&gt;</a>&nbsp;&nbsp;&nbsp;__aeabi_dadd
</UL>
<BR>[Called By]<UL><LI><a href="#[ae]">&gt;&gt;</a>&nbsp;&nbsp;&nbsp;pow
<LI><a href="#[16e]">&gt;&gt;</a>&nbsp;&nbsp;&nbsp;log
</UL>

<P><STRONG><a name="[166]"></a>__mathlib_dbl_divzero</STRONG> (Thumb, 12 bytes, Stack size 0 bytes, dunder.o(i.__mathlib_dbl_divzero))
<BR><BR>[Stack]<UL><LI>Max Depth = 40<LI>Call Chain = __mathlib_dbl_divzero &rArr; __aeabi_ddiv &rArr; _double_round
</UL>
<BR>[Calls]<UL><LI><a href="#[cd]">&gt;&gt;</a>&nbsp;&nbsp;&nbsp;__aeabi_ddiv
</UL>
<BR>[Called By]<UL><LI><a href="#[ae]">&gt;&gt;</a>&nbsp;&nbsp;&nbsp;pow
<LI><a href="#[130]">&gt;&gt;</a>&nbsp;&nbsp;&nbsp;log10
<LI><a href="#[16e]">&gt;&gt;</a>&nbsp;&nbsp;&nbsp;log
</UL>

<P><STRONG><a name="[167]"></a>__mathlib_dbl_infnan</STRONG> (Thumb, 6 bytes, Stack size 0 bytes, dunder.o(i.__mathlib_dbl_infnan))
<BR><BR>[Stack]<UL><LI>Max Depth = 16<LI>Call Chain = __mathlib_dbl_infnan &rArr; __ARM_scalbn
</UL>
<BR>[Calls]<UL><LI><a href="#[168]">&gt;&gt;</a>&nbsp;&nbsp;&nbsp;__ARM_scalbn
</UL>
<BR>[Called By]<UL><LI><a href="#[130]">&gt;&gt;</a>&nbsp;&nbsp;&nbsp;log10
<LI><a href="#[16e]">&gt;&gt;</a>&nbsp;&nbsp;&nbsp;log
</UL>

<P><STRONG><a name="[169]"></a>__mathlib_dbl_infnan2</STRONG> (Thumb, 4 bytes, Stack size 0 bytes, dunder.o(i.__mathlib_dbl_infnan2))
<BR><BR>[Stack]<UL><LI>Max Depth = 88<LI>Call Chain = __mathlib_dbl_infnan2 &rArr; __aeabi_dadd &rArr; _double_epilogue &rArr; _double_round
</UL>
<BR>[Calls]<UL><LI><a href="#[159]">&gt;&gt;</a>&nbsp;&nbsp;&nbsp;__aeabi_dadd
</UL>
<BR>[Called By]<UL><LI><a href="#[ae]">&gt;&gt;</a>&nbsp;&nbsp;&nbsp;pow
</UL>

<P><STRONG><a name="[16a]"></a>__mathlib_dbl_invalid</STRONG> (Thumb, 12 bytes, Stack size 0 bytes, dunder.o(i.__mathlib_dbl_invalid))
<BR><BR>[Stack]<UL><LI>Max Depth = 40<LI>Call Chain = __mathlib_dbl_invalid &rArr; __aeabi_ddiv &rArr; _double_round
</UL>
<BR>[Calls]<UL><LI><a href="#[cd]">&gt;&gt;</a>&nbsp;&nbsp;&nbsp;__aeabi_ddiv
</UL>
<BR>[Called By]<UL><LI><a href="#[ae]">&gt;&gt;</a>&nbsp;&nbsp;&nbsp;pow
<LI><a href="#[130]">&gt;&gt;</a>&nbsp;&nbsp;&nbsp;log10
<LI><a href="#[16e]">&gt;&gt;</a>&nbsp;&nbsp;&nbsp;log
</UL>

<P><STRONG><a name="[16b]"></a>__mathlib_dbl_overflow</STRONG> (Thumb, 14 bytes, Stack size 0 bytes, dunder.o(i.__mathlib_dbl_overflow))
<BR><BR>[Stack]<UL><LI>Max Depth = 16<LI>Call Chain = __mathlib_dbl_overflow &rArr; __ARM_scalbn
</UL>
<BR>[Calls]<UL><LI><a href="#[168]">&gt;&gt;</a>&nbsp;&nbsp;&nbsp;__ARM_scalbn
</UL>
<BR>[Called By]<UL><LI><a href="#[ae]">&gt;&gt;</a>&nbsp;&nbsp;&nbsp;pow
</UL>

<P><STRONG><a name="[16c]"></a>__mathlib_dbl_underflow</STRONG> (Thumb, 10 bytes, Stack size 0 bytes, dunder.o(i.__mathlib_dbl_underflow))
<BR><BR>[Stack]<UL><LI>Max Depth = 16<LI>Call Chain = __mathlib_dbl_underflow &rArr; __ARM_scalbn
</UL>
<BR>[Calls]<UL><LI><a href="#[168]">&gt;&gt;</a>&nbsp;&nbsp;&nbsp;__ARM_scalbn
</UL>
<BR>[Called By]<UL><LI><a href="#[ae]">&gt;&gt;</a>&nbsp;&nbsp;&nbsp;pow
</UL>

<P><STRONG><a name="[240]"></a>__scatterload_copy</STRONG> (Thumb, 14 bytes, Stack size unknown bytes, handlers.o(i.__scatterload_copy), UNUSED)

<P><STRONG><a name="[241]"></a>__scatterload_null</STRONG> (Thumb, 2 bytes, Stack size unknown bytes, handlers.o(i.__scatterload_null), UNUSED)

<P><STRONG><a name="[242]"></a>__scatterload_zeroinit</STRONG> (Thumb, 14 bytes, Stack size unknown bytes, handlers.o(i.__scatterload_zeroinit), UNUSED)

<P><STRONG><a name="[16f]"></a>__set_errno</STRONG> (Thumb, 6 bytes, Stack size 0 bytes, errno.o(i.__set_errno))
<BR><BR>[Called By]<UL><LI><a href="#[ae]">&gt;&gt;</a>&nbsp;&nbsp;&nbsp;pow
<LI><a href="#[130]">&gt;&gt;</a>&nbsp;&nbsp;&nbsp;log10
<LI><a href="#[171]">&gt;&gt;</a>&nbsp;&nbsp;&nbsp;sqrt
<LI><a href="#[16e]">&gt;&gt;</a>&nbsp;&nbsp;&nbsp;log
</UL>

<P><STRONG><a name="[16e]"></a>log</STRONG> (Thumb, 808 bytes, Stack size 96 bytes, log.o(i.log))
<BR><BR>[Stack]<UL><LI>Max Depth = 208<LI>Call Chain = log &rArr; __kernel_poly &rArr; __aeabi_dmul &rArr; _double_epilogue &rArr; _double_round
</UL>
<BR>[Calls]<UL><LI><a href="#[cd]">&gt;&gt;</a>&nbsp;&nbsp;&nbsp;__aeabi_ddiv
<LI><a href="#[63]">&gt;&gt;</a>&nbsp;&nbsp;&nbsp;__aeabi_dsub
<LI><a href="#[65]">&gt;&gt;</a>&nbsp;&nbsp;&nbsp;__aeabi_dmul
<LI><a href="#[15e]">&gt;&gt;</a>&nbsp;&nbsp;&nbsp;__aeabi_drsub
<LI><a href="#[160]">&gt;&gt;</a>&nbsp;&nbsp;&nbsp;__aeabi_i2d
<LI><a href="#[159]">&gt;&gt;</a>&nbsp;&nbsp;&nbsp;__aeabi_dadd
<LI><a href="#[168]">&gt;&gt;</a>&nbsp;&nbsp;&nbsp;__ARM_scalbn
<LI><a href="#[16f]">&gt;&gt;</a>&nbsp;&nbsp;&nbsp;__set_errno
<LI><a href="#[165]">&gt;&gt;</a>&nbsp;&nbsp;&nbsp;__kernel_poly
<LI><a href="#[16a]">&gt;&gt;</a>&nbsp;&nbsp;&nbsp;__mathlib_dbl_invalid
<LI><a href="#[167]">&gt;&gt;</a>&nbsp;&nbsp;&nbsp;__mathlib_dbl_infnan
<LI><a href="#[166]">&gt;&gt;</a>&nbsp;&nbsp;&nbsp;__mathlib_dbl_divzero
<LI><a href="#[170]">&gt;&gt;</a>&nbsp;&nbsp;&nbsp;__aeabi_cdcmpeq
</UL>
<BR>[Called By]<UL><LI><a href="#[130]">&gt;&gt;</a>&nbsp;&nbsp;&nbsp;log10
</UL>

<P><STRONG><a name="[130]"></a>log10</STRONG> (Thumb, 198 bytes, Stack size 24 bytes, log10.o(i.log10))
<BR><BR>[Stack]<UL><LI>Max Depth = 232<LI>Call Chain = log10 &rArr; log &rArr; __kernel_poly &rArr; __aeabi_dmul &rArr; _double_epilogue &rArr; _double_round
</UL>
<BR>[Calls]<UL><LI><a href="#[65]">&gt;&gt;</a>&nbsp;&nbsp;&nbsp;__aeabi_dmul
<LI><a href="#[160]">&gt;&gt;</a>&nbsp;&nbsp;&nbsp;__aeabi_i2d
<LI><a href="#[159]">&gt;&gt;</a>&nbsp;&nbsp;&nbsp;__aeabi_dadd
<LI><a href="#[168]">&gt;&gt;</a>&nbsp;&nbsp;&nbsp;__ARM_scalbn
<LI><a href="#[16f]">&gt;&gt;</a>&nbsp;&nbsp;&nbsp;__set_errno
<LI><a href="#[16e]">&gt;&gt;</a>&nbsp;&nbsp;&nbsp;log
<LI><a href="#[16a]">&gt;&gt;</a>&nbsp;&nbsp;&nbsp;__mathlib_dbl_invalid
<LI><a href="#[167]">&gt;&gt;</a>&nbsp;&nbsp;&nbsp;__mathlib_dbl_infnan
<LI><a href="#[166]">&gt;&gt;</a>&nbsp;&nbsp;&nbsp;__mathlib_dbl_divzero
</UL>
<BR>[Called By]<UL><LI><a href="#[84]">&gt;&gt;</a>&nbsp;&nbsp;&nbsp;OPM_TEST
<LI><a href="#[83]">&gt;&gt;</a>&nbsp;&nbsp;&nbsp;OPM_SET_FUNCTION
</UL>

<P><STRONG><a name="[ae]"></a>pow</STRONG> (Thumb, 2478 bytes, Stack size 112 bytes, pow.o(i.pow))
<BR><BR>[Stack]<UL><LI>Max Depth = 224<LI>Call Chain = pow &rArr; __kernel_poly &rArr; __aeabi_dmul &rArr; _double_epilogue &rArr; _double_round
</UL>
<BR>[Calls]<UL><LI><a href="#[cd]">&gt;&gt;</a>&nbsp;&nbsp;&nbsp;__aeabi_ddiv
<LI><a href="#[63]">&gt;&gt;</a>&nbsp;&nbsp;&nbsp;__aeabi_dsub
<LI><a href="#[65]">&gt;&gt;</a>&nbsp;&nbsp;&nbsp;__aeabi_dmul
<LI><a href="#[58]">&gt;&gt;</a>&nbsp;&nbsp;&nbsp;__aeabi_cdrcmple
<LI><a href="#[15e]">&gt;&gt;</a>&nbsp;&nbsp;&nbsp;__aeabi_drsub
<LI><a href="#[160]">&gt;&gt;</a>&nbsp;&nbsp;&nbsp;__aeabi_i2d
<LI><a href="#[159]">&gt;&gt;</a>&nbsp;&nbsp;&nbsp;__aeabi_dadd
<LI><a href="#[168]">&gt;&gt;</a>&nbsp;&nbsp;&nbsp;__ARM_scalbn
<LI><a href="#[16f]">&gt;&gt;</a>&nbsp;&nbsp;&nbsp;__set_errno
<LI><a href="#[171]">&gt;&gt;</a>&nbsp;&nbsp;&nbsp;sqrt
<LI><a href="#[165]">&gt;&gt;</a>&nbsp;&nbsp;&nbsp;__kernel_poly
<LI><a href="#[172]">&gt;&gt;</a>&nbsp;&nbsp;&nbsp;__ARM_fpclassify
<LI><a href="#[16c]">&gt;&gt;</a>&nbsp;&nbsp;&nbsp;__mathlib_dbl_underflow
<LI><a href="#[16b]">&gt;&gt;</a>&nbsp;&nbsp;&nbsp;__mathlib_dbl_overflow
<LI><a href="#[16a]">&gt;&gt;</a>&nbsp;&nbsp;&nbsp;__mathlib_dbl_invalid
<LI><a href="#[169]">&gt;&gt;</a>&nbsp;&nbsp;&nbsp;__mathlib_dbl_infnan2
<LI><a href="#[166]">&gt;&gt;</a>&nbsp;&nbsp;&nbsp;__mathlib_dbl_divzero
</UL>
<BR>[Called By]<UL><LI><a href="#[82]">&gt;&gt;</a>&nbsp;&nbsp;&nbsp;COM3_RXD_FUNCTION
<LI><a href="#[81]">&gt;&gt;</a>&nbsp;&nbsp;&nbsp;COM1_FUNCTION
</UL>

<P><STRONG><a name="[171]"></a>sqrt</STRONG> (Thumb, 76 bytes, Stack size 24 bytes, sqrt.o(i.sqrt))
<BR><BR>[Stack]<UL><LI>Max Depth = 64<LI>Call Chain = sqrt &rArr; _dsqrt &rArr; _double_round
</UL>
<BR>[Calls]<UL><LI><a href="#[16f]">&gt;&gt;</a>&nbsp;&nbsp;&nbsp;__set_errno
<LI><a href="#[162]">&gt;&gt;</a>&nbsp;&nbsp;&nbsp;_dsqrt
</UL>
<BR>[Called By]<UL><LI><a href="#[ae]">&gt;&gt;</a>&nbsp;&nbsp;&nbsp;pow
</UL>
<P>
<H3>
Local Symbols
</H3>
<P><STRONG><a name="[138]"></a>SetSysClockTo72</STRONG> (Thumb, 214 bytes, Stack size 12 bytes, system_stm32f10x.o(.text))
<BR><BR>[Stack]<UL><LI>Max Depth = 12<LI>Call Chain = SetSysClockTo72
</UL>
<BR>[Called By]<UL><LI><a href="#[137]">&gt;&gt;</a>&nbsp;&nbsp;&nbsp;SetSysClock
</UL>

<P><STRONG><a name="[137]"></a>SetSysClock</STRONG> (Thumb, 8 bytes, Stack size 8 bytes, system_stm32f10x.o(.text))
<BR><BR>[Stack]<UL><LI>Max Depth = 20<LI>Call Chain = SetSysClock &rArr; SetSysClockTo72
</UL>
<BR>[Calls]<UL><LI><a href="#[138]">&gt;&gt;</a>&nbsp;&nbsp;&nbsp;SetSysClockTo72
</UL>
<BR>[Called By]<UL><LI><a href="#[47]">&gt;&gt;</a>&nbsp;&nbsp;&nbsp;SystemInit
</UL>

<P><STRONG><a name="[14e]"></a>TI4_Config</STRONG> (Thumb, 130 bytes, Stack size 20 bytes, stm32f10x_tim.o(.text), UNUSED)
<BR><BR>[Called By]<UL><LI><a href="#[147]">&gt;&gt;</a>&nbsp;&nbsp;&nbsp;TIM_ICInit
</UL>

<P><STRONG><a name="[14c]"></a>TI3_Config</STRONG> (Thumb, 122 bytes, Stack size 20 bytes, stm32f10x_tim.o(.text), UNUSED)
<BR><BR>[Called By]<UL><LI><a href="#[147]">&gt;&gt;</a>&nbsp;&nbsp;&nbsp;TIM_ICInit
</UL>

<P><STRONG><a name="[14a]"></a>TI2_Config</STRONG> (Thumb, 130 bytes, Stack size 20 bytes, stm32f10x_tim.o(.text), UNUSED)
<BR><BR>[Called By]<UL><LI><a href="#[153]">&gt;&gt;</a>&nbsp;&nbsp;&nbsp;TIM_TIxExternalClockConfig
<LI><a href="#[150]">&gt;&gt;</a>&nbsp;&nbsp;&nbsp;TIM_PWMIConfig
<LI><a href="#[147]">&gt;&gt;</a>&nbsp;&nbsp;&nbsp;TIM_ICInit
</UL>

<P><STRONG><a name="[148]"></a>TI1_Config</STRONG> (Thumb, 108 bytes, Stack size 20 bytes, stm32f10x_tim.o(.text), UNUSED)
<BR><BR>[Called By]<UL><LI><a href="#[153]">&gt;&gt;</a>&nbsp;&nbsp;&nbsp;TIM_TIxExternalClockConfig
<LI><a href="#[150]">&gt;&gt;</a>&nbsp;&nbsp;&nbsp;TIM_PWMIConfig
<LI><a href="#[147]">&gt;&gt;</a>&nbsp;&nbsp;&nbsp;TIM_ICInit
</UL>

<P><STRONG><a name="[164]"></a>_printf_core</STRONG> (Thumb, 436 bytes, Stack size 96 bytes, printf3.o(i._printf_core), UNUSED)
<BR><BR>[Calls]<UL><LI><a href="#[16d]">&gt;&gt;</a>&nbsp;&nbsp;&nbsp;__aeabi_uidivmod
</UL>
<BR>[Called By]<UL><LI><a href="#[163]">&gt;&gt;</a>&nbsp;&nbsp;&nbsp;__0printf$3
</UL>
<P>
<H3>
Undefined Global Symbols
</H3><HR></body></html>
