<html>
<body>
<pre>
<h1>µVision Build Log</h1>
<h2>Tool Versions:</h2>
IDE-Version: ¦ÌVision V5.14.0.0
Copyright (C) 2015 ARM Ltd and ARM Germany GmbH. All rights reserved.
License Information: s Microsoft, Microsoft, LIC=3UUHL-0L4J0-JM598-3M98R-70GQE-3INHW
 
Tool Versions:
Toolchain:       MDK-ARM Professional  Version: 5.14.0.0
Toolchain Path:  C:\Keil_v5\ARM\ARMCC\Bin
C Compiler:      Armcc.exe V5.05 update 1 (build 106)
Assembler:       Armasm.exe V5.05 update 1 (build 106)
Linker/Locator:  ArmLink.exe V5.05 update 1 (build 106)
Library Manager: ArmAr.exe V5.05 update 1 (build 106)
Hex Converter:   FromElf.exe V5.05 update 1 (build 106)
CPU DLL:         SARMCM3.DLL V5.14.0.0
Dialog DLL:      DCM.DLL V1.13.1.0
Target DLL:      Segger\JL2CM3.dll V2.99.13.0
Dialog DLL:      TCM.DLL V1.14.4.0
 
<h2>Project:</h2>
D:\SVN\FHO3000-A8-MCU\MINI-OTDR-A8-V1.0£¨2017 06 28£©\MINI-OTDR-A8-V1.0(STM32)\user\project\MINI-OTDR-A8.uvprojx
Project File Date:  03/13/2018

<h2>Output:</h2>
Build target 'MINI-OTDR-A8-STM32'
compiling main.c...
..\src\main.c(500): warning:  #223-D: function "Laser_souce_IO_Init" declared implicitly
          Laser_souce_IO_Init();
..\src\main.c(520): warning:  #223-D: function "Laser_souce_Set" declared implicitly
          Laser_souce_Set(0,0,0);
..\src\main.c: 2 warnings, 0 errors
linking...
Program Size: Code=43300 RO-data=748 RW-data=500 ZI-data=2172  
FromELF: creating hex file...
"..\..\output\FHO3000A-MCU-V1.0" - 0 Error(s), 2 Warning(s).

<h2>Software Packages used:</h2>

Package Vendor: ARM
                http://www.keil.com/pack/ARM.CMSIS.5.2.0.pack
                ARM::CMSIS:CORE:5.0.2
                CMSIS (Cortex Microcontroller Software Interface Standard)
   * Component: CORE Version: 5.0.2

<h2>Collection of Component include folders:</h2>
  D:\SVN\FHO3000-A8-MCU\MINI-OTDR-A8-V1.0£¨2017 06 28£©\MINI-OTDR-A8-V1.0(STM32)\user\project\RTE
  C:\Keil_v5\ARM\PACK\ARM\CMSIS\5.2.0\CMSIS\Include
  C:\Keil_v5\ARM\PACK\Keil\STM32F1xx_DFP\2.2.0

<h2>Collection of Component Files used:</h2>

   * Component: ARM::CMSIS:CORE:5.0.2
</pre>
</body>
</html>
